<html>
<body>
<pre>
<h1>µVision Build Log</h1>
<h2>Project:</h2>
F:\embedded systems\Crossy_CortexM3\board\Experiment.uvproj
Project File Date:  06/08/2015

<h2>Output:</h2>
Build target 'Target 1'
assembling Startup.s...
compiling main.c...
compiling kitronix320x240x16_ssd2119_8bit.c...
compiling set_pinout.c...
compiling touch.c...
compiling SysCtlConfigure.c...
compiling SysTickConfigure.c...
compiling UARTConfigure.c...
compiling GPIODriverConfigure.c...
linking...
Program Size: Code=13084 RO-data=8612 RW-data=1048 ZI-data=2696  
".\rvmdk\Experiment.axf" - 0 Error(s), 0 Warning(s).
Build target 'Target 1'
assembling Startup.s...
compiling main.c...
compiling kitronix320x240x16_ssd2119_8bit.c...
compiling set_pinout.c...
compiling touch.c...
compiling SysCtlConfigure.c...
compiling SysTickConfigure.c...
compiling UARTConfigure.c...
compiling GPIODriverConfigure.c...
linking...
Program Size: Code=13052 RO-data=8612 RW-data=1048 ZI-data=2696  
".\rvmdk\Experiment.axf" - 0 Error(s), 0 Warning(s).
Load "F:\\embedded systems\\Crossy_CortexM3\\board\\rvmdk\\Experiment.AXF" 
Connecting: Mode=JTAG, Speed=1000000Hz
Full Chip Erase Done.
Erase Done.
Programming Done.
Verify OK.
