<!doctype html public "-//w3c//dtd html 4.0 transitional//en">
<html><head>
<title>Static Call Graph - [.\rvmdk\Experiment.axf]</title></head>
<body><HR>
<H1>Static Call Graph for image .\rvmdk\Experiment.axf</H1><HR>
<BR><P>#&#060CALLGRAPH&#062# ARM Linker, 4.1 [Build 644]: Last Updated: Fri Jun 12 14:30:59 2015
<BR><P>
<H3>Maximum Stack Usage =        304 bytes + Unknown(Functions without stacksize, Cycles, Untraceable Function Pointers)</H3><H3>
Call chain for Maximum Stack Depth:</H3>
RectangularButtonMsgProc &rArr; RectangularButtonPaint &rArr; GrImageDraw &rArr; InternalImageDraw &rArr; PixelTransparentDraw
<P>
<H3>
Functions with no stack information
</H3><UL>
 <LI><a href="#[23]">Reset_Handler</a>
 <LI><a href="#[10]">NmiSR</a>
 <LI><a href="#[11]">FaultISR</a>
 <LI><a href="#[12]">IntDefaultHandler</a>
</UL>
</UL>
<P>
<H3>
Mutually Recursive functions
</H3> <LI><a href="#[56]">UARTCharPut</a>&nbsp;&nbsp;&nbsp;&rArr;&nbsp;&nbsp;&nbsp;<a href="#[56]">UARTCharPut</a><BR>
 <LI><a href="#[57]">UARTCharGet</a>&nbsp;&nbsp;&nbsp;&rArr;&nbsp;&nbsp;&nbsp;<a href="#[57]">UARTCharGet</a><BR>
 <LI><a href="#[53]">UARTDisable</a>&nbsp;&nbsp;&nbsp;&rArr;&nbsp;&nbsp;&nbsp;<a href="#[53]">UARTDisable</a><BR>
 <LI><a href="#[54]">UARTConfigSetExpClk</a>&nbsp;&nbsp;&nbsp;&rArr;&nbsp;&nbsp;&nbsp;<a href="#[54]">UARTConfigSetExpClk</a><BR>
 <LI><a href="#[27]">SysCtlDelay</a>&nbsp;&nbsp;&nbsp;&rArr;&nbsp;&nbsp;&nbsp;<a href="#[27]">SysCtlDelay</a><BR>
 <LI><a href="#[10]">NmiSR</a>&nbsp;&nbsp;&nbsp;&rArr;&nbsp;&nbsp;&nbsp;<a href="#[10]">NmiSR</a><BR>
 <LI><a href="#[11]">FaultISR</a>&nbsp;&nbsp;&nbsp;&rArr;&nbsp;&nbsp;&nbsp;<a href="#[11]">FaultISR</a><BR>
 <LI><a href="#[12]">IntDefaultHandler</a>&nbsp;&nbsp;&nbsp;&rArr;&nbsp;&nbsp;&nbsp;<a href="#[12]">IntDefaultHandler</a><BR>
</UL>
<P>
<H3>
Function Pointers
</H3><UL>
 <LI><a href="#[0]">CanvasMsgProc</a> from canvas.o(i.CanvasMsgProc) referenced 20 times from main.o(.data)
 <LI><a href="#[8]">ContainerMsgProc</a> from container.o(i.ContainerMsgProc) referenced 2 times from main.o(.data)
 <LI><a href="#[11]">FaultISR</a> from startup.o(RESET) referenced from startup.o(RESET)
 <LI><a href="#[1a]">GrDefaultStringRenderer</a> from string.o(i.GrDefaultStringRenderer) referenced from context.o(i.GrContextInit)
 <LI><a href="#[22]">GrMapISO8859_1_Unicode</a> from charmap.o(i.GrMapISO8859_1_Unicode) referenced 2 times from context.o(.constdata)
 <LI><a href="#[12]">IntDefaultHandler</a> from startup.o(RESET) referenced 54 times from startup.o(RESET)
 <LI><a href="#[20]">Kitronix320x240x16_SSD2119ColorTranslate</a> from kitronix320x240x16_ssd2119_8bit.o(.text) referenced from kitronix320x240x16_ssd2119_8bit.o(.constdata)
 <LI><a href="#[21]">Kitronix320x240x16_SSD2119Flush</a> from kitronix320x240x16_ssd2119_8bit.o(.text) referenced from kitronix320x240x16_ssd2119_8bit.o(.constdata)
 <LI><a href="#[1d]">Kitronix320x240x16_SSD2119LineDrawH</a> from kitronix320x240x16_ssd2119_8bit.o(.text) referenced from kitronix320x240x16_ssd2119_8bit.o(.constdata)
 <LI><a href="#[1e]">Kitronix320x240x16_SSD2119LineDrawV</a> from kitronix320x240x16_ssd2119_8bit.o(.text) referenced from kitronix320x240x16_ssd2119_8bit.o(.constdata)
 <LI><a href="#[1b]">Kitronix320x240x16_SSD2119PixelDraw</a> from kitronix320x240x16_ssd2119_8bit.o(.text) referenced from kitronix320x240x16_ssd2119_8bit.o(.constdata)
 <LI><a href="#[1c]">Kitronix320x240x16_SSD2119PixelDrawMultiple</a> from kitronix320x240x16_ssd2119_8bit.o(.text) referenced from kitronix320x240x16_ssd2119_8bit.o(.constdata)
 <LI><a href="#[1f]">Kitronix320x240x16_SSD2119RectFill</a> from kitronix320x240x16_ssd2119_8bit.o(.text) referenced from kitronix320x240x16_ssd2119_8bit.o(.constdata)
 <LI><a href="#[10]">NmiSR</a> from startup.o(RESET) referenced from startup.o(RESET)
 <LI><a href="#[6]">RadioButtonMsgProc</a> from radiobutton.o(i.RadioButtonMsgProc) referenced 8 times from main.o(.data)
 <LI><a href="#[6]">RadioButtonMsgProc</a> from radiobutton.o(i.RadioButtonMsgProc) referenced from radiobutton.o(i.RadioButtonClick)
 <LI><a href="#[1]">RectangularButtonMsgProc</a> from pushbutton.o(i.RectangularButtonMsgProc) referenced 14 times from main.o(.data)
 <LI><a href="#[23]">Reset_Handler</a> from startup.o(RESET) referenced from startup.o(RESET)
 <LI><a href="#[13]">TouchScreenIntHandler</a> from touch.o(.text) referenced from startup.o(RESET)
 <LI><a href="#[e]">WidgetDefaultMsgProc</a> from widget.o(i.WidgetDefaultMsgProc) referenced 2 times from widget.o(.data)
 <LI><a href="#[15]">WidgetPointerMessage</a> from widget.o(i.WidgetPointerMessage) referenced from main.o(.text)
 <LI><a href="#[17]">WriteCommandEPI</a> from kitronix320x240x16_ssd2119_8bit.o(.text) referenced from kitronix320x240x16_ssd2119_8bit.o(.text)
 <LI><a href="#[19]">WriteCommandFPGA</a> from kitronix320x240x16_ssd2119_8bit.o(.text) referenced from kitronix320x240x16_ssd2119_8bit.o(.text)
 <LI><a href="#[d]">WriteCommandGPIO</a> from kitronix320x240x16_ssd2119_8bit.o(.text) referenced 2 times from kitronix320x240x16_ssd2119_8bit.o(.data)
 <LI><a href="#[16]">WriteDataEPI</a> from kitronix320x240x16_ssd2119_8bit.o(.text) referenced from kitronix320x240x16_ssd2119_8bit.o(.text)
 <LI><a href="#[18]">WriteDataFPGA</a> from kitronix320x240x16_ssd2119_8bit.o(.text) referenced from kitronix320x240x16_ssd2119_8bit.o(.text)
 <LI><a href="#[c]">WriteDataGPIO</a> from kitronix320x240x16_ssd2119_8bit.o(.text) referenced 2 times from kitronix320x240x16_ssd2119_8bit.o(.data)
 <LI><a href="#[3]">booksQueryButtonClick</a> from main.o(.text) referenced 2 times from main.o(.data)
 <LI><a href="#[4]">busQueryButtonClick</a> from main.o(.text) referenced 2 times from main.o(.data)
 <LI><a href="#[5]">ecardQueryButtonClick</a> from main.o(.text) referenced 2 times from main.o(.data)
 <LI><a href="#[14]">main</a> from main.o(.text) referenced from entry7.o(.ARM.Collect$$$$00000007)
 <LI><a href="#[b]">schoolBusPicture</a> from main.o(.text) referenced 2 times from main.o(.data)
 <LI><a href="#[2]">scoreQueryButtonClick</a> from main.o(.text) referenced 2 times from main.o(.data)
 <LI><a href="#[7]">semesterChoose</a> from main.o(.text) referenced 8 times from main.o(.data)
 <LI><a href="#[9]">showBooksData</a> from main.o(.text) referenced 2 times from main.o(.data)
 <LI><a href="#[a]">showMinhang2xuhui</a> from main.o(.text) referenced 2 times from main.o(.data)
</UL>
<P>
<H3>
Global Symbols
</H3>
<P><STRONG><a name="[23]"></a>Reset_Handler</STRONG> (Thumb, 0 bytes, Stack size unknown bytes, startup.o(RESET))
<BR><BR>[Calls]<UL><LI><a href="#[24]">&gt;&gt;</a>&nbsp;&nbsp;&nbsp;__main
</UL>

<P><STRONG><a name="[24]"></a>__main</STRONG> (Thumb, 0 bytes, Stack size unknown bytes, entry.o(.ARM.Collect$$$$00000000))
<BR><BR>[Called By]<UL><LI><a href="#[23]">&gt;&gt;</a>&nbsp;&nbsp;&nbsp;Reset_Handler
</UL>

<P><STRONG><a name="[77]"></a>_main_stk</STRONG> (Thumb, 0 bytes, Stack size unknown bytes, entry2.o(.ARM.Collect$$$$00000001))

<P><STRONG><a name="[25]"></a>_main_scatterload</STRONG> (Thumb, 0 bytes, Stack size unknown bytes, entry5.o(.ARM.Collect$$$$00000004))
<BR><BR>[Calls]<UL><LI><a href="#[26]">&gt;&gt;</a>&nbsp;&nbsp;&nbsp;__scatterload
</UL>

<P><STRONG><a name="[5f]"></a>__main_after_scatterload</STRONG> (Thumb, 0 bytes, Stack size unknown bytes, entry5.o(.ARM.Collect$$$$00000004))
<BR><BR>[Called By]<UL><LI><a href="#[26]">&gt;&gt;</a>&nbsp;&nbsp;&nbsp;__scatterload
</UL>

<P><STRONG><a name="[78]"></a>_main_init</STRONG> (Thumb, 0 bytes, Stack size unknown bytes, entry7.o(.ARM.Collect$$$$00000007))

<P><STRONG><a name="[75]"></a>WidgetMutexGet</STRONG> (Thumb, 20 bytes, Stack size 0 bytes, widget.o(.emb_text))
<BR><BR>[Called By]<UL><LI><a href="#[34]">&gt;&gt;</a>&nbsp;&nbsp;&nbsp;WidgetMessageQueueAdd
</UL>

<P><STRONG><a name="[27]"></a>SysCtlDelay</STRONG> (Thumb, 6 bytes, Stack size 0 bytes, sysctl.o(.emb_text))
<BR><BR>[Calls]<UL><LI><a href="#[27]">&gt;&gt;</a>&nbsp;&nbsp;&nbsp;SysCtlDelay
</UL>
<BR>[Called By]<UL><LI><a href="#[4e]">&gt;&gt;</a>&nbsp;&nbsp;&nbsp;SysCtlClockSet
<LI><a href="#[49]">&gt;&gt;</a>&nbsp;&nbsp;&nbsp;DaughterBoardTypeGet
<LI><a href="#[3e]">&gt;&gt;</a>&nbsp;&nbsp;&nbsp;EEPROMReadPolled
<LI><a href="#[3d]">&gt;&gt;</a>&nbsp;&nbsp;&nbsp;InitGPIOLCDInterface
<LI><a href="#[19]">&gt;&gt;</a>&nbsp;&nbsp;&nbsp;WriteCommandFPGA
<LI><a href="#[18]">&gt;&gt;</a>&nbsp;&nbsp;&nbsp;WriteDataFPGA
<LI><a href="#[27]">&gt;&gt;</a>&nbsp;&nbsp;&nbsp;SysCtlDelay
<LI><a href="#[29]">&gt;&gt;</a>&nbsp;&nbsp;&nbsp;PinoutSet
<LI><a href="#[2c]">&gt;&gt;</a>&nbsp;&nbsp;&nbsp;Kitronix320x240x16_SSD2119Init
<LI><a href="#[28]">&gt;&gt;</a>&nbsp;&nbsp;&nbsp;graphicInit
</UL>

<P><STRONG><a name="[28]"></a>graphicInit</STRONG> (Thumb, 76 bytes, Stack size 8 bytes, main.o(.text))
<BR><BR>[Stack]<UL><LI>Max Depth = 120<LI>Call Chain = graphicInit &rArr; PinoutSet &rArr; EPIPinConfigSet &rArr; HB8ConfigGet
</UL>
<BR>[Calls]<UL><LI><a href="#[2b]">&gt;&gt;</a>&nbsp;&nbsp;&nbsp;uDMAEnable
<LI><a href="#[2a]">&gt;&gt;</a>&nbsp;&nbsp;&nbsp;uDMAControlBaseSet
<LI><a href="#[2e]">&gt;&gt;</a>&nbsp;&nbsp;&nbsp;TouchScreenInit
<LI><a href="#[2f]">&gt;&gt;</a>&nbsp;&nbsp;&nbsp;TouchScreenCallbackSet
<LI><a href="#[27]">&gt;&gt;</a>&nbsp;&nbsp;&nbsp;SysCtlDelay
<LI><a href="#[29]">&gt;&gt;</a>&nbsp;&nbsp;&nbsp;PinoutSet
<LI><a href="#[2c]">&gt;&gt;</a>&nbsp;&nbsp;&nbsp;Kitronix320x240x16_SSD2119Init
<LI><a href="#[2d]">&gt;&gt;</a>&nbsp;&nbsp;&nbsp;GrContextInit
</UL>
<BR>[Called By]<UL><LI><a href="#[14]">&gt;&gt;</a>&nbsp;&nbsp;&nbsp;main
</UL>

<P><STRONG><a name="[2]"></a>scoreQueryButtonClick</STRONG> (Thumb, 168 bytes, Stack size 16 bytes, main.o(.text))
<BR><BR>[Stack]<UL><LI>Max Depth = 56<LI>Call Chain = scoreQueryButtonClick &rArr; WidgetMessageQueueAdd
</UL>
<BR>[Calls]<UL><LI><a href="#[32]">&gt;&gt;</a>&nbsp;&nbsp;&nbsp;WidgetRemove
<LI><a href="#[34]">&gt;&gt;</a>&nbsp;&nbsp;&nbsp;WidgetMessageQueueAdd
<LI><a href="#[31]">&gt;&gt;</a>&nbsp;&nbsp;&nbsp;WidgetAdd
<LI><a href="#[30]">&gt;&gt;</a>&nbsp;&nbsp;&nbsp;UARTStringPut
<LI><a href="#[33]">&gt;&gt;</a>&nbsp;&nbsp;&nbsp;UARTStringGet
</UL>
<BR>[Address Reference Count : 1]<UL><LI> main.o(.data)
</UL>
<P><STRONG><a name="[7]"></a>semesterChoose</STRONG> (Thumb, 520 bytes, Stack size 80 bytes, main.o(.text))
<BR><BR>[Stack]<UL><LI>Max Depth = 96<LI>Call Chain = semesterChoose &rArr; UARTStringPut
</UL>
<BR>[Calls]<UL><LI><a href="#[30]">&gt;&gt;</a>&nbsp;&nbsp;&nbsp;UARTStringPut
<LI><a href="#[33]">&gt;&gt;</a>&nbsp;&nbsp;&nbsp;UARTStringGet
<LI><a href="#[36]">&gt;&gt;</a>&nbsp;&nbsp;&nbsp;GrStringDraw
<LI><a href="#[2d]">&gt;&gt;</a>&nbsp;&nbsp;&nbsp;GrContextInit
<LI><a href="#[35]">&gt;&gt;</a>&nbsp;&nbsp;&nbsp;GrContextFontSet
</UL>
<BR>[Address Reference Count : 1]<UL><LI> main.o(.data)
</UL>
<P><STRONG><a name="[3]"></a>booksQueryButtonClick</STRONG> (Thumb, 100 bytes, Stack size 16 bytes, main.o(.text))
<BR><BR>[Stack]<UL><LI>Max Depth = 56<LI>Call Chain = booksQueryButtonClick &rArr; WidgetMessageQueueAdd
</UL>
<BR>[Calls]<UL><LI><a href="#[32]">&gt;&gt;</a>&nbsp;&nbsp;&nbsp;WidgetRemove
<LI><a href="#[34]">&gt;&gt;</a>&nbsp;&nbsp;&nbsp;WidgetMessageQueueAdd
<LI><a href="#[31]">&gt;&gt;</a>&nbsp;&nbsp;&nbsp;WidgetAdd
<LI><a href="#[30]">&gt;&gt;</a>&nbsp;&nbsp;&nbsp;UARTStringPut
</UL>
<BR>[Address Reference Count : 1]<UL><LI> main.o(.data)
</UL>
<P><STRONG><a name="[9]"></a>showBooksData</STRONG> (Thumb, 102 bytes, Stack size 64 bytes, main.o(.text))
<BR><BR>[Stack]<UL><LI>Max Depth = 80<LI>Call Chain = showBooksData &rArr; UARTStringPut
</UL>
<BR>[Calls]<UL><LI><a href="#[30]">&gt;&gt;</a>&nbsp;&nbsp;&nbsp;UARTStringPut
<LI><a href="#[33]">&gt;&gt;</a>&nbsp;&nbsp;&nbsp;UARTStringGet
<LI><a href="#[36]">&gt;&gt;</a>&nbsp;&nbsp;&nbsp;GrStringDraw
<LI><a href="#[2d]">&gt;&gt;</a>&nbsp;&nbsp;&nbsp;GrContextInit
<LI><a href="#[35]">&gt;&gt;</a>&nbsp;&nbsp;&nbsp;GrContextFontSet
</UL>
<BR>[Address Reference Count : 1]<UL><LI> main.o(.data)
</UL>
<P><STRONG><a name="[4]"></a>busQueryButtonClick</STRONG> (Thumb, 248 bytes, Stack size 16 bytes, main.o(.text))
<BR><BR>[Stack]<UL><LI>Max Depth = 56<LI>Call Chain = busQueryButtonClick &rArr; WidgetMessageQueueAdd
</UL>
<BR>[Calls]<UL><LI><a href="#[32]">&gt;&gt;</a>&nbsp;&nbsp;&nbsp;WidgetRemove
<LI><a href="#[34]">&gt;&gt;</a>&nbsp;&nbsp;&nbsp;WidgetMessageQueueAdd
<LI><a href="#[31]">&gt;&gt;</a>&nbsp;&nbsp;&nbsp;WidgetAdd
<LI><a href="#[30]">&gt;&gt;</a>&nbsp;&nbsp;&nbsp;UARTStringPut
</UL>
<BR>[Address Reference Count : 1]<UL><LI> main.o(.data)
</UL>
<P><STRONG><a name="[a]"></a>showMinhang2xuhui</STRONG> (Thumb, 166 bytes, Stack size 64 bytes, main.o(.text))
<BR><BR>[Stack]<UL><LI>Max Depth = 80<LI>Call Chain = showMinhang2xuhui &rArr; UARTStringPut
</UL>
<BR>[Calls]<UL><LI><a href="#[30]">&gt;&gt;</a>&nbsp;&nbsp;&nbsp;UARTStringPut
<LI><a href="#[36]">&gt;&gt;</a>&nbsp;&nbsp;&nbsp;GrStringDraw
<LI><a href="#[2d]">&gt;&gt;</a>&nbsp;&nbsp;&nbsp;GrContextInit
<LI><a href="#[35]">&gt;&gt;</a>&nbsp;&nbsp;&nbsp;GrContextFontSet
</UL>
<BR>[Address Reference Count : 1]<UL><LI> main.o(.data)
</UL>
<P><STRONG><a name="[b]"></a>schoolBusPicture</STRONG> (Thumb, 44 bytes, Stack size 48 bytes, main.o(.text))
<BR><BR>[Stack]<UL><LI>Max Depth = 248<LI>Call Chain = schoolBusPicture &rArr; GrImageDraw &rArr; InternalImageDraw &rArr; PixelTransparentDraw
</UL>
<BR>[Calls]<UL><LI><a href="#[30]">&gt;&gt;</a>&nbsp;&nbsp;&nbsp;UARTStringPut
<LI><a href="#[37]">&gt;&gt;</a>&nbsp;&nbsp;&nbsp;GrImageDraw
<LI><a href="#[2d]">&gt;&gt;</a>&nbsp;&nbsp;&nbsp;GrContextInit
</UL>
<BR>[Address Reference Count : 1]<UL><LI> main.o(.data)
</UL>
<P><STRONG><a name="[5]"></a>ecardQueryButtonClick</STRONG> (Thumb, 100 bytes, Stack size 16 bytes, main.o(.text))
<BR><BR>[Stack]<UL><LI>Max Depth = 56<LI>Call Chain = ecardQueryButtonClick &rArr; WidgetMessageQueueAdd
</UL>
<BR>[Calls]<UL><LI><a href="#[32]">&gt;&gt;</a>&nbsp;&nbsp;&nbsp;WidgetRemove
<LI><a href="#[34]">&gt;&gt;</a>&nbsp;&nbsp;&nbsp;WidgetMessageQueueAdd
<LI><a href="#[31]">&gt;&gt;</a>&nbsp;&nbsp;&nbsp;WidgetAdd
<LI><a href="#[30]">&gt;&gt;</a>&nbsp;&nbsp;&nbsp;UARTStringPut
<LI><a href="#[33]">&gt;&gt;</a>&nbsp;&nbsp;&nbsp;UARTStringGet
</UL>
<BR>[Address Reference Count : 1]<UL><LI> main.o(.data)
</UL>
<P><STRONG><a name="[14]"></a>main</STRONG> (Thumb, 102 bytes, Stack size 16 bytes, main.o(.text))
<BR><BR>[Stack]<UL><LI>Max Depth = 136<LI>Call Chain = main &rArr; graphicInit &rArr; PinoutSet &rArr; EPIPinConfigSet &rArr; HB8ConfigGet
</UL>
<BR>[Calls]<UL><LI><a href="#[3c]">&gt;&gt;</a>&nbsp;&nbsp;&nbsp;WidgetMessageQueueProcess
<LI><a href="#[34]">&gt;&gt;</a>&nbsp;&nbsp;&nbsp;WidgetMessageQueueAdd
<LI><a href="#[31]">&gt;&gt;</a>&nbsp;&nbsp;&nbsp;WidgetAdd
<LI><a href="#[30]">&gt;&gt;</a>&nbsp;&nbsp;&nbsp;UARTStringPut
<LI><a href="#[3b]">&gt;&gt;</a>&nbsp;&nbsp;&nbsp;UART0Initial
<LI><a href="#[3a]">&gt;&gt;</a>&nbsp;&nbsp;&nbsp;SysTickInitial
<LI><a href="#[39]">&gt;&gt;</a>&nbsp;&nbsp;&nbsp;GPIOInitial
<LI><a href="#[38]">&gt;&gt;</a>&nbsp;&nbsp;&nbsp;ClockInitial
<LI><a href="#[28]">&gt;&gt;</a>&nbsp;&nbsp;&nbsp;graphicInit
</UL>
<BR>[Address Reference Count : 1]<UL><LI> entry7.o(.ARM.Collect$$$$00000007)
</UL>
<P><STRONG><a name="[2c]"></a>Kitronix320x240x16_SSD2119Init</STRONG> (Thumb, 562 bytes, Stack size 24 bytes, kitronix320x240x16_ssd2119_8bit.o(.text))
<BR><BR>[Stack]<UL><LI>Max Depth = 56<LI>Call Chain = Kitronix320x240x16_SSD2119Init &rArr; InitGPIOLCDInterface
</UL>
<BR>[Calls]<UL><LI><a href="#[3d]">&gt;&gt;</a>&nbsp;&nbsp;&nbsp;InitGPIOLCDInterface
<LI><a href="#[27]">&gt;&gt;</a>&nbsp;&nbsp;&nbsp;SysCtlDelay
</UL>
<BR>[Called By]<UL><LI><a href="#[28]">&gt;&gt;</a>&nbsp;&nbsp;&nbsp;graphicInit
</UL>

<P><STRONG><a name="[29]"></a>PinoutSet</STRONG> (Thumb, 204 bytes, Stack size 56 bytes, set_pinout.o(.text))
<BR><BR>[Stack]<UL><LI>Max Depth = 112<LI>Call Chain = PinoutSet &rArr; EPIPinConfigSet &rArr; HB8ConfigGet
</UL>
<BR>[Calls]<UL><LI><a href="#[4a]">&gt;&gt;</a>&nbsp;&nbsp;&nbsp;PortControlSet
<LI><a href="#[49]">&gt;&gt;</a>&nbsp;&nbsp;&nbsp;DaughterBoardTypeGet
<LI><a href="#[40]">&gt;&gt;</a>&nbsp;&nbsp;&nbsp;EPIPinConfigSet
<LI><a href="#[27]">&gt;&gt;</a>&nbsp;&nbsp;&nbsp;SysCtlDelay
</UL>
<BR>[Called By]<UL><LI><a href="#[28]">&gt;&gt;</a>&nbsp;&nbsp;&nbsp;graphicInit
</UL>

<P><STRONG><a name="[13]"></a>TouchScreenIntHandler</STRONG> (Thumb, 358 bytes, Stack size 32 bytes, touch.o(.text))
<BR><BR>[Stack]<UL><LI>Max Depth = 64<LI>Call Chain = TouchScreenIntHandler &rArr; TouchScreenDebouncer
</UL>
<BR>[Calls]<UL><LI><a href="#[4c]">&gt;&gt;</a>&nbsp;&nbsp;&nbsp;TouchScreenDebouncer
</UL>
<BR>[Address Reference Count : 1]<UL><LI> startup.o(RESET)
</UL>
<P><STRONG><a name="[2e]"></a>TouchScreenInit</STRONG> (Thumb, 314 bytes, Stack size 24 bytes, touch.o(.text))
<BR><BR>[Stack]<UL><LI>Max Depth = 24<LI>Call Chain = TouchScreenInit
</UL>
<BR>[Called By]<UL><LI><a href="#[28]">&gt;&gt;</a>&nbsp;&nbsp;&nbsp;graphicInit
</UL>

<P><STRONG><a name="[2f]"></a>TouchScreenCallbackSet</STRONG> (Thumb, 6 bytes, Stack size 0 bytes, touch.o(.text))
<BR><BR>[Called By]<UL><LI><a href="#[28]">&gt;&gt;</a>&nbsp;&nbsp;&nbsp;graphicInit
</UL>

<P><STRONG><a name="[38]"></a>ClockInitial</STRONG> (Thumb, 24 bytes, Stack size 8 bytes, sysctlconfigure.o(.text))
<BR><BR>[Stack]<UL><LI>Max Depth = 32<LI>Call Chain = ClockInitial &rArr; SysCtlClockSet
</UL>
<BR>[Calls]<UL><LI><a href="#[4d]">&gt;&gt;</a>&nbsp;&nbsp;&nbsp;SysCtlLDOSet
<LI><a href="#[4e]">&gt;&gt;</a>&nbsp;&nbsp;&nbsp;SysCtlClockSet
<LI><a href="#[4f]">&gt;&gt;</a>&nbsp;&nbsp;&nbsp;SysCtlClockGet
</UL>
<BR>[Called By]<UL><LI><a href="#[14]">&gt;&gt;</a>&nbsp;&nbsp;&nbsp;main
</UL>

<P><STRONG><a name="[3a]"></a>SysTickInitial</STRONG> (Thumb, 18 bytes, Stack size 8 bytes, systickconfigure.o(.text))
<BR><BR>[Stack]<UL><LI>Max Depth = 8<LI>Call Chain = SysTickInitial
</UL>
<BR>[Calls]<UL><LI><a href="#[50]">&gt;&gt;</a>&nbsp;&nbsp;&nbsp;SysTickPeriodSet
<LI><a href="#[51]">&gt;&gt;</a>&nbsp;&nbsp;&nbsp;SysTickIntEnable
</UL>
<BR>[Called By]<UL><LI><a href="#[14]">&gt;&gt;</a>&nbsp;&nbsp;&nbsp;main
</UL>

<P><STRONG><a name="[3b]"></a>UART0Initial</STRONG> (Thumb, 44 bytes, Stack size 8 bytes, uartconfigure.o(.text))
<BR><BR>[Stack]<UL><LI>Max Depth = 16<LI>Call Chain = UART0Initial &rArr; SysCtlClockGet
</UL>
<BR>[Calls]<UL><LI><a href="#[55]">&gt;&gt;</a>&nbsp;&nbsp;&nbsp;UARTEnable
<LI><a href="#[53]">&gt;&gt;</a>&nbsp;&nbsp;&nbsp;UARTDisable
<LI><a href="#[54]">&gt;&gt;</a>&nbsp;&nbsp;&nbsp;UARTConfigSetExpClk
<LI><a href="#[52]">&gt;&gt;</a>&nbsp;&nbsp;&nbsp;SysCtlPeripheralEnable
<LI><a href="#[4f]">&gt;&gt;</a>&nbsp;&nbsp;&nbsp;SysCtlClockGet
</UL>
<BR>[Called By]<UL><LI><a href="#[14]">&gt;&gt;</a>&nbsp;&nbsp;&nbsp;main
</UL>

<P><STRONG><a name="[30]"></a>UARTStringPut</STRONG> (Thumb, 24 bytes, Stack size 16 bytes, uartconfigure.o(.text))
<BR><BR>[Stack]<UL><LI>Max Depth = 16<LI>Call Chain = UARTStringPut
</UL>
<BR>[Calls]<UL><LI><a href="#[56]">&gt;&gt;</a>&nbsp;&nbsp;&nbsp;UARTCharPut
</UL>
<BR>[Called By]<UL><LI><a href="#[14]">&gt;&gt;</a>&nbsp;&nbsp;&nbsp;main
<LI><a href="#[5]">&gt;&gt;</a>&nbsp;&nbsp;&nbsp;ecardQueryButtonClick
<LI><a href="#[b]">&gt;&gt;</a>&nbsp;&nbsp;&nbsp;schoolBusPicture
<LI><a href="#[a]">&gt;&gt;</a>&nbsp;&nbsp;&nbsp;showMinhang2xuhui
<LI><a href="#[4]">&gt;&gt;</a>&nbsp;&nbsp;&nbsp;busQueryButtonClick
<LI><a href="#[9]">&gt;&gt;</a>&nbsp;&nbsp;&nbsp;showBooksData
<LI><a href="#[3]">&gt;&gt;</a>&nbsp;&nbsp;&nbsp;booksQueryButtonClick
<LI><a href="#[7]">&gt;&gt;</a>&nbsp;&nbsp;&nbsp;semesterChoose
<LI><a href="#[2]">&gt;&gt;</a>&nbsp;&nbsp;&nbsp;scoreQueryButtonClick
</UL>

<P><STRONG><a name="[33]"></a>UARTStringGet</STRONG> (Thumb, 32 bytes, Stack size 16 bytes, uartconfigure.o(.text))
<BR><BR>[Stack]<UL><LI>Max Depth = 16<LI>Call Chain = UARTStringGet
</UL>
<BR>[Calls]<UL><LI><a href="#[57]">&gt;&gt;</a>&nbsp;&nbsp;&nbsp;UARTCharGet
</UL>
<BR>[Called By]<UL><LI><a href="#[5]">&gt;&gt;</a>&nbsp;&nbsp;&nbsp;ecardQueryButtonClick
<LI><a href="#[9]">&gt;&gt;</a>&nbsp;&nbsp;&nbsp;showBooksData
<LI><a href="#[7]">&gt;&gt;</a>&nbsp;&nbsp;&nbsp;semesterChoose
<LI><a href="#[2]">&gt;&gt;</a>&nbsp;&nbsp;&nbsp;scoreQueryButtonClick
</UL>

<P><STRONG><a name="[59]"></a>LEDOff</STRONG> (Thumb, 26 bytes, Stack size 0 bytes, gpiodriverconfigure.o(.text))
<BR><BR>[Called By]<UL><LI><a href="#[39]">&gt;&gt;</a>&nbsp;&nbsp;&nbsp;GPIOInitial
</UL>

<P><STRONG><a name="[39]"></a>GPIOInitial</STRONG> (Thumb, 230 bytes, Stack size 16 bytes, gpiodriverconfigure.o(.text))
<BR><BR>[Stack]<UL><LI>Max Depth = 28<LI>Call Chain = GPIOInitial &rArr; GPIOPinTypeUART
</UL>
<BR>[Calls]<UL><LI><a href="#[5e]">&gt;&gt;</a>&nbsp;&nbsp;&nbsp;IntEnable
<LI><a href="#[5b]">&gt;&gt;</a>&nbsp;&nbsp;&nbsp;GPIOPinTypeUART
<LI><a href="#[58]">&gt;&gt;</a>&nbsp;&nbsp;&nbsp;GPIOPinTypeGPIOOutput
<LI><a href="#[5a]">&gt;&gt;</a>&nbsp;&nbsp;&nbsp;GPIOPinTypeGPIOInput
<LI><a href="#[5d]">&gt;&gt;</a>&nbsp;&nbsp;&nbsp;GPIOPinIntEnable
<LI><a href="#[5c]">&gt;&gt;</a>&nbsp;&nbsp;&nbsp;GPIOIntTypeSet
<LI><a href="#[59]">&gt;&gt;</a>&nbsp;&nbsp;&nbsp;LEDOff
<LI><a href="#[52]">&gt;&gt;</a>&nbsp;&nbsp;&nbsp;SysCtlPeripheralEnable
<LI><a href="#[4b]">&gt;&gt;</a>&nbsp;&nbsp;&nbsp;GPIOPinConfigure
</UL>
<BR>[Called By]<UL><LI><a href="#[14]">&gt;&gt;</a>&nbsp;&nbsp;&nbsp;main
</UL>

<P><STRONG><a name="[79]"></a>LEDOn</STRONG> (Thumb, 28 bytes, Stack size 0 bytes, gpiodriverconfigure.o(.text), UNUSED)

<P><STRONG><a name="[7a]"></a>LEDOverturn</STRONG> (Thumb, 34 bytes, Stack size 0 bytes, gpiodriverconfigure.o(.text), UNUSED)

<P><STRONG><a name="[7b]"></a>KeyPress</STRONG> (Thumb, 52 bytes, Stack size 0 bytes, gpiodriverconfigure.o(.text), UNUSED)

<P><STRONG><a name="[26]"></a>__scatterload</STRONG> (Thumb, 28 bytes, Stack size 0 bytes, init.o(.text))
<BR><BR>[Calls]<UL><LI><a href="#[5f]">&gt;&gt;</a>&nbsp;&nbsp;&nbsp;__main_after_scatterload
</UL>
<BR>[Called By]<UL><LI><a href="#[25]">&gt;&gt;</a>&nbsp;&nbsp;&nbsp;_main_scatterload
</UL>

<P><STRONG><a name="[7c]"></a>__scatterload_rt2</STRONG> (Thumb, 0 bytes, Stack size 0 bytes, init.o(.text), UNUSED)

<P><STRONG><a name="[7d]"></a>__decompress</STRONG> (Thumb, 0 bytes, Stack size unknown bytes, __dczerorl2.o(.text), UNUSED)

<P><STRONG><a name="[7e]"></a>__decompress1</STRONG> (Thumb, 92 bytes, Stack size unknown bytes, __dczerorl2.o(.text), UNUSED)

<P><STRONG><a name="[0]"></a>CanvasMsgProc</STRONG> (Thumb, 438 bytes, Stack size 72 bytes, canvas.o(i.CanvasMsgProc))
<BR><BR>[Stack]<UL><LI>Max Depth = 272<LI>Call Chain = CanvasMsgProc &rArr; GrImageDraw &rArr; InternalImageDraw &rArr; PixelTransparentDraw
</UL>
<BR>[Calls]<UL><LI><a href="#[e]">&gt;&gt;</a>&nbsp;&nbsp;&nbsp;WidgetDefaultMsgProc
<LI><a href="#[63]">&gt;&gt;</a>&nbsp;&nbsp;&nbsp;GrStringWidthGet
<LI><a href="#[61]">&gt;&gt;</a>&nbsp;&nbsp;&nbsp;GrRectFill
<LI><a href="#[62]">&gt;&gt;</a>&nbsp;&nbsp;&nbsp;GrRectDraw
<LI><a href="#[64]">&gt;&gt;</a>&nbsp;&nbsp;&nbsp;GrFontHeightGet
<LI><a href="#[60]">&gt;&gt;</a>&nbsp;&nbsp;&nbsp;GrContextClipRegionSet
<LI><a href="#[36]">&gt;&gt;</a>&nbsp;&nbsp;&nbsp;GrStringDraw
<LI><a href="#[37]">&gt;&gt;</a>&nbsp;&nbsp;&nbsp;GrImageDraw
<LI><a href="#[2d]">&gt;&gt;</a>&nbsp;&nbsp;&nbsp;GrContextInit
<LI><a href="#[35]">&gt;&gt;</a>&nbsp;&nbsp;&nbsp;GrContextFontSet
</UL>
<BR>[Address Reference Count : 1]<UL><LI> main.o(.data)
</UL>
<P><STRONG><a name="[8]"></a>ContainerMsgProc</STRONG> (Thumb, 364 bytes, Stack size 72 bytes, container.o(i.ContainerMsgProc))
<BR><BR>[Stack]<UL><LI>Max Depth = 152<LI>Call Chain = ContainerMsgProc &rArr; GrStringWidthGet &rArr; GrFontGlyphDataGet
</UL>
<BR>[Calls]<UL><LI><a href="#[66]">&gt;&gt;</a>&nbsp;&nbsp;&nbsp;GrLineDraw
<LI><a href="#[65]">&gt;&gt;</a>&nbsp;&nbsp;&nbsp;GrFontBaselineGet
<LI><a href="#[e]">&gt;&gt;</a>&nbsp;&nbsp;&nbsp;WidgetDefaultMsgProc
<LI><a href="#[63]">&gt;&gt;</a>&nbsp;&nbsp;&nbsp;GrStringWidthGet
<LI><a href="#[61]">&gt;&gt;</a>&nbsp;&nbsp;&nbsp;GrRectFill
<LI><a href="#[62]">&gt;&gt;</a>&nbsp;&nbsp;&nbsp;GrRectDraw
<LI><a href="#[60]">&gt;&gt;</a>&nbsp;&nbsp;&nbsp;GrContextClipRegionSet
<LI><a href="#[36]">&gt;&gt;</a>&nbsp;&nbsp;&nbsp;GrStringDraw
<LI><a href="#[2d]">&gt;&gt;</a>&nbsp;&nbsp;&nbsp;GrContextInit
<LI><a href="#[35]">&gt;&gt;</a>&nbsp;&nbsp;&nbsp;GrContextFontSet
</UL>
<BR>[Address Reference Count : 1]<UL><LI> main.o(.data)
</UL>
<P><STRONG><a name="[48]"></a>EPIAddressMapSet</STRONG> (Thumb, 4 bytes, Stack size 0 bytes, epi.o(i.EPIAddressMapSet))
<BR><BR>[Called By]<UL><LI><a href="#[40]">&gt;&gt;</a>&nbsp;&nbsp;&nbsp;EPIPinConfigSet
</UL>

<P><STRONG><a name="[47]"></a>EPIConfigGPModeSet</STRONG> (Thumb, 34 bytes, Stack size 0 bytes, epi.o(i.EPIConfigGPModeSet))
<BR><BR>[Called By]<UL><LI><a href="#[40]">&gt;&gt;</a>&nbsp;&nbsp;&nbsp;EPIPinConfigSet
</UL>

<P><STRONG><a name="[46]"></a>EPIConfigHB8Set</STRONG> (Thumb, 46 bytes, Stack size 0 bytes, epi.o(i.EPIConfigHB8Set))
<BR><BR>[Called By]<UL><LI><a href="#[40]">&gt;&gt;</a>&nbsp;&nbsp;&nbsp;EPIPinConfigSet
</UL>

<P><STRONG><a name="[44]"></a>EPIConfigSDRAMSet</STRONG> (Thumb, 12 bytes, Stack size 0 bytes, epi.o(i.EPIConfigSDRAMSet))
<BR><BR>[Called By]<UL><LI><a href="#[40]">&gt;&gt;</a>&nbsp;&nbsp;&nbsp;EPIPinConfigSet
</UL>

<P><STRONG><a name="[42]"></a>EPIDividerSet</STRONG> (Thumb, 4 bytes, Stack size 0 bytes, epi.o(i.EPIDividerSet))
<BR><BR>[Called By]<UL><LI><a href="#[40]">&gt;&gt;</a>&nbsp;&nbsp;&nbsp;EPIPinConfigSet
</UL>

<P><STRONG><a name="[43]"></a>EPIModeSet</STRONG> (Thumb, 4 bytes, Stack size 0 bytes, epi.o(i.EPIModeSet))
<BR><BR>[Called By]<UL><LI><a href="#[40]">&gt;&gt;</a>&nbsp;&nbsp;&nbsp;EPIPinConfigSet
</UL>

<P><STRONG><a name="[67]"></a>GPIODirModeSet</STRONG> (Thumb, 40 bytes, Stack size 0 bytes, gpio.o(i.GPIODirModeSet))
<BR><BR>[Called By]<UL><LI><a href="#[5b]">&gt;&gt;</a>&nbsp;&nbsp;&nbsp;GPIOPinTypeUART
<LI><a href="#[58]">&gt;&gt;</a>&nbsp;&nbsp;&nbsp;GPIOPinTypeGPIOOutput
<LI><a href="#[5a]">&gt;&gt;</a>&nbsp;&nbsp;&nbsp;GPIOPinTypeGPIOInput
</UL>

<P><STRONG><a name="[5c]"></a>GPIOIntTypeSet</STRONG> (Thumb, 58 bytes, Stack size 0 bytes, gpio.o(i.GPIOIntTypeSet))
<BR><BR>[Called By]<UL><LI><a href="#[39]">&gt;&gt;</a>&nbsp;&nbsp;&nbsp;GPIOInitial
</UL>

<P><STRONG><a name="[68]"></a>GPIOPadConfigSet</STRONG> (Thumb, 176 bytes, Stack size 0 bytes, gpio.o(i.GPIOPadConfigSet))
<BR><BR>[Called By]<UL><LI><a href="#[5b]">&gt;&gt;</a>&nbsp;&nbsp;&nbsp;GPIOPinTypeUART
<LI><a href="#[58]">&gt;&gt;</a>&nbsp;&nbsp;&nbsp;GPIOPinTypeGPIOOutput
<LI><a href="#[5a]">&gt;&gt;</a>&nbsp;&nbsp;&nbsp;GPIOPinTypeGPIOInput
</UL>

<P><STRONG><a name="[4b]"></a>GPIOPinConfigure</STRONG> (Thumb, 64 bytes, Stack size 0 bytes, gpio.o(i.GPIOPinConfigure))
<BR><BR>[Called By]<UL><LI><a href="#[4a]">&gt;&gt;</a>&nbsp;&nbsp;&nbsp;PortControlSet
<LI><a href="#[39]">&gt;&gt;</a>&nbsp;&nbsp;&nbsp;GPIOInitial
</UL>

<P><STRONG><a name="[5d]"></a>GPIOPinIntEnable</STRONG> (Thumb, 14 bytes, Stack size 0 bytes, gpio.o(i.GPIOPinIntEnable))
<BR><BR>[Called By]<UL><LI><a href="#[39]">&gt;&gt;</a>&nbsp;&nbsp;&nbsp;GPIOInitial
</UL>

<P><STRONG><a name="[5a]"></a>GPIOPinTypeGPIOInput</STRONG> (Thumb, 28 bytes, Stack size 12 bytes, gpio.o(i.GPIOPinTypeGPIOInput))
<BR><BR>[Stack]<UL><LI>Max Depth = 12<LI>Call Chain = GPIOPinTypeGPIOInput
</UL>
<BR>[Calls]<UL><LI><a href="#[68]">&gt;&gt;</a>&nbsp;&nbsp;&nbsp;GPIOPadConfigSet
<LI><a href="#[67]">&gt;&gt;</a>&nbsp;&nbsp;&nbsp;GPIODirModeSet
</UL>
<BR>[Called By]<UL><LI><a href="#[39]">&gt;&gt;</a>&nbsp;&nbsp;&nbsp;GPIOInitial
</UL>

<P><STRONG><a name="[58]"></a>GPIOPinTypeGPIOOutput</STRONG> (Thumb, 28 bytes, Stack size 12 bytes, gpio.o(i.GPIOPinTypeGPIOOutput))
<BR><BR>[Stack]<UL><LI>Max Depth = 12<LI>Call Chain = GPIOPinTypeGPIOOutput
</UL>
<BR>[Calls]<UL><LI><a href="#[68]">&gt;&gt;</a>&nbsp;&nbsp;&nbsp;GPIOPadConfigSet
<LI><a href="#[67]">&gt;&gt;</a>&nbsp;&nbsp;&nbsp;GPIODirModeSet
</UL>
<BR>[Called By]<UL><LI><a href="#[39]">&gt;&gt;</a>&nbsp;&nbsp;&nbsp;GPIOInitial
</UL>

<P><STRONG><a name="[5b]"></a>GPIOPinTypeUART</STRONG> (Thumb, 28 bytes, Stack size 12 bytes, gpio.o(i.GPIOPinTypeUART))
<BR><BR>[Stack]<UL><LI>Max Depth = 12<LI>Call Chain = GPIOPinTypeUART
</UL>
<BR>[Calls]<UL><LI><a href="#[68]">&gt;&gt;</a>&nbsp;&nbsp;&nbsp;GPIOPadConfigSet
<LI><a href="#[67]">&gt;&gt;</a>&nbsp;&nbsp;&nbsp;GPIODirModeSet
</UL>
<BR>[Called By]<UL><LI><a href="#[39]">&gt;&gt;</a>&nbsp;&nbsp;&nbsp;GPIOInitial
</UL>

<P><STRONG><a name="[73]"></a>GrCircleDraw</STRONG> (Thumb, 510 bytes, Stack size 40 bytes, circle.o(i.GrCircleDraw))
<BR><BR>[Stack]<UL><LI>Max Depth = 40<LI>Call Chain = GrCircleDraw
</UL>
<BR>[Called By]<UL><LI><a href="#[72]">&gt;&gt;</a>&nbsp;&nbsp;&nbsp;RadioButtonPaint
</UL>

<P><STRONG><a name="[69]"></a>GrCircleFill</STRONG> (Thumb, 294 bytes, Stack size 32 bytes, circle.o(i.GrCircleFill))
<BR><BR>[Stack]<UL><LI>Max Depth = 48<LI>Call Chain = GrCircleFill &rArr; GrLineDrawH
</UL>
<BR>[Calls]<UL><LI><a href="#[6a]">&gt;&gt;</a>&nbsp;&nbsp;&nbsp;GrLineDrawH
</UL>
<BR>[Called By]<UL><LI><a href="#[72]">&gt;&gt;</a>&nbsp;&nbsp;&nbsp;RadioButtonPaint
</UL>

<P><STRONG><a name="[60]"></a>GrContextClipRegionSet</STRONG> (Thumb, 112 bytes, Stack size 0 bytes, context.o(i.GrContextClipRegionSet))
<BR><BR>[Called By]<UL><LI><a href="#[72]">&gt;&gt;</a>&nbsp;&nbsp;&nbsp;RadioButtonPaint
<LI><a href="#[74]">&gt;&gt;</a>&nbsp;&nbsp;&nbsp;RectangularButtonPaint
<LI><a href="#[8]">&gt;&gt;</a>&nbsp;&nbsp;&nbsp;ContainerMsgProc
<LI><a href="#[0]">&gt;&gt;</a>&nbsp;&nbsp;&nbsp;CanvasMsgProc
</UL>

<P><STRONG><a name="[35]"></a>GrContextFontSet</STRONG> (Thumb, 6 bytes, Stack size 0 bytes, string.o(i.GrContextFontSet))
<BR><BR>[Stack]<UL><LI>Max Depth = 16<LI>Call Chain = GrContextFontSet &rArr; UpdateContextCharMapping
</UL>
<BR>[Calls]<UL><LI><a href="#[6b]">&gt;&gt;</a>&nbsp;&nbsp;&nbsp;UpdateContextCharMapping
</UL>
<BR>[Called By]<UL><LI><a href="#[72]">&gt;&gt;</a>&nbsp;&nbsp;&nbsp;RadioButtonPaint
<LI><a href="#[74]">&gt;&gt;</a>&nbsp;&nbsp;&nbsp;RectangularButtonPaint
<LI><a href="#[8]">&gt;&gt;</a>&nbsp;&nbsp;&nbsp;ContainerMsgProc
<LI><a href="#[0]">&gt;&gt;</a>&nbsp;&nbsp;&nbsp;CanvasMsgProc
<LI><a href="#[a]">&gt;&gt;</a>&nbsp;&nbsp;&nbsp;showMinhang2xuhui
<LI><a href="#[9]">&gt;&gt;</a>&nbsp;&nbsp;&nbsp;showBooksData
<LI><a href="#[7]">&gt;&gt;</a>&nbsp;&nbsp;&nbsp;semesterChoose
</UL>

<P><STRONG><a name="[2d]"></a>GrContextInit</STRONG> (Thumb, 88 bytes, Stack size 0 bytes, context.o(i.GrContextInit))
<BR><BR>[Called By]<UL><LI><a href="#[72]">&gt;&gt;</a>&nbsp;&nbsp;&nbsp;RadioButtonPaint
<LI><a href="#[74]">&gt;&gt;</a>&nbsp;&nbsp;&nbsp;RectangularButtonPaint
<LI><a href="#[8]">&gt;&gt;</a>&nbsp;&nbsp;&nbsp;ContainerMsgProc
<LI><a href="#[0]">&gt;&gt;</a>&nbsp;&nbsp;&nbsp;CanvasMsgProc
<LI><a href="#[b]">&gt;&gt;</a>&nbsp;&nbsp;&nbsp;schoolBusPicture
<LI><a href="#[a]">&gt;&gt;</a>&nbsp;&nbsp;&nbsp;showMinhang2xuhui
<LI><a href="#[9]">&gt;&gt;</a>&nbsp;&nbsp;&nbsp;showBooksData
<LI><a href="#[7]">&gt;&gt;</a>&nbsp;&nbsp;&nbsp;semesterChoose
<LI><a href="#[28]">&gt;&gt;</a>&nbsp;&nbsp;&nbsp;graphicInit
</UL>

<P><STRONG><a name="[1a]"></a>GrDefaultStringRenderer</STRONG> (Thumb, 280 bytes, Stack size 72 bytes, string.o(i.GrDefaultStringRenderer))
<BR><BR>[Stack]<UL><LI>Max Depth = 136<LI>Call Chain = GrDefaultStringRenderer &rArr; GrFontGlyphRender
</UL>
<BR>[Calls]<UL><LI><a href="#[6d]">&gt;&gt;</a>&nbsp;&nbsp;&nbsp;GrFontGlyphRender
<LI><a href="#[6c]">&gt;&gt;</a>&nbsp;&nbsp;&nbsp;GrFontGlyphDataGet
</UL>
<BR>[Address Reference Count : 1]<UL><LI> context.o(i.GrContextInit)
</UL>
<P><STRONG><a name="[65]"></a>GrFontBaselineGet</STRONG> (Thumb, 44 bytes, Stack size 24 bytes, string.o(i.GrFontBaselineGet))
<BR><BR>[Stack]<UL><LI>Max Depth = 24<LI>Call Chain = GrFontBaselineGet
</UL>
<BR>[Called By]<UL><LI><a href="#[74]">&gt;&gt;</a>&nbsp;&nbsp;&nbsp;RectangularButtonPaint
<LI><a href="#[8]">&gt;&gt;</a>&nbsp;&nbsp;&nbsp;ContainerMsgProc
</UL>

<P><STRONG><a name="[6c]"></a>GrFontGlyphDataGet</STRONG> (Thumb, 166 bytes, Stack size 16 bytes, string.o(i.GrFontGlyphDataGet))
<BR><BR>[Stack]<UL><LI>Max Depth = 16<LI>Call Chain = GrFontGlyphDataGet
</UL>
<BR>[Called By]<UL><LI><a href="#[1a]">&gt;&gt;</a>&nbsp;&nbsp;&nbsp;GrDefaultStringRenderer
<LI><a href="#[63]">&gt;&gt;</a>&nbsp;&nbsp;&nbsp;GrStringWidthGet
</UL>

<P><STRONG><a name="[6d]"></a>GrFontGlyphRender</STRONG> (Thumb, 646 bytes, Stack size 64 bytes, string.o(i.GrFontGlyphRender))
<BR><BR>[Stack]<UL><LI>Max Depth = 64<LI>Call Chain = GrFontGlyphRender
</UL>
<BR>[Called By]<UL><LI><a href="#[1a]">&gt;&gt;</a>&nbsp;&nbsp;&nbsp;GrDefaultStringRenderer
</UL>

<P><STRONG><a name="[64]"></a>GrFontHeightGet</STRONG> (Thumb, 44 bytes, Stack size 24 bytes, string.o(i.GrFontHeightGet))
<BR><BR>[Stack]<UL><LI>Max Depth = 24<LI>Call Chain = GrFontHeightGet
</UL>
<BR>[Called By]<UL><LI><a href="#[72]">&gt;&gt;</a>&nbsp;&nbsp;&nbsp;RadioButtonPaint
<LI><a href="#[0]">&gt;&gt;</a>&nbsp;&nbsp;&nbsp;CanvasMsgProc
</UL>

<P><STRONG><a name="[37]"></a>GrImageDraw</STRONG> (Thumb, 24 bytes, Stack size 16 bytes, image.o(i.GrImageDraw))
<BR><BR>[Stack]<UL><LI>Max Depth = 200<LI>Call Chain = GrImageDraw &rArr; InternalImageDraw &rArr; PixelTransparentDraw
</UL>
<BR>[Calls]<UL><LI><a href="#[6e]">&gt;&gt;</a>&nbsp;&nbsp;&nbsp;InternalImageDraw
</UL>
<BR>[Called By]<UL><LI><a href="#[72]">&gt;&gt;</a>&nbsp;&nbsp;&nbsp;RadioButtonPaint
<LI><a href="#[74]">&gt;&gt;</a>&nbsp;&nbsp;&nbsp;RectangularButtonPaint
<LI><a href="#[0]">&gt;&gt;</a>&nbsp;&nbsp;&nbsp;CanvasMsgProc
<LI><a href="#[b]">&gt;&gt;</a>&nbsp;&nbsp;&nbsp;schoolBusPicture
</UL>

<P><STRONG><a name="[66]"></a>GrLineDraw</STRONG> (Thumb, 636 bytes, Stack size 40 bytes, line.o(i.GrLineDraw))
<BR><BR>[Stack]<UL><LI>Max Depth = 40<LI>Call Chain = GrLineDraw
</UL>
<BR>[Called By]<UL><LI><a href="#[8]">&gt;&gt;</a>&nbsp;&nbsp;&nbsp;ContainerMsgProc
</UL>

<P><STRONG><a name="[6a]"></a>GrLineDrawH</STRONG> (Thumb, 76 bytes, Stack size 16 bytes, line.o(i.GrLineDrawH))
<BR><BR>[Stack]<UL><LI>Max Depth = 16<LI>Call Chain = GrLineDrawH
</UL>
<BR>[Called By]<UL><LI><a href="#[69]">&gt;&gt;</a>&nbsp;&nbsp;&nbsp;GrCircleFill
<LI><a href="#[62]">&gt;&gt;</a>&nbsp;&nbsp;&nbsp;GrRectDraw
</UL>

<P><STRONG><a name="[6f]"></a>GrLineDrawV</STRONG> (Thumb, 76 bytes, Stack size 16 bytes, line.o(i.GrLineDrawV))
<BR><BR>[Stack]<UL><LI>Max Depth = 16<LI>Call Chain = GrLineDrawV
</UL>
<BR>[Called By]<UL><LI><a href="#[62]">&gt;&gt;</a>&nbsp;&nbsp;&nbsp;GrRectDraw
</UL>

<P><STRONG><a name="[22]"></a>GrMapISO8859_1_Unicode</STRONG> (Thumb, 8 bytes, Stack size 0 bytes, charmap.o(i.GrMapISO8859_1_Unicode))
<BR>[Address Reference Count : 1]<UL><LI> context.o(.constdata)
</UL>
<P><STRONG><a name="[62]"></a>GrRectDraw</STRONG> (Thumb, 108 bytes, Stack size 16 bytes, rectangle.o(i.GrRectDraw))
<BR><BR>[Stack]<UL><LI>Max Depth = 32<LI>Call Chain = GrRectDraw &rArr; GrLineDrawV
</UL>
<BR>[Calls]<UL><LI><a href="#[6f]">&gt;&gt;</a>&nbsp;&nbsp;&nbsp;GrLineDrawV
<LI><a href="#[6a]">&gt;&gt;</a>&nbsp;&nbsp;&nbsp;GrLineDrawH
</UL>
<BR>[Called By]<UL><LI><a href="#[72]">&gt;&gt;</a>&nbsp;&nbsp;&nbsp;RadioButtonPaint
<LI><a href="#[74]">&gt;&gt;</a>&nbsp;&nbsp;&nbsp;RectangularButtonPaint
<LI><a href="#[8]">&gt;&gt;</a>&nbsp;&nbsp;&nbsp;ContainerMsgProc
<LI><a href="#[0]">&gt;&gt;</a>&nbsp;&nbsp;&nbsp;CanvasMsgProc
</UL>

<P><STRONG><a name="[61]"></a>GrRectFill</STRONG> (Thumb, 180 bytes, Stack size 24 bytes, rectangle.o(i.GrRectFill))
<BR><BR>[Stack]<UL><LI>Max Depth = 24<LI>Call Chain = GrRectFill
</UL>
<BR>[Called By]<UL><LI><a href="#[72]">&gt;&gt;</a>&nbsp;&nbsp;&nbsp;RadioButtonPaint
<LI><a href="#[74]">&gt;&gt;</a>&nbsp;&nbsp;&nbsp;RectangularButtonPaint
<LI><a href="#[8]">&gt;&gt;</a>&nbsp;&nbsp;&nbsp;ContainerMsgProc
<LI><a href="#[0]">&gt;&gt;</a>&nbsp;&nbsp;&nbsp;CanvasMsgProc
</UL>

<P><STRONG><a name="[36]"></a>GrStringDraw</STRONG> (Thumb, 22 bytes, Stack size 16 bytes, string.o(i.GrStringDraw))
<BR><BR>[Stack]<UL><LI>Max Depth = 16<LI>Call Chain = GrStringDraw
</UL>
<BR>[Called By]<UL><LI><a href="#[72]">&gt;&gt;</a>&nbsp;&nbsp;&nbsp;RadioButtonPaint
<LI><a href="#[74]">&gt;&gt;</a>&nbsp;&nbsp;&nbsp;RectangularButtonPaint
<LI><a href="#[8]">&gt;&gt;</a>&nbsp;&nbsp;&nbsp;ContainerMsgProc
<LI><a href="#[0]">&gt;&gt;</a>&nbsp;&nbsp;&nbsp;CanvasMsgProc
<LI><a href="#[a]">&gt;&gt;</a>&nbsp;&nbsp;&nbsp;showMinhang2xuhui
<LI><a href="#[9]">&gt;&gt;</a>&nbsp;&nbsp;&nbsp;showBooksData
<LI><a href="#[7]">&gt;&gt;</a>&nbsp;&nbsp;&nbsp;semesterChoose
</UL>

<P><STRONG><a name="[63]"></a>GrStringWidthGet</STRONG> (Thumb, 192 bytes, Stack size 64 bytes, string.o(i.GrStringWidthGet))
<BR><BR>[Stack]<UL><LI>Max Depth = 80<LI>Call Chain = GrStringWidthGet &rArr; GrFontGlyphDataGet
</UL>
<BR>[Calls]<UL><LI><a href="#[6c]">&gt;&gt;</a>&nbsp;&nbsp;&nbsp;GrFontGlyphDataGet
</UL>
<BR>[Called By]<UL><LI><a href="#[74]">&gt;&gt;</a>&nbsp;&nbsp;&nbsp;RectangularButtonPaint
<LI><a href="#[8]">&gt;&gt;</a>&nbsp;&nbsp;&nbsp;ContainerMsgProc
<LI><a href="#[0]">&gt;&gt;</a>&nbsp;&nbsp;&nbsp;CanvasMsgProc
</UL>

<P><STRONG><a name="[3f]"></a>I2CMasterErr</STRONG> (Thumb, 24 bytes, Stack size 0 bytes, i2c.o(i.I2CMasterErr))
<BR><BR>[Called By]<UL><LI><a href="#[3e]">&gt;&gt;</a>&nbsp;&nbsp;&nbsp;EEPROMReadPolled
</UL>

<P><STRONG><a name="[5e]"></a>IntEnable</STRONG> (Thumb, 92 bytes, Stack size 0 bytes, interrupt.o(i.IntEnable))
<BR><BR>[Called By]<UL><LI><a href="#[39]">&gt;&gt;</a>&nbsp;&nbsp;&nbsp;GPIOInitial
</UL>

<P><STRONG><a name="[6]"></a>RadioButtonMsgProc</STRONG> (Thumb, 42 bytes, Stack size 8 bytes, radiobutton.o(i.RadioButtonMsgProc))
<BR><BR>[Stack]<UL><LI>Max Depth = 296<LI>Call Chain = RadioButtonMsgProc &rArr; RadioButtonClick &rArr; RadioButtonPaint &rArr; GrImageDraw &rArr; InternalImageDraw &rArr; PixelTransparentDraw
</UL>
<BR>[Calls]<UL><LI><a href="#[72]">&gt;&gt;</a>&nbsp;&nbsp;&nbsp;RadioButtonPaint
<LI><a href="#[71]">&gt;&gt;</a>&nbsp;&nbsp;&nbsp;RadioButtonClick
<LI><a href="#[e]">&gt;&gt;</a>&nbsp;&nbsp;&nbsp;WidgetDefaultMsgProc
</UL>
<BR>[Address Reference Count : 2]<UL><LI> main.o(.data)
<LI> radiobutton.o(i.RadioButtonClick)
</UL>
<P><STRONG><a name="[1]"></a>RectangularButtonMsgProc</STRONG> (Thumb, 288 bytes, Stack size 24 bytes, pushbutton.o(i.RectangularButtonMsgProc))
<BR><BR>[Stack]<UL><LI>Max Depth = 304<LI>Call Chain = RectangularButtonMsgProc &rArr; RectangularButtonPaint &rArr; GrImageDraw &rArr; InternalImageDraw &rArr; PixelTransparentDraw
</UL>
<BR>[Calls]<UL><LI><a href="#[74]">&gt;&gt;</a>&nbsp;&nbsp;&nbsp;RectangularButtonPaint
<LI><a href="#[e]">&gt;&gt;</a>&nbsp;&nbsp;&nbsp;WidgetDefaultMsgProc
</UL>
<BR>[Address Reference Count : 1]<UL><LI> main.o(.data)
</UL>
<P><STRONG><a name="[4f]"></a>SysCtlClockGet</STRONG> (Thumb, 514 bytes, Stack size 8 bytes, sysctl.o(i.SysCtlClockGet))
<BR><BR>[Stack]<UL><LI>Max Depth = 8<LI>Call Chain = SysCtlClockGet
</UL>
<BR>[Called By]<UL><LI><a href="#[3b]">&gt;&gt;</a>&nbsp;&nbsp;&nbsp;UART0Initial
<LI><a href="#[38]">&gt;&gt;</a>&nbsp;&nbsp;&nbsp;ClockInitial
</UL>

<P><STRONG><a name="[4e]"></a>SysCtlClockSet</STRONG> (Thumb, 310 bytes, Stack size 24 bytes, sysctl.o(i.SysCtlClockSet))
<BR><BR>[Stack]<UL><LI>Max Depth = 24<LI>Call Chain = SysCtlClockSet
</UL>
<BR>[Calls]<UL><LI><a href="#[27]">&gt;&gt;</a>&nbsp;&nbsp;&nbsp;SysCtlDelay
</UL>
<BR>[Called By]<UL><LI><a href="#[38]">&gt;&gt;</a>&nbsp;&nbsp;&nbsp;ClockInitial
</UL>

<P><STRONG><a name="[4d]"></a>SysCtlLDOSet</STRONG> (Thumb, 6 bytes, Stack size 0 bytes, sysctl.o(i.SysCtlLDOSet))
<BR><BR>[Called By]<UL><LI><a href="#[38]">&gt;&gt;</a>&nbsp;&nbsp;&nbsp;ClockInitial
</UL>

<P><STRONG><a name="[52]"></a>SysCtlPeripheralEnable</STRONG> (Thumb, 70 bytes, Stack size 0 bytes, sysctl.o(i.SysCtlPeripheralEnable))
<BR><BR>[Called By]<UL><LI><a href="#[3b]">&gt;&gt;</a>&nbsp;&nbsp;&nbsp;UART0Initial
<LI><a href="#[39]">&gt;&gt;</a>&nbsp;&nbsp;&nbsp;GPIOInitial
</UL>

<P><STRONG><a name="[51]"></a>SysTickIntEnable</STRONG> (Thumb, 14 bytes, Stack size 0 bytes, systick.o(i.SysTickIntEnable))
<BR><BR>[Called By]<UL><LI><a href="#[3a]">&gt;&gt;</a>&nbsp;&nbsp;&nbsp;SysTickInitial
</UL>

<P><STRONG><a name="[50]"></a>SysTickPeriodSet</STRONG> (Thumb, 10 bytes, Stack size 0 bytes, systick.o(i.SysTickPeriodSet))
<BR><BR>[Called By]<UL><LI><a href="#[3a]">&gt;&gt;</a>&nbsp;&nbsp;&nbsp;SysTickInitial
</UL>

<P><STRONG><a name="[57]"></a>UARTCharGet</STRONG> (Thumb, 12 bytes, Stack size 0 bytes, uart.o(i.UARTCharGet))
<BR><BR>[Calls]<UL><LI><a href="#[57]">&gt;&gt;</a>&nbsp;&nbsp;&nbsp;UARTCharGet
</UL>
<BR>[Called By]<UL><LI><a href="#[57]">&gt;&gt;</a>&nbsp;&nbsp;&nbsp;UARTCharGet
<LI><a href="#[33]">&gt;&gt;</a>&nbsp;&nbsp;&nbsp;UARTStringGet
</UL>

<P><STRONG><a name="[56]"></a>UARTCharPut</STRONG> (Thumb, 12 bytes, Stack size 0 bytes, uart.o(i.UARTCharPut))
<BR><BR>[Calls]<UL><LI><a href="#[56]">&gt;&gt;</a>&nbsp;&nbsp;&nbsp;UARTCharPut
</UL>
<BR>[Called By]<UL><LI><a href="#[56]">&gt;&gt;</a>&nbsp;&nbsp;&nbsp;UARTCharPut
<LI><a href="#[30]">&gt;&gt;</a>&nbsp;&nbsp;&nbsp;UARTStringPut
</UL>

<P><STRONG><a name="[54]"></a>UARTConfigSetExpClk</STRONG> (Thumb, 110 bytes, Stack size 0 bytes, uart.o(i.UARTConfigSetExpClk))
<BR><BR>[Calls]<UL><LI><a href="#[54]">&gt;&gt;</a>&nbsp;&nbsp;&nbsp;UARTConfigSetExpClk
</UL>
<BR>[Called By]<UL><LI><a href="#[54]">&gt;&gt;</a>&nbsp;&nbsp;&nbsp;UARTConfigSetExpClk
<LI><a href="#[3b]">&gt;&gt;</a>&nbsp;&nbsp;&nbsp;UART0Initial
</UL>

<P><STRONG><a name="[53]"></a>UARTDisable</STRONG> (Thumb, 30 bytes, Stack size 0 bytes, uart.o(i.UARTDisable))
<BR><BR>[Calls]<UL><LI><a href="#[53]">&gt;&gt;</a>&nbsp;&nbsp;&nbsp;UARTDisable
</UL>
<BR>[Called By]<UL><LI><a href="#[53]">&gt;&gt;</a>&nbsp;&nbsp;&nbsp;UARTDisable
<LI><a href="#[3b]">&gt;&gt;</a>&nbsp;&nbsp;&nbsp;UART0Initial
</UL>

<P><STRONG><a name="[55]"></a>UARTEnable</STRONG> (Thumb, 20 bytes, Stack size 0 bytes, uart.o(i.UARTEnable))
<BR><BR>[Called By]<UL><LI><a href="#[3b]">&gt;&gt;</a>&nbsp;&nbsp;&nbsp;UART0Initial
</UL>

<P><STRONG><a name="[31]"></a>WidgetAdd</STRONG> (Thumb, 38 bytes, Stack size 0 bytes, widget.o(i.WidgetAdd))
<BR><BR>[Called By]<UL><LI><a href="#[14]">&gt;&gt;</a>&nbsp;&nbsp;&nbsp;main
<LI><a href="#[5]">&gt;&gt;</a>&nbsp;&nbsp;&nbsp;ecardQueryButtonClick
<LI><a href="#[4]">&gt;&gt;</a>&nbsp;&nbsp;&nbsp;busQueryButtonClick
<LI><a href="#[3]">&gt;&gt;</a>&nbsp;&nbsp;&nbsp;booksQueryButtonClick
<LI><a href="#[2]">&gt;&gt;</a>&nbsp;&nbsp;&nbsp;scoreQueryButtonClick
</UL>

<P><STRONG><a name="[e]"></a>WidgetDefaultMsgProc</STRONG> (Thumb, 4 bytes, Stack size 0 bytes, widget.o(i.WidgetDefaultMsgProc))
<BR><BR>[Called By]<UL><LI><a href="#[1]">&gt;&gt;</a>&nbsp;&nbsp;&nbsp;RectangularButtonMsgProc
<LI><a href="#[6]">&gt;&gt;</a>&nbsp;&nbsp;&nbsp;RadioButtonMsgProc
<LI><a href="#[8]">&gt;&gt;</a>&nbsp;&nbsp;&nbsp;ContainerMsgProc
<LI><a href="#[0]">&gt;&gt;</a>&nbsp;&nbsp;&nbsp;CanvasMsgProc
</UL>
<BR>[Address Reference Count : 1]<UL><LI> widget.o(.data)
</UL>
<P><STRONG><a name="[34]"></a>WidgetMessageQueueAdd</STRONG> (Thumb, 218 bytes, Stack size 40 bytes, widget.o(i.WidgetMessageQueueAdd))
<BR><BR>[Stack]<UL><LI>Max Depth = 40<LI>Call Chain = WidgetMessageQueueAdd
</UL>
<BR>[Calls]<UL><LI><a href="#[75]">&gt;&gt;</a>&nbsp;&nbsp;&nbsp;WidgetMutexGet
</UL>
<BR>[Called By]<UL><LI><a href="#[15]">&gt;&gt;</a>&nbsp;&nbsp;&nbsp;WidgetPointerMessage
<LI><a href="#[14]">&gt;&gt;</a>&nbsp;&nbsp;&nbsp;main
<LI><a href="#[5]">&gt;&gt;</a>&nbsp;&nbsp;&nbsp;ecardQueryButtonClick
<LI><a href="#[4]">&gt;&gt;</a>&nbsp;&nbsp;&nbsp;busQueryButtonClick
<LI><a href="#[3]">&gt;&gt;</a>&nbsp;&nbsp;&nbsp;booksQueryButtonClick
<LI><a href="#[2]">&gt;&gt;</a>&nbsp;&nbsp;&nbsp;scoreQueryButtonClick
</UL>

<P><STRONG><a name="[3c]"></a>WidgetMessageQueueProcess</STRONG> (Thumb, 164 bytes, Stack size 40 bytes, widget.o(i.WidgetMessageQueueProcess))
<BR><BR>[Stack]<UL><LI>Max Depth = 80<LI>Call Chain = WidgetMessageQueueProcess &rArr; WidgetMessageSendPostOrder
</UL>
<BR>[Calls]<UL><LI><a href="#[76]">&gt;&gt;</a>&nbsp;&nbsp;&nbsp;WidgetMessageSendPostOrder
</UL>
<BR>[Called By]<UL><LI><a href="#[14]">&gt;&gt;</a>&nbsp;&nbsp;&nbsp;main
</UL>

<P><STRONG><a name="[76]"></a>WidgetMessageSendPostOrder</STRONG> (Thumb, 208 bytes, Stack size 40 bytes, widget.o(i.WidgetMessageSendPostOrder))
<BR><BR>[Stack]<UL><LI>Max Depth = 40<LI>Call Chain = WidgetMessageSendPostOrder
</UL>
<BR>[Called By]<UL><LI><a href="#[3c]">&gt;&gt;</a>&nbsp;&nbsp;&nbsp;WidgetMessageQueueProcess
</UL>

<P><STRONG><a name="[15]"></a>WidgetPointerMessage</STRONG> (Thumb, 28 bytes, Stack size 16 bytes, widget.o(i.WidgetPointerMessage))
<BR><BR>[Stack]<UL><LI>Max Depth = 56<LI>Call Chain = WidgetPointerMessage &rArr; WidgetMessageQueueAdd
</UL>
<BR>[Calls]<UL><LI><a href="#[34]">&gt;&gt;</a>&nbsp;&nbsp;&nbsp;WidgetMessageQueueAdd
</UL>
<BR>[Address Reference Count : 1]<UL><LI> main.o(.text)
</UL>
<P><STRONG><a name="[32]"></a>WidgetRemove</STRONG> (Thumb, 150 bytes, Stack size 8 bytes, widget.o(i.WidgetRemove))
<BR><BR>[Stack]<UL><LI>Max Depth = 8<LI>Call Chain = WidgetRemove
</UL>
<BR>[Called By]<UL><LI><a href="#[5]">&gt;&gt;</a>&nbsp;&nbsp;&nbsp;ecardQueryButtonClick
<LI><a href="#[4]">&gt;&gt;</a>&nbsp;&nbsp;&nbsp;busQueryButtonClick
<LI><a href="#[3]">&gt;&gt;</a>&nbsp;&nbsp;&nbsp;booksQueryButtonClick
<LI><a href="#[2]">&gt;&gt;</a>&nbsp;&nbsp;&nbsp;scoreQueryButtonClick
</UL>

<P><STRONG><a name="[7f]"></a>__scatterload_copy</STRONG> (Thumb, 14 bytes, Stack size unknown bytes, handlers.o(i.__scatterload_copy), UNUSED)

<P><STRONG><a name="[80]"></a>__scatterload_null</STRONG> (Thumb, 2 bytes, Stack size unknown bytes, handlers.o(i.__scatterload_null), UNUSED)

<P><STRONG><a name="[81]"></a>__scatterload_zeroinit</STRONG> (Thumb, 14 bytes, Stack size unknown bytes, handlers.o(i.__scatterload_zeroinit), UNUSED)

<P><STRONG><a name="[2a]"></a>uDMAControlBaseSet</STRONG> (Thumb, 6 bytes, Stack size 0 bytes, udma.o(i.uDMAControlBaseSet))
<BR><BR>[Called By]<UL><LI><a href="#[28]">&gt;&gt;</a>&nbsp;&nbsp;&nbsp;graphicInit
</UL>

<P><STRONG><a name="[2b]"></a>uDMAEnable</STRONG> (Thumb, 8 bytes, Stack size 0 bytes, udma.o(i.uDMAEnable))
<BR><BR>[Called By]<UL><LI><a href="#[28]">&gt;&gt;</a>&nbsp;&nbsp;&nbsp;graphicInit
</UL>
<P>
<H3>
Local Symbols
</H3>
<P><STRONG><a name="[10]"></a>NmiSR</STRONG> (Thumb, 0 bytes, Stack size unknown bytes, startup.o(RESET))
<BR><BR>[Calls]<UL><LI><a href="#[10]">&gt;&gt;</a>&nbsp;&nbsp;&nbsp;NmiSR
</UL>
<BR>[Called By]<UL><LI><a href="#[10]">&gt;&gt;</a>&nbsp;&nbsp;&nbsp;NmiSR
</UL>
<BR>[Address Reference Count : 1]<UL><LI> startup.o(RESET)
</UL>
<P><STRONG><a name="[11]"></a>FaultISR</STRONG> (Thumb, 0 bytes, Stack size unknown bytes, startup.o(RESET))
<BR><BR>[Calls]<UL><LI><a href="#[11]">&gt;&gt;</a>&nbsp;&nbsp;&nbsp;FaultISR
</UL>
<BR>[Called By]<UL><LI><a href="#[11]">&gt;&gt;</a>&nbsp;&nbsp;&nbsp;FaultISR
</UL>
<BR>[Address Reference Count : 1]<UL><LI> startup.o(RESET)
</UL>
<P><STRONG><a name="[12]"></a>IntDefaultHandler</STRONG> (Thumb, 0 bytes, Stack size unknown bytes, startup.o(RESET))
<BR><BR>[Calls]<UL><LI><a href="#[12]">&gt;&gt;</a>&nbsp;&nbsp;&nbsp;IntDefaultHandler
</UL>
<BR>[Called By]<UL><LI><a href="#[12]">&gt;&gt;</a>&nbsp;&nbsp;&nbsp;IntDefaultHandler
</UL>
<BR>[Address Reference Count : 1]<UL><LI> startup.o(RESET)
</UL>
<P><STRONG><a name="[c]"></a>WriteDataGPIO</STRONG> (Thumb, 34 bytes, Stack size 8 bytes, kitronix320x240x16_ssd2119_8bit.o(.text))
<BR><BR>[Stack]<UL><LI>Max Depth = 8<LI>Call Chain = WriteDataGPIO
</UL>
<BR>[Address Reference Count : 1]<UL><LI> kitronix320x240x16_ssd2119_8bit.o(.data)
</UL>
<P><STRONG><a name="[16]"></a>WriteDataEPI</STRONG> (Thumb, 12 bytes, Stack size 0 bytes, kitronix320x240x16_ssd2119_8bit.o(.text))
<BR>[Address Reference Count : 1]<UL><LI> kitronix320x240x16_ssd2119_8bit.o(.text)
</UL>
<P><STRONG><a name="[17]"></a>WriteCommandEPI</STRONG> (Thumb, 12 bytes, Stack size 0 bytes, kitronix320x240x16_ssd2119_8bit.o(.text))
<BR>[Address Reference Count : 1]<UL><LI> kitronix320x240x16_ssd2119_8bit.o(.text)
</UL>
<P><STRONG><a name="[18]"></a>WriteDataFPGA</STRONG> (Thumb, 12 bytes, Stack size 0 bytes, kitronix320x240x16_ssd2119_8bit.o(.text))
<BR><BR>[Calls]<UL><LI><a href="#[27]">&gt;&gt;</a>&nbsp;&nbsp;&nbsp;SysCtlDelay
</UL>
<BR>[Address Reference Count : 1]<UL><LI> kitronix320x240x16_ssd2119_8bit.o(.text)
</UL>
<P><STRONG><a name="[19]"></a>WriteCommandFPGA</STRONG> (Thumb, 12 bytes, Stack size 0 bytes, kitronix320x240x16_ssd2119_8bit.o(.text))
<BR><BR>[Calls]<UL><LI><a href="#[27]">&gt;&gt;</a>&nbsp;&nbsp;&nbsp;SysCtlDelay
</UL>
<BR>[Address Reference Count : 1]<UL><LI> kitronix320x240x16_ssd2119_8bit.o(.text)
</UL>
<P><STRONG><a name="[d]"></a>WriteCommandGPIO</STRONG> (Thumb, 42 bytes, Stack size 8 bytes, kitronix320x240x16_ssd2119_8bit.o(.text))
<BR><BR>[Stack]<UL><LI>Max Depth = 8<LI>Call Chain = WriteCommandGPIO
</UL>
<BR>[Address Reference Count : 1]<UL><LI> kitronix320x240x16_ssd2119_8bit.o(.data)
</UL>
<P><STRONG><a name="[3d]"></a>InitGPIOLCDInterface</STRONG> (Thumb, 282 bytes, Stack size 32 bytes, kitronix320x240x16_ssd2119_8bit.o(.text))
<BR><BR>[Stack]<UL><LI>Max Depth = 32<LI>Call Chain = InitGPIOLCDInterface
</UL>
<BR>[Calls]<UL><LI><a href="#[27]">&gt;&gt;</a>&nbsp;&nbsp;&nbsp;SysCtlDelay
</UL>
<BR>[Called By]<UL><LI><a href="#[2c]">&gt;&gt;</a>&nbsp;&nbsp;&nbsp;Kitronix320x240x16_SSD2119Init
</UL>

<P><STRONG><a name="[1b]"></a>Kitronix320x240x16_SSD2119PixelDraw</STRONG> (Thumb, 104 bytes, Stack size 24 bytes, kitronix320x240x16_ssd2119_8bit.o(.text))
<BR><BR>[Stack]<UL><LI>Max Depth = 24<LI>Call Chain = Kitronix320x240x16_SSD2119PixelDraw
</UL>
<BR>[Address Reference Count : 1]<UL><LI> kitronix320x240x16_ssd2119_8bit.o(.constdata)
</UL>
<P><STRONG><a name="[1c]"></a>Kitronix320x240x16_SSD2119PixelDrawMultiple</STRONG> (Thumb, 326 bytes, Stack size 40 bytes, kitronix320x240x16_ssd2119_8bit.o(.text))
<BR><BR>[Stack]<UL><LI>Max Depth = 40<LI>Call Chain = Kitronix320x240x16_SSD2119PixelDrawMultiple
</UL>
<BR>[Address Reference Count : 1]<UL><LI> kitronix320x240x16_ssd2119_8bit.o(.constdata)
</UL>
<P><STRONG><a name="[1d]"></a>Kitronix320x240x16_SSD2119LineDrawH</STRONG> (Thumb, 82 bytes, Stack size 24 bytes, kitronix320x240x16_ssd2119_8bit.o(.text))
<BR><BR>[Stack]<UL><LI>Max Depth = 24<LI>Call Chain = Kitronix320x240x16_SSD2119LineDrawH
</UL>
<BR>[Address Reference Count : 1]<UL><LI> kitronix320x240x16_ssd2119_8bit.o(.constdata)
</UL>
<P><STRONG><a name="[1e]"></a>Kitronix320x240x16_SSD2119LineDrawV</STRONG> (Thumb, 82 bytes, Stack size 24 bytes, kitronix320x240x16_ssd2119_8bit.o(.text))
<BR><BR>[Stack]<UL><LI>Max Depth = 24<LI>Call Chain = Kitronix320x240x16_SSD2119LineDrawV
</UL>
<BR>[Address Reference Count : 1]<UL><LI> kitronix320x240x16_ssd2119_8bit.o(.constdata)
</UL>
<P><STRONG><a name="[1f]"></a>Kitronix320x240x16_SSD2119RectFill</STRONG> (Thumb, 184 bytes, Stack size 24 bytes, kitronix320x240x16_ssd2119_8bit.o(.text))
<BR><BR>[Stack]<UL><LI>Max Depth = 24<LI>Call Chain = Kitronix320x240x16_SSD2119RectFill
</UL>
<BR>[Address Reference Count : 1]<UL><LI> kitronix320x240x16_ssd2119_8bit.o(.constdata)
</UL>
<P><STRONG><a name="[20]"></a>Kitronix320x240x16_SSD2119ColorTranslate</STRONG> (Thumb, 22 bytes, Stack size 0 bytes, kitronix320x240x16_ssd2119_8bit.o(.text))
<BR>[Address Reference Count : 1]<UL><LI> kitronix320x240x16_ssd2119_8bit.o(.constdata)
</UL>
<P><STRONG><a name="[21]"></a>Kitronix320x240x16_SSD2119Flush</STRONG> (Thumb, 2 bytes, Stack size 0 bytes, kitronix320x240x16_ssd2119_8bit.o(.text))
<BR>[Address Reference Count : 1]<UL><LI> kitronix320x240x16_ssd2119_8bit.o(.constdata)
</UL>
<P><STRONG><a name="[3e]"></a>EEPROMReadPolled</STRONG> (Thumb, 262 bytes, Stack size 24 bytes, set_pinout.o(.text))
<BR><BR>[Stack]<UL><LI>Max Depth = 24<LI>Call Chain = EEPROMReadPolled
</UL>
<BR>[Calls]<UL><LI><a href="#[3f]">&gt;&gt;</a>&nbsp;&nbsp;&nbsp;I2CMasterErr
<LI><a href="#[27]">&gt;&gt;</a>&nbsp;&nbsp;&nbsp;SysCtlDelay
</UL>
<BR>[Called By]<UL><LI><a href="#[49]">&gt;&gt;</a>&nbsp;&nbsp;&nbsp;DaughterBoardTypeGet
</UL>

<P><STRONG><a name="[41]"></a>EPIDividerFromRate</STRONG> (Thumb, 40 bytes, Stack size 0 bytes, set_pinout.o(.text))
<BR><BR>[Called By]<UL><LI><a href="#[40]">&gt;&gt;</a>&nbsp;&nbsp;&nbsp;EPIPinConfigSet
</UL>

<P><STRONG><a name="[40]"></a>EPIPinConfigSet</STRONG> (Thumb, 336 bytes, Stack size 48 bytes, set_pinout.o(.text))
<BR><BR>[Stack]<UL><LI>Max Depth = 56<LI>Call Chain = EPIPinConfigSet &rArr; HB8ConfigGet
</UL>
<BR>[Calls]<UL><LI><a href="#[43]">&gt;&gt;</a>&nbsp;&nbsp;&nbsp;EPIModeSet
<LI><a href="#[42]">&gt;&gt;</a>&nbsp;&nbsp;&nbsp;EPIDividerSet
<LI><a href="#[44]">&gt;&gt;</a>&nbsp;&nbsp;&nbsp;EPIConfigSDRAMSet
<LI><a href="#[46]">&gt;&gt;</a>&nbsp;&nbsp;&nbsp;EPIConfigHB8Set
<LI><a href="#[47]">&gt;&gt;</a>&nbsp;&nbsp;&nbsp;EPIConfigGPModeSet
<LI><a href="#[48]">&gt;&gt;</a>&nbsp;&nbsp;&nbsp;EPIAddressMapSet
<LI><a href="#[45]">&gt;&gt;</a>&nbsp;&nbsp;&nbsp;HB8ConfigGet
<LI><a href="#[41]">&gt;&gt;</a>&nbsp;&nbsp;&nbsp;EPIDividerFromRate
</UL>
<BR>[Called By]<UL><LI><a href="#[29]">&gt;&gt;</a>&nbsp;&nbsp;&nbsp;PinoutSet
</UL>

<P><STRONG><a name="[49]"></a>DaughterBoardTypeGet</STRONG> (Thumb, 158 bytes, Stack size 24 bytes, set_pinout.o(.text))
<BR><BR>[Stack]<UL><LI>Max Depth = 48<LI>Call Chain = DaughterBoardTypeGet &rArr; EEPROMReadPolled
</UL>
<BR>[Calls]<UL><LI><a href="#[3e]">&gt;&gt;</a>&nbsp;&nbsp;&nbsp;EEPROMReadPolled
<LI><a href="#[27]">&gt;&gt;</a>&nbsp;&nbsp;&nbsp;SysCtlDelay
</UL>
<BR>[Called By]<UL><LI><a href="#[29]">&gt;&gt;</a>&nbsp;&nbsp;&nbsp;PinoutSet
</UL>

<P><STRONG><a name="[45]"></a>HB8ConfigGet</STRONG> (Thumb, 166 bytes, Stack size 8 bytes, set_pinout.o(.text))
<BR><BR>[Stack]<UL><LI>Max Depth = 8<LI>Call Chain = HB8ConfigGet
</UL>
<BR>[Called By]<UL><LI><a href="#[40]">&gt;&gt;</a>&nbsp;&nbsp;&nbsp;EPIPinConfigSet
</UL>

<P><STRONG><a name="[4a]"></a>PortControlSet</STRONG> (Thumb, 180 bytes, Stack size 24 bytes, set_pinout.o(.text))
<BR><BR>[Stack]<UL><LI>Max Depth = 24<LI>Call Chain = PortControlSet
</UL>
<BR>[Calls]<UL><LI><a href="#[4b]">&gt;&gt;</a>&nbsp;&nbsp;&nbsp;GPIOPinConfigure
</UL>
<BR>[Called By]<UL><LI><a href="#[29]">&gt;&gt;</a>&nbsp;&nbsp;&nbsp;PinoutSet
</UL>

<P><STRONG><a name="[4c]"></a>TouchScreenDebouncer</STRONG> (Thumb, 260 bytes, Stack size 32 bytes, touch.o(.text))
<BR><BR>[Stack]<UL><LI>Max Depth = 32<LI>Call Chain = TouchScreenDebouncer
</UL>
<BR>[Called By]<UL><LI><a href="#[13]">&gt;&gt;</a>&nbsp;&nbsp;&nbsp;TouchScreenIntHandler
</UL>

<P><STRONG><a name="[6e]"></a>InternalImageDraw</STRONG> (Thumb, 848 bytes, Stack size 112 bytes, image.o(i.InternalImageDraw))
<BR><BR>[Stack]<UL><LI>Max Depth = 184<LI>Call Chain = InternalImageDraw &rArr; PixelTransparentDraw
</UL>
<BR>[Calls]<UL><LI><a href="#[70]">&gt;&gt;</a>&nbsp;&nbsp;&nbsp;PixelTransparentDraw
</UL>
<BR>[Called By]<UL><LI><a href="#[37]">&gt;&gt;</a>&nbsp;&nbsp;&nbsp;GrImageDraw
</UL>

<P><STRONG><a name="[70]"></a>PixelTransparentDraw</STRONG> (Thumb, 676 bytes, Stack size 72 bytes, image.o(i.PixelTransparentDraw))
<BR><BR>[Stack]<UL><LI>Max Depth = 72<LI>Call Chain = PixelTransparentDraw
</UL>
<BR>[Called By]<UL><LI><a href="#[6e]">&gt;&gt;</a>&nbsp;&nbsp;&nbsp;InternalImageDraw
</UL>

<P><STRONG><a name="[74]"></a>RectangularButtonPaint</STRONG> (Thumb, 404 bytes, Stack size 80 bytes, pushbutton.o(i.RectangularButtonPaint))
<BR><BR>[Stack]<UL><LI>Max Depth = 280<LI>Call Chain = RectangularButtonPaint &rArr; GrImageDraw &rArr; InternalImageDraw &rArr; PixelTransparentDraw
</UL>
<BR>[Calls]<UL><LI><a href="#[65]">&gt;&gt;</a>&nbsp;&nbsp;&nbsp;GrFontBaselineGet
<LI><a href="#[63]">&gt;&gt;</a>&nbsp;&nbsp;&nbsp;GrStringWidthGet
<LI><a href="#[61]">&gt;&gt;</a>&nbsp;&nbsp;&nbsp;GrRectFill
<LI><a href="#[62]">&gt;&gt;</a>&nbsp;&nbsp;&nbsp;GrRectDraw
<LI><a href="#[60]">&gt;&gt;</a>&nbsp;&nbsp;&nbsp;GrContextClipRegionSet
<LI><a href="#[36]">&gt;&gt;</a>&nbsp;&nbsp;&nbsp;GrStringDraw
<LI><a href="#[37]">&gt;&gt;</a>&nbsp;&nbsp;&nbsp;GrImageDraw
<LI><a href="#[2d]">&gt;&gt;</a>&nbsp;&nbsp;&nbsp;GrContextInit
<LI><a href="#[35]">&gt;&gt;</a>&nbsp;&nbsp;&nbsp;GrContextFontSet
</UL>
<BR>[Called By]<UL><LI><a href="#[1]">&gt;&gt;</a>&nbsp;&nbsp;&nbsp;RectangularButtonMsgProc
</UL>

<P><STRONG><a name="[71]"></a>RadioButtonClick</STRONG> (Thumb, 146 bytes, Stack size 16 bytes, radiobutton.o(i.RadioButtonClick))
<BR><BR>[Stack]<UL><LI>Max Depth = 288<LI>Call Chain = RadioButtonClick &rArr; RadioButtonPaint &rArr; GrImageDraw &rArr; InternalImageDraw &rArr; PixelTransparentDraw
</UL>
<BR>[Calls]<UL><LI><a href="#[72]">&gt;&gt;</a>&nbsp;&nbsp;&nbsp;RadioButtonPaint
</UL>
<BR>[Called By]<UL><LI><a href="#[6]">&gt;&gt;</a>&nbsp;&nbsp;&nbsp;RadioButtonMsgProc
</UL>

<P><STRONG><a name="[72]"></a>RadioButtonPaint</STRONG> (Thumb, 490 bytes, Stack size 72 bytes, radiobutton.o(i.RadioButtonPaint))
<BR><BR>[Stack]<UL><LI>Max Depth = 272<LI>Call Chain = RadioButtonPaint &rArr; GrImageDraw &rArr; InternalImageDraw &rArr; PixelTransparentDraw
</UL>
<BR>[Calls]<UL><LI><a href="#[69]">&gt;&gt;</a>&nbsp;&nbsp;&nbsp;GrCircleFill
<LI><a href="#[73]">&gt;&gt;</a>&nbsp;&nbsp;&nbsp;GrCircleDraw
<LI><a href="#[61]">&gt;&gt;</a>&nbsp;&nbsp;&nbsp;GrRectFill
<LI><a href="#[62]">&gt;&gt;</a>&nbsp;&nbsp;&nbsp;GrRectDraw
<LI><a href="#[64]">&gt;&gt;</a>&nbsp;&nbsp;&nbsp;GrFontHeightGet
<LI><a href="#[60]">&gt;&gt;</a>&nbsp;&nbsp;&nbsp;GrContextClipRegionSet
<LI><a href="#[36]">&gt;&gt;</a>&nbsp;&nbsp;&nbsp;GrStringDraw
<LI><a href="#[37]">&gt;&gt;</a>&nbsp;&nbsp;&nbsp;GrImageDraw
<LI><a href="#[2d]">&gt;&gt;</a>&nbsp;&nbsp;&nbsp;GrContextInit
<LI><a href="#[35]">&gt;&gt;</a>&nbsp;&nbsp;&nbsp;GrContextFontSet
</UL>
<BR>[Called By]<UL><LI><a href="#[71]">&gt;&gt;</a>&nbsp;&nbsp;&nbsp;RadioButtonClick
<LI><a href="#[6]">&gt;&gt;</a>&nbsp;&nbsp;&nbsp;RadioButtonMsgProc
</UL>

<P><STRONG><a name="[6b]"></a>UpdateContextCharMapping</STRONG> (Thumb, 108 bytes, Stack size 16 bytes, string.o(i.UpdateContextCharMapping))
<BR><BR>[Stack]<UL><LI>Max Depth = 16<LI>Call Chain = UpdateContextCharMapping
</UL>
<BR>[Called By]<UL><LI><a href="#[35]">&gt;&gt;</a>&nbsp;&nbsp;&nbsp;GrContextFontSet
</UL>
<P>
<H3>
Undefined Global Symbols
</H3><HR></body></html>
