<html>
<body>
<pre>
<h1>µVision Build Log</h1>
<h2>Project:</h2>
F:\embedded systems\Crossy_CortexM3\board\Experiment.uvproj
Project File Date:  06/13/2015

<h2>Output:</h2>
Build target 'Target 1'
assembling Startup.s...
compiling main.c...
main.c(629): warning:  #223-D: function "strncpy" declared implicitly
main.c(555): warning:  #177-D: function "PopulateFileListBox" was declared but never referenced
main.c(82): warning:  #550-D: variable "g_ulNextUpdate" was set but never used
main.c(868): warning: C3017W: data may be used before being set
main.c(893): warning: C3017W: data may be used before being set
main.c(982): warning: C3017W: data may be used before being set
main.c(991): warning: C3017W: data may be used before being set
main.c(1047): warning: C3017W: data may be used before being set
compiling kitronix320x240x16_ssd2119_8bit.c...
compiling set_pinout.c...
compiling touch.c...
compiling SysCtlConfigure.c...
compiling SysTickConfigure.c...
compiling UARTConfigure.c...
compiling GPIODriverConfigure.c...
compiling bus.c...
compiling I2CConfigure.c...
compiling NixieTubeConfigure.c...
compiling sound.c...
compiling ff.c...
F:\Keil\third_party\fatfs\src\ff.c(573): warning:  #1293-D: assignment in condition
F:\Keil\third_party\fatfs\src\ff.c(648): warning:  #1293-D: assignment in condition
F:\Keil\third_party\fatfs\src\ff.c(1255): warning:  #188-D: enumerated type mixed with another type
compiling ustdlib.c...
compiling tlv320aic23b.c...
compiling mmc-dk-lm3s9b96.c...
linking...
Program Size: Code=28960 RO-data=70152 RW-data=1884 ZI-data=10156  
".\rvmdk\Experiment.axf" - 0 Error(s), 11 Warning(s).
Load "F:\\embedded systems\\Crossy_CortexM3\\board\\rvmdk\\Experiment.AXF" 
Connecting: Mode=JTAG, Speed=1000000Hz
Full Chip Erase Done.
Erase Done.
Programming Done.
Verify OK.
