<!doctype html public "-//w3c//dtd html 4.0 transitional//en">
<html><head>
<title>Static Call Graph - [.\rvmdk\Experiment.axf]</title></head>
<body><HR>
<H1>Static Call Graph for image .\rvmdk\Experiment.axf</H1><HR>
<BR><P>#&#060CALLGRAPH&#062# ARM Linker, 4.1 [Build 644]: Last Updated: Tue May 26 23:34:53 2015
<BR><P>
<H3>Maximum Stack Usage =        304 bytes + Unknown(Functions without stacksize, Cycles, Untraceable Function Pointers)</H3><H3>
Call chain for Maximum Stack Depth:</H3>
RectangularButtonMsgProc &rArr; RectangularButtonPaint &rArr; GrImageDraw &rArr; InternalImageDraw &rArr; PixelTransparentDraw
<P>
<H3>
Functions with no stack information
</H3><UL>
 <LI><a href="#[1e]">Reset_Handler</a>
 <LI><a href="#[b]">NmiSR</a>
 <LI><a href="#[c]">FaultISR</a>
 <LI><a href="#[d]">IntDefaultHandler</a>
</UL>
</UL>
<P>
<H3>
Mutually Recursive functions
</H3> <LI><a href="#[22]">SysCtlDelay</a>&nbsp;&nbsp;&nbsp;&rArr;&nbsp;&nbsp;&nbsp;<a href="#[22]">SysCtlDelay</a><BR>
 <LI><a href="#[b]">NmiSR</a>&nbsp;&nbsp;&nbsp;&rArr;&nbsp;&nbsp;&nbsp;<a href="#[b]">NmiSR</a><BR>
 <LI><a href="#[c]">FaultISR</a>&nbsp;&nbsp;&nbsp;&rArr;&nbsp;&nbsp;&nbsp;<a href="#[c]">FaultISR</a><BR>
 <LI><a href="#[d]">IntDefaultHandler</a>&nbsp;&nbsp;&nbsp;&rArr;&nbsp;&nbsp;&nbsp;<a href="#[d]">IntDefaultHandler</a><BR>
</UL>
<P>
<H3>
Function Pointers
</H3><UL>
 <LI><a href="#[0]">CanvasMsgProc</a> from canvas.o(i.CanvasMsgProc) referenced 12 times from main.o(.data)
 <LI><a href="#[c]">FaultISR</a> from startup.o(RESET) referenced from startup.o(RESET)
 <LI><a href="#[15]">GrDefaultStringRenderer</a> from string.o(i.GrDefaultStringRenderer) referenced from context.o(i.GrContextInit)
 <LI><a href="#[1d]">GrMapISO8859_1_Unicode</a> from charmap.o(i.GrMapISO8859_1_Unicode) referenced 2 times from context.o(.constdata)
 <LI><a href="#[d]">IntDefaultHandler</a> from startup.o(RESET) referenced 54 times from startup.o(RESET)
 <LI><a href="#[1b]">Kitronix320x240x16_SSD2119ColorTranslate</a> from kitronix320x240x16_ssd2119_8bit.o(.text) referenced from kitronix320x240x16_ssd2119_8bit.o(.constdata)
 <LI><a href="#[1c]">Kitronix320x240x16_SSD2119Flush</a> from kitronix320x240x16_ssd2119_8bit.o(.text) referenced from kitronix320x240x16_ssd2119_8bit.o(.constdata)
 <LI><a href="#[18]">Kitronix320x240x16_SSD2119LineDrawH</a> from kitronix320x240x16_ssd2119_8bit.o(.text) referenced from kitronix320x240x16_ssd2119_8bit.o(.constdata)
 <LI><a href="#[19]">Kitronix320x240x16_SSD2119LineDrawV</a> from kitronix320x240x16_ssd2119_8bit.o(.text) referenced from kitronix320x240x16_ssd2119_8bit.o(.constdata)
 <LI><a href="#[16]">Kitronix320x240x16_SSD2119PixelDraw</a> from kitronix320x240x16_ssd2119_8bit.o(.text) referenced from kitronix320x240x16_ssd2119_8bit.o(.constdata)
 <LI><a href="#[17]">Kitronix320x240x16_SSD2119PixelDrawMultiple</a> from kitronix320x240x16_ssd2119_8bit.o(.text) referenced from kitronix320x240x16_ssd2119_8bit.o(.constdata)
 <LI><a href="#[1a]">Kitronix320x240x16_SSD2119RectFill</a> from kitronix320x240x16_ssd2119_8bit.o(.text) referenced from kitronix320x240x16_ssd2119_8bit.o(.constdata)
 <LI><a href="#[b]">NmiSR</a> from startup.o(RESET) referenced from startup.o(RESET)
 <LI><a href="#[1]">RectangularButtonMsgProc</a> from pushbutton.o(i.RectangularButtonMsgProc) referenced 10 times from main.o(.data)
 <LI><a href="#[1e]">Reset_Handler</a> from startup.o(RESET) referenced from startup.o(RESET)
 <LI><a href="#[e]">TouchScreenIntHandler</a> from touch.o(.text) referenced from startup.o(RESET)
 <LI><a href="#[9]">WidgetDefaultMsgProc</a> from widget.o(i.WidgetDefaultMsgProc) referenced 2 times from widget.o(.data)
 <LI><a href="#[10]">WidgetPointerMessage</a> from widget.o(i.WidgetPointerMessage) referenced from main.o(.text)
 <LI><a href="#[12]">WriteCommandEPI</a> from kitronix320x240x16_ssd2119_8bit.o(.text) referenced from kitronix320x240x16_ssd2119_8bit.o(.text)
 <LI><a href="#[14]">WriteCommandFPGA</a> from kitronix320x240x16_ssd2119_8bit.o(.text) referenced from kitronix320x240x16_ssd2119_8bit.o(.text)
 <LI><a href="#[8]">WriteCommandGPIO</a> from kitronix320x240x16_ssd2119_8bit.o(.text) referenced 2 times from kitronix320x240x16_ssd2119_8bit.o(.data)
 <LI><a href="#[11]">WriteDataEPI</a> from kitronix320x240x16_ssd2119_8bit.o(.text) referenced from kitronix320x240x16_ssd2119_8bit.o(.text)
 <LI><a href="#[13]">WriteDataFPGA</a> from kitronix320x240x16_ssd2119_8bit.o(.text) referenced from kitronix320x240x16_ssd2119_8bit.o(.text)
 <LI><a href="#[7]">WriteDataGPIO</a> from kitronix320x240x16_ssd2119_8bit.o(.text) referenced 2 times from kitronix320x240x16_ssd2119_8bit.o(.data)
 <LI><a href="#[4]">booksQueryButtonClick</a> from main.o(.text) referenced 2 times from main.o(.data)
 <LI><a href="#[5]">busQueryButtonClick</a> from main.o(.text) referenced 2 times from main.o(.data)
 <LI><a href="#[6]">ecardQueryButtonClick</a> from main.o(.text) referenced 2 times from main.o(.data)
 <LI><a href="#[2]">loginButtonClick</a> from main.o(.text) referenced 2 times from main.o(.data)
 <LI><a href="#[f]">main</a> from main.o(.text) referenced from entry7.o(.ARM.Collect$$$$00000007)
 <LI><a href="#[3]">scoreQueryButtonClick</a> from main.o(.text) referenced 2 times from main.o(.data)
</UL>
<P>
<H3>
Global Symbols
</H3>
<P><STRONG><a name="[1e]"></a>Reset_Handler</STRONG> (Thumb, 0 bytes, Stack size unknown bytes, startup.o(RESET))
<BR><BR>[Calls]<UL><LI><a href="#[1f]">&gt;&gt;</a>&nbsp;&nbsp;&nbsp;__main
</UL>

<P><STRONG><a name="[1f]"></a>__main</STRONG> (Thumb, 0 bytes, Stack size unknown bytes, entry.o(.ARM.Collect$$$$00000000))
<BR><BR>[Called By]<UL><LI><a href="#[1e]">&gt;&gt;</a>&nbsp;&nbsp;&nbsp;Reset_Handler
</UL>

<P><STRONG><a name="[59]"></a>_main_stk</STRONG> (Thumb, 0 bytes, Stack size unknown bytes, entry2.o(.ARM.Collect$$$$00000001))

<P><STRONG><a name="[20]"></a>_main_scatterload</STRONG> (Thumb, 0 bytes, Stack size unknown bytes, entry5.o(.ARM.Collect$$$$00000004))
<BR><BR>[Calls]<UL><LI><a href="#[21]">&gt;&gt;</a>&nbsp;&nbsp;&nbsp;__scatterload
</UL>

<P><STRONG><a name="[45]"></a>__main_after_scatterload</STRONG> (Thumb, 0 bytes, Stack size unknown bytes, entry5.o(.ARM.Collect$$$$00000004))
<BR><BR>[Called By]<UL><LI><a href="#[21]">&gt;&gt;</a>&nbsp;&nbsp;&nbsp;__scatterload
</UL>

<P><STRONG><a name="[5a]"></a>_main_init</STRONG> (Thumb, 0 bytes, Stack size unknown bytes, entry7.o(.ARM.Collect$$$$00000007))

<P><STRONG><a name="[57]"></a>WidgetMutexGet</STRONG> (Thumb, 20 bytes, Stack size 0 bytes, widget.o(.emb_text))
<BR><BR>[Called By]<UL><LI><a href="#[2c]">&gt;&gt;</a>&nbsp;&nbsp;&nbsp;WidgetMessageQueueAdd
</UL>

<P><STRONG><a name="[22]"></a>SysCtlDelay</STRONG> (Thumb, 6 bytes, Stack size 0 bytes, sysctl.o(.emb_text))
<BR><BR>[Calls]<UL><LI><a href="#[22]">&gt;&gt;</a>&nbsp;&nbsp;&nbsp;SysCtlDelay
</UL>
<BR>[Called By]<UL><LI><a href="#[41]">&gt;&gt;</a>&nbsp;&nbsp;&nbsp;DaughterBoardTypeGet
<LI><a href="#[36]">&gt;&gt;</a>&nbsp;&nbsp;&nbsp;EEPROMReadPolled
<LI><a href="#[22]">&gt;&gt;</a>&nbsp;&nbsp;&nbsp;SysCtlDelay
<LI><a href="#[35]">&gt;&gt;</a>&nbsp;&nbsp;&nbsp;InitGPIOLCDInterface
<LI><a href="#[14]">&gt;&gt;</a>&nbsp;&nbsp;&nbsp;WriteCommandFPGA
<LI><a href="#[13]">&gt;&gt;</a>&nbsp;&nbsp;&nbsp;WriteDataFPGA
<LI><a href="#[24]">&gt;&gt;</a>&nbsp;&nbsp;&nbsp;PinoutSet
<LI><a href="#[25]">&gt;&gt;</a>&nbsp;&nbsp;&nbsp;Kitronix320x240x16_SSD2119Init
</UL>

<P><STRONG><a name="[33]"></a>initSysClock</STRONG> (Thumb, 24 bytes, Stack size 8 bytes, main.o(.text))
<BR><BR>[Stack]<UL><LI>Max Depth = 8<LI>Call Chain = initSysClock
</UL>
<BR>[Called By]<UL><LI><a href="#[f]">&gt;&gt;</a>&nbsp;&nbsp;&nbsp;main
</UL>

<P><STRONG><a name="[23]"></a>graphicInit</STRONG> (Thumb, 32 bytes, Stack size 8 bytes, main.o(.text))
<BR><BR>[Stack]<UL><LI>Max Depth = 120<LI>Call Chain = graphicInit &rArr; PinoutSet &rArr; EPIPinConfigSet &rArr; HB8ConfigGet
</UL>
<BR>[Calls]<UL><LI><a href="#[27]">&gt;&gt;</a>&nbsp;&nbsp;&nbsp;TouchScreenInit
<LI><a href="#[28]">&gt;&gt;</a>&nbsp;&nbsp;&nbsp;TouchScreenCallbackSet
<LI><a href="#[24]">&gt;&gt;</a>&nbsp;&nbsp;&nbsp;PinoutSet
<LI><a href="#[25]">&gt;&gt;</a>&nbsp;&nbsp;&nbsp;Kitronix320x240x16_SSD2119Init
<LI><a href="#[26]">&gt;&gt;</a>&nbsp;&nbsp;&nbsp;GrContextInit
</UL>
<BR>[Called By]<UL><LI><a href="#[f]">&gt;&gt;</a>&nbsp;&nbsp;&nbsp;main
</UL>

<P><STRONG><a name="[29]"></a>homePage</STRONG> (Thumb, 76 bytes, Stack size 16 bytes, main.o(.text))
<BR><BR>[Stack]<UL><LI>Max Depth = 56<LI>Call Chain = homePage &rArr; WidgetMessageQueueAdd
</UL>
<BR>[Calls]<UL><LI><a href="#[2a]">&gt;&gt;</a>&nbsp;&nbsp;&nbsp;WidgetRemove
<LI><a href="#[2c]">&gt;&gt;</a>&nbsp;&nbsp;&nbsp;WidgetMessageQueueAdd
<LI><a href="#[2b]">&gt;&gt;</a>&nbsp;&nbsp;&nbsp;WidgetAdd
</UL>
<BR>[Called By]<UL><LI><a href="#[2]">&gt;&gt;</a>&nbsp;&nbsp;&nbsp;loginButtonClick
</UL>

<P><STRONG><a name="[2]"></a>loginButtonClick</STRONG> (Thumb, 2 bytes, Stack size 0 bytes, main.o(.text))
<BR><BR>[Stack]<UL><LI>Max Depth = 56<LI>Call Chain = loginButtonClick &rArr; homePage &rArr; WidgetMessageQueueAdd
</UL>
<BR>[Calls]<UL><LI><a href="#[29]">&gt;&gt;</a>&nbsp;&nbsp;&nbsp;homePage
</UL>
<BR>[Address Reference Count : 1]<UL><LI> main.o(.data)
</UL>
<P><STRONG><a name="[2d]"></a>loginPage</STRONG> (Thumb, 32 bytes, Stack size 16 bytes, main.o(.text))
<BR><BR>[Stack]<UL><LI>Max Depth = 56<LI>Call Chain = loginPage &rArr; WidgetMessageQueueAdd
</UL>
<BR>[Calls]<UL><LI><a href="#[2c]">&gt;&gt;</a>&nbsp;&nbsp;&nbsp;WidgetMessageQueueAdd
<LI><a href="#[2b]">&gt;&gt;</a>&nbsp;&nbsp;&nbsp;WidgetAdd
</UL>
<BR>[Called By]<UL><LI><a href="#[f]">&gt;&gt;</a>&nbsp;&nbsp;&nbsp;main
</UL>

<P><STRONG><a name="[2e]"></a>removeAllButton</STRONG> (Thumb, 36 bytes, Stack size 8 bytes, main.o(.text))
<BR><BR>[Stack]<UL><LI>Max Depth = 16<LI>Call Chain = removeAllButton &rArr; WidgetRemove
</UL>
<BR>[Calls]<UL><LI><a href="#[2a]">&gt;&gt;</a>&nbsp;&nbsp;&nbsp;WidgetRemove
</UL>
<BR>[Called By]<UL><LI><a href="#[32]">&gt;&gt;</a>&nbsp;&nbsp;&nbsp;ecardPage
<LI><a href="#[31]">&gt;&gt;</a>&nbsp;&nbsp;&nbsp;busPage
<LI><a href="#[30]">&gt;&gt;</a>&nbsp;&nbsp;&nbsp;booksPage
<LI><a href="#[2f]">&gt;&gt;</a>&nbsp;&nbsp;&nbsp;scorePage
</UL>

<P><STRONG><a name="[2f]"></a>scorePage</STRONG> (Thumb, 40 bytes, Stack size 16 bytes, main.o(.text))
<BR><BR>[Stack]<UL><LI>Max Depth = 56<LI>Call Chain = scorePage &rArr; WidgetMessageQueueAdd
</UL>
<BR>[Calls]<UL><LI><a href="#[2c]">&gt;&gt;</a>&nbsp;&nbsp;&nbsp;WidgetMessageQueueAdd
<LI><a href="#[2b]">&gt;&gt;</a>&nbsp;&nbsp;&nbsp;WidgetAdd
<LI><a href="#[2e]">&gt;&gt;</a>&nbsp;&nbsp;&nbsp;removeAllButton
</UL>
<BR>[Called By]<UL><LI><a href="#[3]">&gt;&gt;</a>&nbsp;&nbsp;&nbsp;scoreQueryButtonClick
</UL>

<P><STRONG><a name="[3]"></a>scoreQueryButtonClick</STRONG> (Thumb, 2 bytes, Stack size 0 bytes, main.o(.text))
<BR><BR>[Stack]<UL><LI>Max Depth = 56<LI>Call Chain = scoreQueryButtonClick &rArr; scorePage &rArr; WidgetMessageQueueAdd
</UL>
<BR>[Calls]<UL><LI><a href="#[2f]">&gt;&gt;</a>&nbsp;&nbsp;&nbsp;scorePage
</UL>
<BR>[Address Reference Count : 1]<UL><LI> main.o(.data)
</UL>
<P><STRONG><a name="[30]"></a>booksPage</STRONG> (Thumb, 40 bytes, Stack size 16 bytes, main.o(.text))
<BR><BR>[Stack]<UL><LI>Max Depth = 56<LI>Call Chain = booksPage &rArr; WidgetMessageQueueAdd
</UL>
<BR>[Calls]<UL><LI><a href="#[2c]">&gt;&gt;</a>&nbsp;&nbsp;&nbsp;WidgetMessageQueueAdd
<LI><a href="#[2b]">&gt;&gt;</a>&nbsp;&nbsp;&nbsp;WidgetAdd
<LI><a href="#[2e]">&gt;&gt;</a>&nbsp;&nbsp;&nbsp;removeAllButton
</UL>
<BR>[Called By]<UL><LI><a href="#[4]">&gt;&gt;</a>&nbsp;&nbsp;&nbsp;booksQueryButtonClick
</UL>

<P><STRONG><a name="[4]"></a>booksQueryButtonClick</STRONG> (Thumb, 2 bytes, Stack size 0 bytes, main.o(.text))
<BR><BR>[Stack]<UL><LI>Max Depth = 56<LI>Call Chain = booksQueryButtonClick &rArr; booksPage &rArr; WidgetMessageQueueAdd
</UL>
<BR>[Calls]<UL><LI><a href="#[30]">&gt;&gt;</a>&nbsp;&nbsp;&nbsp;booksPage
</UL>
<BR>[Address Reference Count : 1]<UL><LI> main.o(.data)
</UL>
<P><STRONG><a name="[31]"></a>busPage</STRONG> (Thumb, 40 bytes, Stack size 16 bytes, main.o(.text))
<BR><BR>[Stack]<UL><LI>Max Depth = 56<LI>Call Chain = busPage &rArr; WidgetMessageQueueAdd
</UL>
<BR>[Calls]<UL><LI><a href="#[2c]">&gt;&gt;</a>&nbsp;&nbsp;&nbsp;WidgetMessageQueueAdd
<LI><a href="#[2b]">&gt;&gt;</a>&nbsp;&nbsp;&nbsp;WidgetAdd
<LI><a href="#[2e]">&gt;&gt;</a>&nbsp;&nbsp;&nbsp;removeAllButton
</UL>
<BR>[Called By]<UL><LI><a href="#[5]">&gt;&gt;</a>&nbsp;&nbsp;&nbsp;busQueryButtonClick
</UL>

<P><STRONG><a name="[5]"></a>busQueryButtonClick</STRONG> (Thumb, 2 bytes, Stack size 0 bytes, main.o(.text))
<BR><BR>[Stack]<UL><LI>Max Depth = 56<LI>Call Chain = busQueryButtonClick &rArr; busPage &rArr; WidgetMessageQueueAdd
</UL>
<BR>[Calls]<UL><LI><a href="#[31]">&gt;&gt;</a>&nbsp;&nbsp;&nbsp;busPage
</UL>
<BR>[Address Reference Count : 1]<UL><LI> main.o(.data)
</UL>
<P><STRONG><a name="[32]"></a>ecardPage</STRONG> (Thumb, 38 bytes, Stack size 16 bytes, main.o(.text))
<BR><BR>[Stack]<UL><LI>Max Depth = 56<LI>Call Chain = ecardPage &rArr; WidgetMessageQueueAdd
</UL>
<BR>[Calls]<UL><LI><a href="#[2c]">&gt;&gt;</a>&nbsp;&nbsp;&nbsp;WidgetMessageQueueAdd
<LI><a href="#[2b]">&gt;&gt;</a>&nbsp;&nbsp;&nbsp;WidgetAdd
<LI><a href="#[2e]">&gt;&gt;</a>&nbsp;&nbsp;&nbsp;removeAllButton
</UL>
<BR>[Called By]<UL><LI><a href="#[6]">&gt;&gt;</a>&nbsp;&nbsp;&nbsp;ecardQueryButtonClick
</UL>

<P><STRONG><a name="[6]"></a>ecardQueryButtonClick</STRONG> (Thumb, 2 bytes, Stack size 0 bytes, main.o(.text))
<BR><BR>[Stack]<UL><LI>Max Depth = 56<LI>Call Chain = ecardQueryButtonClick &rArr; ecardPage &rArr; WidgetMessageQueueAdd
</UL>
<BR>[Calls]<UL><LI><a href="#[32]">&gt;&gt;</a>&nbsp;&nbsp;&nbsp;ecardPage
</UL>
<BR>[Address Reference Count : 1]<UL><LI> main.o(.data)
</UL>
<P><STRONG><a name="[f]"></a>main</STRONG> (Thumb, 18 bytes, Stack size 0 bytes, main.o(.text))
<BR><BR>[Stack]<UL><LI>Max Depth = 120<LI>Call Chain = main &rArr; graphicInit &rArr; PinoutSet &rArr; EPIPinConfigSet &rArr; HB8ConfigGet
</UL>
<BR>[Calls]<UL><LI><a href="#[34]">&gt;&gt;</a>&nbsp;&nbsp;&nbsp;WidgetMessageQueueProcess
<LI><a href="#[2d]">&gt;&gt;</a>&nbsp;&nbsp;&nbsp;loginPage
<LI><a href="#[23]">&gt;&gt;</a>&nbsp;&nbsp;&nbsp;graphicInit
<LI><a href="#[33]">&gt;&gt;</a>&nbsp;&nbsp;&nbsp;initSysClock
</UL>
<BR>[Address Reference Count : 1]<UL><LI> entry7.o(.ARM.Collect$$$$00000007)
</UL>
<P><STRONG><a name="[25]"></a>Kitronix320x240x16_SSD2119Init</STRONG> (Thumb, 562 bytes, Stack size 24 bytes, kitronix320x240x16_ssd2119_8bit.o(.text))
<BR><BR>[Stack]<UL><LI>Max Depth = 56<LI>Call Chain = Kitronix320x240x16_SSD2119Init &rArr; InitGPIOLCDInterface
</UL>
<BR>[Calls]<UL><LI><a href="#[22]">&gt;&gt;</a>&nbsp;&nbsp;&nbsp;SysCtlDelay
<LI><a href="#[35]">&gt;&gt;</a>&nbsp;&nbsp;&nbsp;InitGPIOLCDInterface
</UL>
<BR>[Called By]<UL><LI><a href="#[23]">&gt;&gt;</a>&nbsp;&nbsp;&nbsp;graphicInit
</UL>

<P><STRONG><a name="[24]"></a>PinoutSet</STRONG> (Thumb, 204 bytes, Stack size 56 bytes, set_pinout.o(.text))
<BR><BR>[Stack]<UL><LI>Max Depth = 112<LI>Call Chain = PinoutSet &rArr; EPIPinConfigSet &rArr; HB8ConfigGet
</UL>
<BR>[Calls]<UL><LI><a href="#[42]">&gt;&gt;</a>&nbsp;&nbsp;&nbsp;PortControlSet
<LI><a href="#[41]">&gt;&gt;</a>&nbsp;&nbsp;&nbsp;DaughterBoardTypeGet
<LI><a href="#[38]">&gt;&gt;</a>&nbsp;&nbsp;&nbsp;EPIPinConfigSet
<LI><a href="#[22]">&gt;&gt;</a>&nbsp;&nbsp;&nbsp;SysCtlDelay
</UL>
<BR>[Called By]<UL><LI><a href="#[23]">&gt;&gt;</a>&nbsp;&nbsp;&nbsp;graphicInit
</UL>

<P><STRONG><a name="[e]"></a>TouchScreenIntHandler</STRONG> (Thumb, 358 bytes, Stack size 32 bytes, touch.o(.text))
<BR><BR>[Stack]<UL><LI>Max Depth = 64<LI>Call Chain = TouchScreenIntHandler &rArr; TouchScreenDebouncer
</UL>
<BR>[Calls]<UL><LI><a href="#[44]">&gt;&gt;</a>&nbsp;&nbsp;&nbsp;TouchScreenDebouncer
</UL>
<BR>[Address Reference Count : 1]<UL><LI> startup.o(RESET)
</UL>
<P><STRONG><a name="[27]"></a>TouchScreenInit</STRONG> (Thumb, 314 bytes, Stack size 24 bytes, touch.o(.text))
<BR><BR>[Stack]<UL><LI>Max Depth = 24<LI>Call Chain = TouchScreenInit
</UL>
<BR>[Called By]<UL><LI><a href="#[23]">&gt;&gt;</a>&nbsp;&nbsp;&nbsp;graphicInit
</UL>

<P><STRONG><a name="[28]"></a>TouchScreenCallbackSet</STRONG> (Thumb, 6 bytes, Stack size 0 bytes, touch.o(.text))
<BR><BR>[Called By]<UL><LI><a href="#[23]">&gt;&gt;</a>&nbsp;&nbsp;&nbsp;graphicInit
</UL>

<P><STRONG><a name="[21]"></a>__scatterload</STRONG> (Thumb, 28 bytes, Stack size 0 bytes, init.o(.text))
<BR><BR>[Calls]<UL><LI><a href="#[45]">&gt;&gt;</a>&nbsp;&nbsp;&nbsp;__main_after_scatterload
</UL>
<BR>[Called By]<UL><LI><a href="#[20]">&gt;&gt;</a>&nbsp;&nbsp;&nbsp;_main_scatterload
</UL>

<P><STRONG><a name="[5b]"></a>__scatterload_rt2</STRONG> (Thumb, 0 bytes, Stack size 0 bytes, init.o(.text), UNUSED)

<P><STRONG><a name="[5c]"></a>__decompress</STRONG> (Thumb, 0 bytes, Stack size unknown bytes, __dczerorl2.o(.text), UNUSED)

<P><STRONG><a name="[5d]"></a>__decompress1</STRONG> (Thumb, 92 bytes, Stack size unknown bytes, __dczerorl2.o(.text), UNUSED)

<P><STRONG><a name="[0]"></a>CanvasMsgProc</STRONG> (Thumb, 438 bytes, Stack size 72 bytes, canvas.o(i.CanvasMsgProc))
<BR><BR>[Stack]<UL><LI>Max Depth = 272<LI>Call Chain = CanvasMsgProc &rArr; GrImageDraw &rArr; InternalImageDraw &rArr; PixelTransparentDraw
</UL>
<BR>[Calls]<UL><LI><a href="#[9]">&gt;&gt;</a>&nbsp;&nbsp;&nbsp;WidgetDefaultMsgProc
<LI><a href="#[4b]">&gt;&gt;</a>&nbsp;&nbsp;&nbsp;GrStringWidthGet
<LI><a href="#[4d]">&gt;&gt;</a>&nbsp;&nbsp;&nbsp;GrStringDraw
<LI><a href="#[47]">&gt;&gt;</a>&nbsp;&nbsp;&nbsp;GrRectFill
<LI><a href="#[48]">&gt;&gt;</a>&nbsp;&nbsp;&nbsp;GrRectDraw
<LI><a href="#[49]">&gt;&gt;</a>&nbsp;&nbsp;&nbsp;GrImageDraw
<LI><a href="#[4c]">&gt;&gt;</a>&nbsp;&nbsp;&nbsp;GrFontHeightGet
<LI><a href="#[4a]">&gt;&gt;</a>&nbsp;&nbsp;&nbsp;GrContextFontSet
<LI><a href="#[46]">&gt;&gt;</a>&nbsp;&nbsp;&nbsp;GrContextClipRegionSet
<LI><a href="#[26]">&gt;&gt;</a>&nbsp;&nbsp;&nbsp;GrContextInit
</UL>
<BR>[Address Reference Count : 2]<UL><LI> main.o(.data)
<LI> main.o(.data)
</UL>
<P><STRONG><a name="[40]"></a>EPIAddressMapSet</STRONG> (Thumb, 4 bytes, Stack size 0 bytes, epi.o(i.EPIAddressMapSet))
<BR><BR>[Called By]<UL><LI><a href="#[38]">&gt;&gt;</a>&nbsp;&nbsp;&nbsp;EPIPinConfigSet
</UL>

<P><STRONG><a name="[3f]"></a>EPIConfigGPModeSet</STRONG> (Thumb, 34 bytes, Stack size 0 bytes, epi.o(i.EPIConfigGPModeSet))
<BR><BR>[Called By]<UL><LI><a href="#[38]">&gt;&gt;</a>&nbsp;&nbsp;&nbsp;EPIPinConfigSet
</UL>

<P><STRONG><a name="[3e]"></a>EPIConfigHB8Set</STRONG> (Thumb, 46 bytes, Stack size 0 bytes, epi.o(i.EPIConfigHB8Set))
<BR><BR>[Called By]<UL><LI><a href="#[38]">&gt;&gt;</a>&nbsp;&nbsp;&nbsp;EPIPinConfigSet
</UL>

<P><STRONG><a name="[3c]"></a>EPIConfigSDRAMSet</STRONG> (Thumb, 12 bytes, Stack size 0 bytes, epi.o(i.EPIConfigSDRAMSet))
<BR><BR>[Called By]<UL><LI><a href="#[38]">&gt;&gt;</a>&nbsp;&nbsp;&nbsp;EPIPinConfigSet
</UL>

<P><STRONG><a name="[3a]"></a>EPIDividerSet</STRONG> (Thumb, 4 bytes, Stack size 0 bytes, epi.o(i.EPIDividerSet))
<BR><BR>[Called By]<UL><LI><a href="#[38]">&gt;&gt;</a>&nbsp;&nbsp;&nbsp;EPIPinConfigSet
</UL>

<P><STRONG><a name="[3b]"></a>EPIModeSet</STRONG> (Thumb, 4 bytes, Stack size 0 bytes, epi.o(i.EPIModeSet))
<BR><BR>[Called By]<UL><LI><a href="#[38]">&gt;&gt;</a>&nbsp;&nbsp;&nbsp;EPIPinConfigSet
</UL>

<P><STRONG><a name="[43]"></a>GPIOPinConfigure</STRONG> (Thumb, 64 bytes, Stack size 0 bytes, gpio.o(i.GPIOPinConfigure))
<BR><BR>[Called By]<UL><LI><a href="#[42]">&gt;&gt;</a>&nbsp;&nbsp;&nbsp;PortControlSet
</UL>

<P><STRONG><a name="[46]"></a>GrContextClipRegionSet</STRONG> (Thumb, 112 bytes, Stack size 0 bytes, context.o(i.GrContextClipRegionSet))
<BR><BR>[Called By]<UL><LI><a href="#[55]">&gt;&gt;</a>&nbsp;&nbsp;&nbsp;RectangularButtonPaint
<LI><a href="#[0]">&gt;&gt;</a>&nbsp;&nbsp;&nbsp;CanvasMsgProc
</UL>

<P><STRONG><a name="[4a]"></a>GrContextFontSet</STRONG> (Thumb, 6 bytes, Stack size 0 bytes, string.o(i.GrContextFontSet))
<BR><BR>[Stack]<UL><LI>Max Depth = 16<LI>Call Chain = GrContextFontSet &rArr; UpdateContextCharMapping
</UL>
<BR>[Calls]<UL><LI><a href="#[4e]">&gt;&gt;</a>&nbsp;&nbsp;&nbsp;UpdateContextCharMapping
</UL>
<BR>[Called By]<UL><LI><a href="#[55]">&gt;&gt;</a>&nbsp;&nbsp;&nbsp;RectangularButtonPaint
<LI><a href="#[0]">&gt;&gt;</a>&nbsp;&nbsp;&nbsp;CanvasMsgProc
</UL>

<P><STRONG><a name="[26]"></a>GrContextInit</STRONG> (Thumb, 88 bytes, Stack size 0 bytes, context.o(i.GrContextInit))
<BR><BR>[Called By]<UL><LI><a href="#[55]">&gt;&gt;</a>&nbsp;&nbsp;&nbsp;RectangularButtonPaint
<LI><a href="#[0]">&gt;&gt;</a>&nbsp;&nbsp;&nbsp;CanvasMsgProc
<LI><a href="#[23]">&gt;&gt;</a>&nbsp;&nbsp;&nbsp;graphicInit
</UL>

<P><STRONG><a name="[15]"></a>GrDefaultStringRenderer</STRONG> (Thumb, 280 bytes, Stack size 72 bytes, string.o(i.GrDefaultStringRenderer))
<BR><BR>[Stack]<UL><LI>Max Depth = 136<LI>Call Chain = GrDefaultStringRenderer &rArr; GrFontGlyphRender
</UL>
<BR>[Calls]<UL><LI><a href="#[50]">&gt;&gt;</a>&nbsp;&nbsp;&nbsp;GrFontGlyphRender
<LI><a href="#[4f]">&gt;&gt;</a>&nbsp;&nbsp;&nbsp;GrFontGlyphDataGet
</UL>
<BR>[Address Reference Count : 1]<UL><LI> context.o(i.GrContextInit)
</UL>
<P><STRONG><a name="[56]"></a>GrFontBaselineGet</STRONG> (Thumb, 44 bytes, Stack size 24 bytes, string.o(i.GrFontBaselineGet))
<BR><BR>[Stack]<UL><LI>Max Depth = 24<LI>Call Chain = GrFontBaselineGet
</UL>
<BR>[Called By]<UL><LI><a href="#[55]">&gt;&gt;</a>&nbsp;&nbsp;&nbsp;RectangularButtonPaint
</UL>

<P><STRONG><a name="[4f]"></a>GrFontGlyphDataGet</STRONG> (Thumb, 166 bytes, Stack size 16 bytes, string.o(i.GrFontGlyphDataGet))
<BR><BR>[Stack]<UL><LI>Max Depth = 16<LI>Call Chain = GrFontGlyphDataGet
</UL>
<BR>[Called By]<UL><LI><a href="#[15]">&gt;&gt;</a>&nbsp;&nbsp;&nbsp;GrDefaultStringRenderer
<LI><a href="#[4b]">&gt;&gt;</a>&nbsp;&nbsp;&nbsp;GrStringWidthGet
</UL>

<P><STRONG><a name="[50]"></a>GrFontGlyphRender</STRONG> (Thumb, 646 bytes, Stack size 64 bytes, string.o(i.GrFontGlyphRender))
<BR><BR>[Stack]<UL><LI>Max Depth = 64<LI>Call Chain = GrFontGlyphRender
</UL>
<BR>[Called By]<UL><LI><a href="#[15]">&gt;&gt;</a>&nbsp;&nbsp;&nbsp;GrDefaultStringRenderer
</UL>

<P><STRONG><a name="[4c]"></a>GrFontHeightGet</STRONG> (Thumb, 44 bytes, Stack size 24 bytes, string.o(i.GrFontHeightGet))
<BR><BR>[Stack]<UL><LI>Max Depth = 24<LI>Call Chain = GrFontHeightGet
</UL>
<BR>[Called By]<UL><LI><a href="#[0]">&gt;&gt;</a>&nbsp;&nbsp;&nbsp;CanvasMsgProc
</UL>

<P><STRONG><a name="[49]"></a>GrImageDraw</STRONG> (Thumb, 24 bytes, Stack size 16 bytes, image.o(i.GrImageDraw))
<BR><BR>[Stack]<UL><LI>Max Depth = 200<LI>Call Chain = GrImageDraw &rArr; InternalImageDraw &rArr; PixelTransparentDraw
</UL>
<BR>[Calls]<UL><LI><a href="#[51]">&gt;&gt;</a>&nbsp;&nbsp;&nbsp;InternalImageDraw
</UL>
<BR>[Called By]<UL><LI><a href="#[55]">&gt;&gt;</a>&nbsp;&nbsp;&nbsp;RectangularButtonPaint
<LI><a href="#[0]">&gt;&gt;</a>&nbsp;&nbsp;&nbsp;CanvasMsgProc
</UL>

<P><STRONG><a name="[52]"></a>GrLineDrawH</STRONG> (Thumb, 76 bytes, Stack size 16 bytes, line.o(i.GrLineDrawH))
<BR><BR>[Stack]<UL><LI>Max Depth = 16<LI>Call Chain = GrLineDrawH
</UL>
<BR>[Called By]<UL><LI><a href="#[48]">&gt;&gt;</a>&nbsp;&nbsp;&nbsp;GrRectDraw
</UL>

<P><STRONG><a name="[53]"></a>GrLineDrawV</STRONG> (Thumb, 76 bytes, Stack size 16 bytes, line.o(i.GrLineDrawV))
<BR><BR>[Stack]<UL><LI>Max Depth = 16<LI>Call Chain = GrLineDrawV
</UL>
<BR>[Called By]<UL><LI><a href="#[48]">&gt;&gt;</a>&nbsp;&nbsp;&nbsp;GrRectDraw
</UL>

<P><STRONG><a name="[1d]"></a>GrMapISO8859_1_Unicode</STRONG> (Thumb, 8 bytes, Stack size 0 bytes, charmap.o(i.GrMapISO8859_1_Unicode))
<BR>[Address Reference Count : 1]<UL><LI> context.o(.constdata)
</UL>
<P><STRONG><a name="[48]"></a>GrRectDraw</STRONG> (Thumb, 108 bytes, Stack size 16 bytes, rectangle.o(i.GrRectDraw))
<BR><BR>[Stack]<UL><LI>Max Depth = 32<LI>Call Chain = GrRectDraw &rArr; GrLineDrawV
</UL>
<BR>[Calls]<UL><LI><a href="#[53]">&gt;&gt;</a>&nbsp;&nbsp;&nbsp;GrLineDrawV
<LI><a href="#[52]">&gt;&gt;</a>&nbsp;&nbsp;&nbsp;GrLineDrawH
</UL>
<BR>[Called By]<UL><LI><a href="#[55]">&gt;&gt;</a>&nbsp;&nbsp;&nbsp;RectangularButtonPaint
<LI><a href="#[0]">&gt;&gt;</a>&nbsp;&nbsp;&nbsp;CanvasMsgProc
</UL>

<P><STRONG><a name="[47]"></a>GrRectFill</STRONG> (Thumb, 180 bytes, Stack size 24 bytes, rectangle.o(i.GrRectFill))
<BR><BR>[Stack]<UL><LI>Max Depth = 24<LI>Call Chain = GrRectFill
</UL>
<BR>[Called By]<UL><LI><a href="#[55]">&gt;&gt;</a>&nbsp;&nbsp;&nbsp;RectangularButtonPaint
<LI><a href="#[0]">&gt;&gt;</a>&nbsp;&nbsp;&nbsp;CanvasMsgProc
</UL>

<P><STRONG><a name="[4d]"></a>GrStringDraw</STRONG> (Thumb, 22 bytes, Stack size 16 bytes, string.o(i.GrStringDraw))
<BR><BR>[Stack]<UL><LI>Max Depth = 16<LI>Call Chain = GrStringDraw
</UL>
<BR>[Called By]<UL><LI><a href="#[55]">&gt;&gt;</a>&nbsp;&nbsp;&nbsp;RectangularButtonPaint
<LI><a href="#[0]">&gt;&gt;</a>&nbsp;&nbsp;&nbsp;CanvasMsgProc
</UL>

<P><STRONG><a name="[4b]"></a>GrStringWidthGet</STRONG> (Thumb, 192 bytes, Stack size 64 bytes, string.o(i.GrStringWidthGet))
<BR><BR>[Stack]<UL><LI>Max Depth = 80<LI>Call Chain = GrStringWidthGet &rArr; GrFontGlyphDataGet
</UL>
<BR>[Calls]<UL><LI><a href="#[4f]">&gt;&gt;</a>&nbsp;&nbsp;&nbsp;GrFontGlyphDataGet
</UL>
<BR>[Called By]<UL><LI><a href="#[55]">&gt;&gt;</a>&nbsp;&nbsp;&nbsp;RectangularButtonPaint
<LI><a href="#[0]">&gt;&gt;</a>&nbsp;&nbsp;&nbsp;CanvasMsgProc
</UL>

<P><STRONG><a name="[37]"></a>I2CMasterErr</STRONG> (Thumb, 24 bytes, Stack size 0 bytes, i2c.o(i.I2CMasterErr))
<BR><BR>[Called By]<UL><LI><a href="#[36]">&gt;&gt;</a>&nbsp;&nbsp;&nbsp;EEPROMReadPolled
</UL>

<P><STRONG><a name="[1]"></a>RectangularButtonMsgProc</STRONG> (Thumb, 288 bytes, Stack size 24 bytes, pushbutton.o(i.RectangularButtonMsgProc))
<BR><BR>[Stack]<UL><LI>Max Depth = 304<LI>Call Chain = RectangularButtonMsgProc &rArr; RectangularButtonPaint &rArr; GrImageDraw &rArr; InternalImageDraw &rArr; PixelTransparentDraw
</UL>
<BR>[Calls]<UL><LI><a href="#[55]">&gt;&gt;</a>&nbsp;&nbsp;&nbsp;RectangularButtonPaint
<LI><a href="#[9]">&gt;&gt;</a>&nbsp;&nbsp;&nbsp;WidgetDefaultMsgProc
</UL>
<BR>[Address Reference Count : 1]<UL><LI> main.o(.data)
</UL>
<P><STRONG><a name="[2b]"></a>WidgetAdd</STRONG> (Thumb, 38 bytes, Stack size 0 bytes, widget.o(i.WidgetAdd))
<BR><BR>[Called By]<UL><LI><a href="#[32]">&gt;&gt;</a>&nbsp;&nbsp;&nbsp;ecardPage
<LI><a href="#[31]">&gt;&gt;</a>&nbsp;&nbsp;&nbsp;busPage
<LI><a href="#[30]">&gt;&gt;</a>&nbsp;&nbsp;&nbsp;booksPage
<LI><a href="#[2f]">&gt;&gt;</a>&nbsp;&nbsp;&nbsp;scorePage
<LI><a href="#[2d]">&gt;&gt;</a>&nbsp;&nbsp;&nbsp;loginPage
<LI><a href="#[29]">&gt;&gt;</a>&nbsp;&nbsp;&nbsp;homePage
</UL>

<P><STRONG><a name="[9]"></a>WidgetDefaultMsgProc</STRONG> (Thumb, 4 bytes, Stack size 0 bytes, widget.o(i.WidgetDefaultMsgProc))
<BR><BR>[Called By]<UL><LI><a href="#[1]">&gt;&gt;</a>&nbsp;&nbsp;&nbsp;RectangularButtonMsgProc
<LI><a href="#[0]">&gt;&gt;</a>&nbsp;&nbsp;&nbsp;CanvasMsgProc
</UL>
<BR>[Address Reference Count : 1]<UL><LI> widget.o(.data)
</UL>
<P><STRONG><a name="[2c]"></a>WidgetMessageQueueAdd</STRONG> (Thumb, 218 bytes, Stack size 40 bytes, widget.o(i.WidgetMessageQueueAdd))
<BR><BR>[Stack]<UL><LI>Max Depth = 40<LI>Call Chain = WidgetMessageQueueAdd
</UL>
<BR>[Calls]<UL><LI><a href="#[57]">&gt;&gt;</a>&nbsp;&nbsp;&nbsp;WidgetMutexGet
</UL>
<BR>[Called By]<UL><LI><a href="#[10]">&gt;&gt;</a>&nbsp;&nbsp;&nbsp;WidgetPointerMessage
<LI><a href="#[32]">&gt;&gt;</a>&nbsp;&nbsp;&nbsp;ecardPage
<LI><a href="#[31]">&gt;&gt;</a>&nbsp;&nbsp;&nbsp;busPage
<LI><a href="#[30]">&gt;&gt;</a>&nbsp;&nbsp;&nbsp;booksPage
<LI><a href="#[2f]">&gt;&gt;</a>&nbsp;&nbsp;&nbsp;scorePage
<LI><a href="#[2d]">&gt;&gt;</a>&nbsp;&nbsp;&nbsp;loginPage
<LI><a href="#[29]">&gt;&gt;</a>&nbsp;&nbsp;&nbsp;homePage
</UL>

<P><STRONG><a name="[34]"></a>WidgetMessageQueueProcess</STRONG> (Thumb, 164 bytes, Stack size 40 bytes, widget.o(i.WidgetMessageQueueProcess))
<BR><BR>[Stack]<UL><LI>Max Depth = 80<LI>Call Chain = WidgetMessageQueueProcess &rArr; WidgetMessageSendPostOrder
</UL>
<BR>[Calls]<UL><LI><a href="#[58]">&gt;&gt;</a>&nbsp;&nbsp;&nbsp;WidgetMessageSendPostOrder
</UL>
<BR>[Called By]<UL><LI><a href="#[f]">&gt;&gt;</a>&nbsp;&nbsp;&nbsp;main
</UL>

<P><STRONG><a name="[58]"></a>WidgetMessageSendPostOrder</STRONG> (Thumb, 208 bytes, Stack size 40 bytes, widget.o(i.WidgetMessageSendPostOrder))
<BR><BR>[Stack]<UL><LI>Max Depth = 40<LI>Call Chain = WidgetMessageSendPostOrder
</UL>
<BR>[Called By]<UL><LI><a href="#[34]">&gt;&gt;</a>&nbsp;&nbsp;&nbsp;WidgetMessageQueueProcess
</UL>

<P><STRONG><a name="[10]"></a>WidgetPointerMessage</STRONG> (Thumb, 28 bytes, Stack size 16 bytes, widget.o(i.WidgetPointerMessage))
<BR><BR>[Stack]<UL><LI>Max Depth = 56<LI>Call Chain = WidgetPointerMessage &rArr; WidgetMessageQueueAdd
</UL>
<BR>[Calls]<UL><LI><a href="#[2c]">&gt;&gt;</a>&nbsp;&nbsp;&nbsp;WidgetMessageQueueAdd
</UL>
<BR>[Address Reference Count : 1]<UL><LI> main.o(.text)
</UL>
<P><STRONG><a name="[2a]"></a>WidgetRemove</STRONG> (Thumb, 150 bytes, Stack size 8 bytes, widget.o(i.WidgetRemove))
<BR><BR>[Stack]<UL><LI>Max Depth = 8<LI>Call Chain = WidgetRemove
</UL>
<BR>[Called By]<UL><LI><a href="#[2e]">&gt;&gt;</a>&nbsp;&nbsp;&nbsp;removeAllButton
<LI><a href="#[29]">&gt;&gt;</a>&nbsp;&nbsp;&nbsp;homePage
</UL>

<P><STRONG><a name="[5e]"></a>__scatterload_copy</STRONG> (Thumb, 14 bytes, Stack size unknown bytes, handlers.o(i.__scatterload_copy), UNUSED)

<P><STRONG><a name="[5f]"></a>__scatterload_null</STRONG> (Thumb, 2 bytes, Stack size unknown bytes, handlers.o(i.__scatterload_null), UNUSED)

<P><STRONG><a name="[60]"></a>__scatterload_zeroinit</STRONG> (Thumb, 14 bytes, Stack size unknown bytes, handlers.o(i.__scatterload_zeroinit), UNUSED)
<P>
<H3>
Local Symbols
</H3>
<P><STRONG><a name="[b]"></a>NmiSR</STRONG> (Thumb, 0 bytes, Stack size unknown bytes, startup.o(RESET))
<BR><BR>[Calls]<UL><LI><a href="#[b]">&gt;&gt;</a>&nbsp;&nbsp;&nbsp;NmiSR
</UL>
<BR>[Called By]<UL><LI><a href="#[b]">&gt;&gt;</a>&nbsp;&nbsp;&nbsp;NmiSR
</UL>
<BR>[Address Reference Count : 1]<UL><LI> startup.o(RESET)
</UL>
<P><STRONG><a name="[c]"></a>FaultISR</STRONG> (Thumb, 0 bytes, Stack size unknown bytes, startup.o(RESET))
<BR><BR>[Calls]<UL><LI><a href="#[c]">&gt;&gt;</a>&nbsp;&nbsp;&nbsp;FaultISR
</UL>
<BR>[Called By]<UL><LI><a href="#[c]">&gt;&gt;</a>&nbsp;&nbsp;&nbsp;FaultISR
</UL>
<BR>[Address Reference Count : 1]<UL><LI> startup.o(RESET)
</UL>
<P><STRONG><a name="[d]"></a>IntDefaultHandler</STRONG> (Thumb, 0 bytes, Stack size unknown bytes, startup.o(RESET))
<BR><BR>[Calls]<UL><LI><a href="#[d]">&gt;&gt;</a>&nbsp;&nbsp;&nbsp;IntDefaultHandler
</UL>
<BR>[Called By]<UL><LI><a href="#[d]">&gt;&gt;</a>&nbsp;&nbsp;&nbsp;IntDefaultHandler
</UL>
<BR>[Address Reference Count : 1]<UL><LI> startup.o(RESET)
</UL>
<P><STRONG><a name="[7]"></a>WriteDataGPIO</STRONG> (Thumb, 34 bytes, Stack size 8 bytes, kitronix320x240x16_ssd2119_8bit.o(.text))
<BR><BR>[Stack]<UL><LI>Max Depth = 8<LI>Call Chain = WriteDataGPIO
</UL>
<BR>[Address Reference Count : 1]<UL><LI> kitronix320x240x16_ssd2119_8bit.o(.data)
</UL>
<P><STRONG><a name="[11]"></a>WriteDataEPI</STRONG> (Thumb, 12 bytes, Stack size 0 bytes, kitronix320x240x16_ssd2119_8bit.o(.text))
<BR>[Address Reference Count : 1]<UL><LI> kitronix320x240x16_ssd2119_8bit.o(.text)
</UL>
<P><STRONG><a name="[12]"></a>WriteCommandEPI</STRONG> (Thumb, 12 bytes, Stack size 0 bytes, kitronix320x240x16_ssd2119_8bit.o(.text))
<BR>[Address Reference Count : 1]<UL><LI> kitronix320x240x16_ssd2119_8bit.o(.text)
</UL>
<P><STRONG><a name="[13]"></a>WriteDataFPGA</STRONG> (Thumb, 12 bytes, Stack size 0 bytes, kitronix320x240x16_ssd2119_8bit.o(.text))
<BR><BR>[Calls]<UL><LI><a href="#[22]">&gt;&gt;</a>&nbsp;&nbsp;&nbsp;SysCtlDelay
</UL>
<BR>[Address Reference Count : 1]<UL><LI> kitronix320x240x16_ssd2119_8bit.o(.text)
</UL>
<P><STRONG><a name="[14]"></a>WriteCommandFPGA</STRONG> (Thumb, 12 bytes, Stack size 0 bytes, kitronix320x240x16_ssd2119_8bit.o(.text))
<BR><BR>[Calls]<UL><LI><a href="#[22]">&gt;&gt;</a>&nbsp;&nbsp;&nbsp;SysCtlDelay
</UL>
<BR>[Address Reference Count : 1]<UL><LI> kitronix320x240x16_ssd2119_8bit.o(.text)
</UL>
<P><STRONG><a name="[8]"></a>WriteCommandGPIO</STRONG> (Thumb, 42 bytes, Stack size 8 bytes, kitronix320x240x16_ssd2119_8bit.o(.text))
<BR><BR>[Stack]<UL><LI>Max Depth = 8<LI>Call Chain = WriteCommandGPIO
</UL>
<BR>[Address Reference Count : 1]<UL><LI> kitronix320x240x16_ssd2119_8bit.o(.data)
</UL>
<P><STRONG><a name="[35]"></a>InitGPIOLCDInterface</STRONG> (Thumb, 282 bytes, Stack size 32 bytes, kitronix320x240x16_ssd2119_8bit.o(.text))
<BR><BR>[Stack]<UL><LI>Max Depth = 32<LI>Call Chain = InitGPIOLCDInterface
</UL>
<BR>[Calls]<UL><LI><a href="#[22]">&gt;&gt;</a>&nbsp;&nbsp;&nbsp;SysCtlDelay
</UL>
<BR>[Called By]<UL><LI><a href="#[25]">&gt;&gt;</a>&nbsp;&nbsp;&nbsp;Kitronix320x240x16_SSD2119Init
</UL>

<P><STRONG><a name="[16]"></a>Kitronix320x240x16_SSD2119PixelDraw</STRONG> (Thumb, 104 bytes, Stack size 24 bytes, kitronix320x240x16_ssd2119_8bit.o(.text))
<BR><BR>[Stack]<UL><LI>Max Depth = 24<LI>Call Chain = Kitronix320x240x16_SSD2119PixelDraw
</UL>
<BR>[Address Reference Count : 1]<UL><LI> kitronix320x240x16_ssd2119_8bit.o(.constdata)
</UL>
<P><STRONG><a name="[17]"></a>Kitronix320x240x16_SSD2119PixelDrawMultiple</STRONG> (Thumb, 326 bytes, Stack size 40 bytes, kitronix320x240x16_ssd2119_8bit.o(.text))
<BR><BR>[Stack]<UL><LI>Max Depth = 40<LI>Call Chain = Kitronix320x240x16_SSD2119PixelDrawMultiple
</UL>
<BR>[Address Reference Count : 1]<UL><LI> kitronix320x240x16_ssd2119_8bit.o(.constdata)
</UL>
<P><STRONG><a name="[18]"></a>Kitronix320x240x16_SSD2119LineDrawH</STRONG> (Thumb, 82 bytes, Stack size 24 bytes, kitronix320x240x16_ssd2119_8bit.o(.text))
<BR><BR>[Stack]<UL><LI>Max Depth = 24<LI>Call Chain = Kitronix320x240x16_SSD2119LineDrawH
</UL>
<BR>[Address Reference Count : 1]<UL><LI> kitronix320x240x16_ssd2119_8bit.o(.constdata)
</UL>
<P><STRONG><a name="[19]"></a>Kitronix320x240x16_SSD2119LineDrawV</STRONG> (Thumb, 82 bytes, Stack size 24 bytes, kitronix320x240x16_ssd2119_8bit.o(.text))
<BR><BR>[Stack]<UL><LI>Max Depth = 24<LI>Call Chain = Kitronix320x240x16_SSD2119LineDrawV
</UL>
<BR>[Address Reference Count : 1]<UL><LI> kitronix320x240x16_ssd2119_8bit.o(.constdata)
</UL>
<P><STRONG><a name="[1a]"></a>Kitronix320x240x16_SSD2119RectFill</STRONG> (Thumb, 184 bytes, Stack size 24 bytes, kitronix320x240x16_ssd2119_8bit.o(.text))
<BR><BR>[Stack]<UL><LI>Max Depth = 24<LI>Call Chain = Kitronix320x240x16_SSD2119RectFill
</UL>
<BR>[Address Reference Count : 1]<UL><LI> kitronix320x240x16_ssd2119_8bit.o(.constdata)
</UL>
<P><STRONG><a name="[1b]"></a>Kitronix320x240x16_SSD2119ColorTranslate</STRONG> (Thumb, 22 bytes, Stack size 0 bytes, kitronix320x240x16_ssd2119_8bit.o(.text))
<BR>[Address Reference Count : 1]<UL><LI> kitronix320x240x16_ssd2119_8bit.o(.constdata)
</UL>
<P><STRONG><a name="[1c]"></a>Kitronix320x240x16_SSD2119Flush</STRONG> (Thumb, 2 bytes, Stack size 0 bytes, kitronix320x240x16_ssd2119_8bit.o(.text))
<BR>[Address Reference Count : 1]<UL><LI> kitronix320x240x16_ssd2119_8bit.o(.constdata)
</UL>
<P><STRONG><a name="[36]"></a>EEPROMReadPolled</STRONG> (Thumb, 262 bytes, Stack size 24 bytes, set_pinout.o(.text))
<BR><BR>[Stack]<UL><LI>Max Depth = 24<LI>Call Chain = EEPROMReadPolled
</UL>
<BR>[Calls]<UL><LI><a href="#[37]">&gt;&gt;</a>&nbsp;&nbsp;&nbsp;I2CMasterErr
<LI><a href="#[22]">&gt;&gt;</a>&nbsp;&nbsp;&nbsp;SysCtlDelay
</UL>
<BR>[Called By]<UL><LI><a href="#[41]">&gt;&gt;</a>&nbsp;&nbsp;&nbsp;DaughterBoardTypeGet
</UL>

<P><STRONG><a name="[39]"></a>EPIDividerFromRate</STRONG> (Thumb, 40 bytes, Stack size 0 bytes, set_pinout.o(.text))
<BR><BR>[Called By]<UL><LI><a href="#[38]">&gt;&gt;</a>&nbsp;&nbsp;&nbsp;EPIPinConfigSet
</UL>

<P><STRONG><a name="[38]"></a>EPIPinConfigSet</STRONG> (Thumb, 336 bytes, Stack size 48 bytes, set_pinout.o(.text))
<BR><BR>[Stack]<UL><LI>Max Depth = 56<LI>Call Chain = EPIPinConfigSet &rArr; HB8ConfigGet
</UL>
<BR>[Calls]<UL><LI><a href="#[3b]">&gt;&gt;</a>&nbsp;&nbsp;&nbsp;EPIModeSet
<LI><a href="#[3a]">&gt;&gt;</a>&nbsp;&nbsp;&nbsp;EPIDividerSet
<LI><a href="#[3c]">&gt;&gt;</a>&nbsp;&nbsp;&nbsp;EPIConfigSDRAMSet
<LI><a href="#[3e]">&gt;&gt;</a>&nbsp;&nbsp;&nbsp;EPIConfigHB8Set
<LI><a href="#[3f]">&gt;&gt;</a>&nbsp;&nbsp;&nbsp;EPIConfigGPModeSet
<LI><a href="#[40]">&gt;&gt;</a>&nbsp;&nbsp;&nbsp;EPIAddressMapSet
<LI><a href="#[3d]">&gt;&gt;</a>&nbsp;&nbsp;&nbsp;HB8ConfigGet
<LI><a href="#[39]">&gt;&gt;</a>&nbsp;&nbsp;&nbsp;EPIDividerFromRate
</UL>
<BR>[Called By]<UL><LI><a href="#[24]">&gt;&gt;</a>&nbsp;&nbsp;&nbsp;PinoutSet
</UL>

<P><STRONG><a name="[41]"></a>DaughterBoardTypeGet</STRONG> (Thumb, 158 bytes, Stack size 24 bytes, set_pinout.o(.text))
<BR><BR>[Stack]<UL><LI>Max Depth = 48<LI>Call Chain = DaughterBoardTypeGet &rArr; EEPROMReadPolled
</UL>
<BR>[Calls]<UL><LI><a href="#[36]">&gt;&gt;</a>&nbsp;&nbsp;&nbsp;EEPROMReadPolled
<LI><a href="#[22]">&gt;&gt;</a>&nbsp;&nbsp;&nbsp;SysCtlDelay
</UL>
<BR>[Called By]<UL><LI><a href="#[24]">&gt;&gt;</a>&nbsp;&nbsp;&nbsp;PinoutSet
</UL>

<P><STRONG><a name="[3d]"></a>HB8ConfigGet</STRONG> (Thumb, 166 bytes, Stack size 8 bytes, set_pinout.o(.text))
<BR><BR>[Stack]<UL><LI>Max Depth = 8<LI>Call Chain = HB8ConfigGet
</UL>
<BR>[Called By]<UL><LI><a href="#[38]">&gt;&gt;</a>&nbsp;&nbsp;&nbsp;EPIPinConfigSet
</UL>

<P><STRONG><a name="[42]"></a>PortControlSet</STRONG> (Thumb, 180 bytes, Stack size 24 bytes, set_pinout.o(.text))
<BR><BR>[Stack]<UL><LI>Max Depth = 24<LI>Call Chain = PortControlSet
</UL>
<BR>[Calls]<UL><LI><a href="#[43]">&gt;&gt;</a>&nbsp;&nbsp;&nbsp;GPIOPinConfigure
</UL>
<BR>[Called By]<UL><LI><a href="#[24]">&gt;&gt;</a>&nbsp;&nbsp;&nbsp;PinoutSet
</UL>

<P><STRONG><a name="[44]"></a>TouchScreenDebouncer</STRONG> (Thumb, 260 bytes, Stack size 32 bytes, touch.o(.text))
<BR><BR>[Stack]<UL><LI>Max Depth = 32<LI>Call Chain = TouchScreenDebouncer
</UL>
<BR>[Called By]<UL><LI><a href="#[e]">&gt;&gt;</a>&nbsp;&nbsp;&nbsp;TouchScreenIntHandler
</UL>

<P><STRONG><a name="[55]"></a>RectangularButtonPaint</STRONG> (Thumb, 404 bytes, Stack size 80 bytes, pushbutton.o(i.RectangularButtonPaint))
<BR><BR>[Stack]<UL><LI>Max Depth = 280<LI>Call Chain = RectangularButtonPaint &rArr; GrImageDraw &rArr; InternalImageDraw &rArr; PixelTransparentDraw
</UL>
<BR>[Calls]<UL><LI><a href="#[56]">&gt;&gt;</a>&nbsp;&nbsp;&nbsp;GrFontBaselineGet
<LI><a href="#[4b]">&gt;&gt;</a>&nbsp;&nbsp;&nbsp;GrStringWidthGet
<LI><a href="#[4d]">&gt;&gt;</a>&nbsp;&nbsp;&nbsp;GrStringDraw
<LI><a href="#[47]">&gt;&gt;</a>&nbsp;&nbsp;&nbsp;GrRectFill
<LI><a href="#[48]">&gt;&gt;</a>&nbsp;&nbsp;&nbsp;GrRectDraw
<LI><a href="#[49]">&gt;&gt;</a>&nbsp;&nbsp;&nbsp;GrImageDraw
<LI><a href="#[4a]">&gt;&gt;</a>&nbsp;&nbsp;&nbsp;GrContextFontSet
<LI><a href="#[46]">&gt;&gt;</a>&nbsp;&nbsp;&nbsp;GrContextClipRegionSet
<LI><a href="#[26]">&gt;&gt;</a>&nbsp;&nbsp;&nbsp;GrContextInit
</UL>
<BR>[Called By]<UL><LI><a href="#[1]">&gt;&gt;</a>&nbsp;&nbsp;&nbsp;RectangularButtonMsgProc
</UL>

<P><STRONG><a name="[51]"></a>InternalImageDraw</STRONG> (Thumb, 848 bytes, Stack size 112 bytes, image.o(i.InternalImageDraw))
<BR><BR>[Stack]<UL><LI>Max Depth = 184<LI>Call Chain = InternalImageDraw &rArr; PixelTransparentDraw
</UL>
<BR>[Calls]<UL><LI><a href="#[54]">&gt;&gt;</a>&nbsp;&nbsp;&nbsp;PixelTransparentDraw
</UL>
<BR>[Called By]<UL><LI><a href="#[49]">&gt;&gt;</a>&nbsp;&nbsp;&nbsp;GrImageDraw
</UL>

<P><STRONG><a name="[54]"></a>PixelTransparentDraw</STRONG> (Thumb, 676 bytes, Stack size 72 bytes, image.o(i.PixelTransparentDraw))
<BR><BR>[Stack]<UL><LI>Max Depth = 72<LI>Call Chain = PixelTransparentDraw
</UL>
<BR>[Called By]<UL><LI><a href="#[51]">&gt;&gt;</a>&nbsp;&nbsp;&nbsp;InternalImageDraw
</UL>

<P><STRONG><a name="[4e]"></a>UpdateContextCharMapping</STRONG> (Thumb, 108 bytes, Stack size 16 bytes, string.o(i.UpdateContextCharMapping))
<BR><BR>[Stack]<UL><LI>Max Depth = 16<LI>Call Chain = UpdateContextCharMapping
</UL>
<BR>[Called By]<UL><LI><a href="#[4a]">&gt;&gt;</a>&nbsp;&nbsp;&nbsp;GrContextFontSet
</UL>
<P>
<H3>
Undefined Global Symbols
</H3><HR></body></html>
