ARM Linker, 4.1 [Build 644] [Standard]

==============================================================================

Section Cross References

    startup.o(RESET) refers to startup.o(STACK) for StackMem
    startup.o(RESET) refers to touch.o(.text) for TouchScreenIntHandler
    startup.o(RESET) refers to entry.o(.ARM.Collect$$$$00000000) for __main
    main.o(.text) refers to set_pinout.o(.text) for PinoutSet
    main.o(.text) refers to sysctl.o(.emb_text) for SysCtlDelay
    main.o(.text) refers to udma.o(i.uDMAControlBaseSet) for uDMAControlBaseSet
    main.o(.text) refers to udma.o(i.uDMAEnable) for uDMAEnable
    main.o(.text) refers to kitronix320x240x16_ssd2119_8bit.o(.text) for Kitronix320x240x16_SSD2119Init
    main.o(.text) refers to context.o(i.GrContextInit) for GrContextInit
    main.o(.text) refers to touch.o(.text) for TouchScreenInit
    main.o(.text) refers to widget.o(i.WidgetAdd) for WidgetAdd
    main.o(.text) refers to widget.o(i.WidgetMessageQueueAdd) for WidgetMessageQueueAdd
    main.o(.text) refers to uartconfigure.o(.text) for UARTStringPut
    main.o(.text) refers to sysctlconfigure.o(.text) for ClockInitial
    main.o(.text) refers to gpiodriverconfigure.o(.text) for GPIOInitial
    main.o(.text) refers to systickconfigure.o(.text) for SysTickInitial
    main.o(.text) refers to widget.o(i.WidgetMessageQueueProcess) for WidgetMessageQueueProcess
    main.o(.text) refers to main.o(.bss) for .bss
    main.o(.text) refers to kitronix320x240x16_ssd2119_8bit.o(.constdata) for g_sKitronix320x240x16_SSD2119
    main.o(.text) refers to widget.o(i.WidgetPointerMessage) for WidgetPointerMessage
    main.o(.text) refers to main.o(.data) for .data
    main.o(.text) refers to widget.o(.data) for g_sRoot
    main.o(.data) refers to widget.o(.data) for g_sRoot
    main.o(.data) refers to kitronix320x240x16_ssd2119_8bit.o(.constdata) for g_sKitronix320x240x16_SSD2119
    main.o(.data) refers to canvas.o(i.CanvasMsgProc) for CanvasMsgProc
    main.o(.data) refers to fontcmss22b.o(.constdata) for g_sFontCmss22b
    main.o(.data) refers to main.o(.conststring) for .conststring
    main.o(.data) refers to main.o(.data) for g_sQueryBackground
    main.o(.data) refers to pushbutton.o(i.RectangularButtonMsgProc) for RectangularButtonMsgProc
    main.o(.data) refers to main.o(.text) for scoreQueryButtonClick
    main.o(.data) refers to fontcmss18.o(.constdata) for g_sFontCmss18
    main.o(.data) refers to fontcmss20b.o(.constdata) for g_sFontCmss20b
    main.o(.data) refers to widget.o(.data) for g_sRoot
    main.o(.data) refers to kitronix320x240x16_ssd2119_8bit.o(.constdata) for g_sKitronix320x240x16_SSD2119
    main.o(.data) refers to canvas.o(i.CanvasMsgProc) for CanvasMsgProc
    kitronix320x240x16_ssd2119_8bit.o(.text) refers to sysctl.o(.emb_text) for SysCtlDelay
    kitronix320x240x16_ssd2119_8bit.o(.text) refers to set_pinout.o(.data) for g_eDaughterType
    kitronix320x240x16_ssd2119_8bit.o(.text) refers to kitronix320x240x16_ssd2119_8bit.o(.data) for .data
    kitronix320x240x16_ssd2119_8bit.o(.constdata) refers to kitronix320x240x16_ssd2119_8bit.o(.text) for Kitronix320x240x16_SSD2119PixelDraw
    kitronix320x240x16_ssd2119_8bit.o(.data) refers to kitronix320x240x16_ssd2119_8bit.o(.text) for WriteDataGPIO
    set_pinout.o(.text) refers to i2c.o(i.I2CMasterErr) for I2CMasterErr
    set_pinout.o(.text) refers to sysctl.o(.emb_text) for SysCtlDelay
    set_pinout.o(.text) refers to epi.o(i.EPIDividerSet) for EPIDividerSet
    set_pinout.o(.text) refers to epi.o(i.EPIModeSet) for EPIModeSet
    set_pinout.o(.text) refers to epi.o(i.EPIConfigSDRAMSet) for EPIConfigSDRAMSet
    set_pinout.o(.text) refers to epi.o(i.EPIConfigHB8Set) for EPIConfigHB8Set
    set_pinout.o(.text) refers to epi.o(i.EPIConfigGPModeSet) for EPIConfigGPModeSet
    set_pinout.o(.text) refers to epi.o(i.EPIAddressMapSet) for EPIAddressMapSet
    set_pinout.o(.text) refers to set_pinout.o(.constdata) for .constdata
    set_pinout.o(.text) refers to set_pinout.o(.data) for .data
    set_pinout.o(.text) refers to gpio.o(i.GPIOPinConfigure) for GPIOPinConfigure
    touch.o(.text) refers to touch.o(.data) for .data
    touch.o(.text) refers to touch.o(.bss) for .bss
    touch.o(.text) refers to set_pinout.o(.data) for g_eDaughterType
    touch.o(.text) refers to touch.o(.constdata) for .constdata
    sysctlconfigure.o(.text) refers to sysctl.o(i.SysCtlLDOSet) for SysCtlLDOSet
    sysctlconfigure.o(.text) refers to sysctl.o(i.SysCtlClockSet) for SysCtlClockSet
    sysctlconfigure.o(.text) refers to sysctl.o(i.SysCtlClockGet) for SysCtlClockGet
    sysctlconfigure.o(.text) refers to sysctlconfigure.o(.data) for .data
    systickconfigure.o(.text) refers to systick.o(i.SysTickPeriodSet) for SysTickPeriodSet
    systickconfigure.o(.text) refers to systick.o(i.SysTickIntEnable) for SysTickIntEnable
    systickconfigure.o(.text) refers to sysctlconfigure.o(.data) for TheSysClock
    uartconfigure.o(.text) refers to sysctl.o(i.SysCtlPeripheralEnable) for SysCtlPeripheralEnable
    uartconfigure.o(.text) refers to uart.o(i.UARTDisable) for UARTDisable
    uartconfigure.o(.text) refers to sysctl.o(i.SysCtlClockGet) for SysCtlClockGet
    uartconfigure.o(.text) refers to uart.o(i.UARTConfigSetExpClk) for UARTConfigSetExpClk
    uartconfigure.o(.text) refers to uart.o(i.UARTEnable) for UARTEnable
    uartconfigure.o(.text) refers to uart.o(i.UARTCharPut) for UARTCharPut
    gpiodriverconfigure.o(.text) refers to sysctl.o(i.SysCtlPeripheralEnable) for SysCtlPeripheralEnable
    gpiodriverconfigure.o(.text) refers to gpio.o(i.GPIOPinConfigure) for GPIOPinConfigure
    gpiodriverconfigure.o(.text) refers to gpio.o(i.GPIOPinTypeGPIOOutput) for GPIOPinTypeGPIOOutput
    gpiodriverconfigure.o(.text) refers to gpio.o(i.GPIOPinTypeGPIOInput) for GPIOPinTypeGPIOInput
    gpiodriverconfigure.o(.text) refers to gpio.o(i.GPIOPinTypeUART) for GPIOPinTypeUART
    gpiodriverconfigure.o(.text) refers to gpio.o(i.GPIOIntTypeSet) for GPIOIntTypeSet
    gpiodriverconfigure.o(.text) refers to gpio.o(i.GPIOPinIntEnable) for GPIOPinIntEnable
    gpiodriverconfigure.o(.text) refers to interrupt.o(i.IntEnable) for IntEnable
    canvas.o(i.CanvasInit) refers to canvas.o(i.CanvasMsgProc) for CanvasMsgProc
    canvas.o(i.CanvasMsgProc) refers to widget.o(i.WidgetDefaultMsgProc) for WidgetDefaultMsgProc
    canvas.o(i.CanvasMsgProc) refers to context.o(i.GrContextInit) for GrContextInit
    canvas.o(i.CanvasMsgProc) refers to context.o(i.GrContextClipRegionSet) for GrContextClipRegionSet
    canvas.o(i.CanvasMsgProc) refers to rectangle.o(i.GrRectFill) for GrRectFill
    canvas.o(i.CanvasMsgProc) refers to rectangle.o(i.GrRectDraw) for GrRectDraw
    canvas.o(i.CanvasMsgProc) refers to image.o(i.GrImageDraw) for GrImageDraw
    canvas.o(i.CanvasMsgProc) refers to string.o(i.GrContextFontSet) for GrContextFontSet
    canvas.o(i.CanvasMsgProc) refers to string.o(i.GrStringWidthGet) for GrStringWidthGet
    canvas.o(i.CanvasMsgProc) refers to string.o(i.GrFontHeightGet) for GrFontHeightGet
    canvas.o(i.CanvasMsgProc) refers to string.o(i.GrStringDraw) for GrStringDraw
    context.o(i.GrContextInit) refers to context.o(.data) for .data
    context.o(i.GrContextInit) refers to string.o(i.GrDefaultStringRenderer) for GrDefaultStringRenderer
    context.o(i.GrContextInit) refers to context.o(.constdata) for .constdata
    context.o(i.GrLibInit) refers to context.o(.data) for .data
    context.o(.constdata) refers to charmap.o(i.GrMapISO8859_1_Unicode) for GrMapISO8859_1_Unicode
    fontcmss18.o(.constdata) refers to fontcmss18.o(.constdata) for g_pucCmss18Data
    fontcmss20b.o(.constdata) refers to fontcmss20b.o(.constdata) for g_pucCmss20bData
    fontcmss22b.o(.constdata) refers to fontcmss22b.o(.constdata) for g_pucCmss22bData
    pushbutton.o(i.CircularButtonInit) refers to pushbutton.o(i.CircularButtonMsgProc) for CircularButtonMsgProc
    pushbutton.o(i.CircularButtonMsgProc) refers to widget.o(i.WidgetDefaultMsgProc) for WidgetDefaultMsgProc
    pushbutton.o(i.CircularButtonMsgProc) refers to pushbutton.o(i.CircularButtonPaint) for CircularButtonPaint
    pushbutton.o(i.CircularButtonPaint) refers to context.o(i.GrContextInit) for GrContextInit
    pushbutton.o(i.CircularButtonPaint) refers to context.o(i.GrContextClipRegionSet) for GrContextClipRegionSet
    pushbutton.o(i.CircularButtonPaint) refers to circle.o(i.GrCircleFill) for GrCircleFill
    pushbutton.o(i.CircularButtonPaint) refers to circle.o(i.GrCircleDraw) for GrCircleDraw
    pushbutton.o(i.CircularButtonPaint) refers to image.o(i.GrImageDraw) for GrImageDraw
    pushbutton.o(i.CircularButtonPaint) refers to string.o(i.GrContextFontSet) for GrContextFontSet
    pushbutton.o(i.CircularButtonPaint) refers to string.o(i.GrFontBaselineGet) for GrFontBaselineGet
    pushbutton.o(i.CircularButtonPaint) refers to string.o(i.GrStringWidthGet) for GrStringWidthGet
    pushbutton.o(i.CircularButtonPaint) refers to string.o(i.GrStringDraw) for GrStringDraw
    pushbutton.o(i.RectangularButtonInit) refers to pushbutton.o(i.RectangularButtonMsgProc) for RectangularButtonMsgProc
    pushbutton.o(i.RectangularButtonMsgProc) refers to widget.o(i.WidgetDefaultMsgProc) for WidgetDefaultMsgProc
    pushbutton.o(i.RectangularButtonMsgProc) refers to pushbutton.o(i.RectangularButtonPaint) for RectangularButtonPaint
    pushbutton.o(i.RectangularButtonPaint) refers to context.o(i.GrContextInit) for GrContextInit
    pushbutton.o(i.RectangularButtonPaint) refers to context.o(i.GrContextClipRegionSet) for GrContextClipRegionSet
    pushbutton.o(i.RectangularButtonPaint) refers to rectangle.o(i.GrRectFill) for GrRectFill
    pushbutton.o(i.RectangularButtonPaint) refers to rectangle.o(i.GrRectDraw) for GrRectDraw
    pushbutton.o(i.RectangularButtonPaint) refers to image.o(i.GrImageDraw) for GrImageDraw
    pushbutton.o(i.RectangularButtonPaint) refers to string.o(i.GrContextFontSet) for GrContextFontSet
    pushbutton.o(i.RectangularButtonPaint) refers to string.o(i.GrFontBaselineGet) for GrFontBaselineGet
    pushbutton.o(i.RectangularButtonPaint) refers to string.o(i.GrStringWidthGet) for GrStringWidthGet
    pushbutton.o(i.RectangularButtonPaint) refers to string.o(i.GrStringDraw) for GrStringDraw
    widget.o(i.WidgetMessageQueueAdd) refers to widget.o(.emb_text) for WidgetMutexGet
    widget.o(i.WidgetMessageQueueAdd) refers to widget.o(.data) for .data
    widget.o(i.WidgetMessageQueueAdd) refers to widget.o(.bss) for .bss
    widget.o(i.WidgetMessageQueueProcess) refers to widget.o(i.WidgetMessageSendPostOrder) for WidgetMessageSendPostOrder
    widget.o(i.WidgetMessageQueueProcess) refers to widget.o(.data) for .data
    widget.o(i.WidgetMessageQueueProcess) refers to widget.o(.bss) for .bss
    widget.o(i.WidgetMessageSendPostOrder) refers to widget.o(.data) for .data
    widget.o(i.WidgetPointerMessage) refers to widget.o(i.WidgetMessageQueueAdd) for WidgetMessageQueueAdd
    widget.o(i.WidgetPointerMessage) refers to widget.o(.data) for .data
    widget.o(i.WidgetRemove) refers to widget.o(.data) for .data
    widget.o(.data) refers to widget.o(i.WidgetDefaultMsgProc) for WidgetDefaultMsgProc
    epi.o(i.EPIIntRegister) refers to interrupt.o(i.IntRegister) for IntRegister
    epi.o(i.EPIIntRegister) refers to interrupt.o(i.IntEnable) for IntEnable
    epi.o(i.EPIIntUnregister) refers to interrupt.o(i.IntDisable) for IntDisable
    epi.o(i.EPIIntUnregister) refers to interrupt.o(i.IntUnregister) for IntUnregister
    gpio.o(i.GPIOPinConfigure) refers to gpio.o(.constdata) for .constdata
    gpio.o(i.GPIOPinTypeADC) refers to gpio.o(i.GPIODirModeSet) for GPIODirModeSet
    gpio.o(i.GPIOPinTypeADC) refers to gpio.o(i.GPIOPadConfigSet) for GPIOPadConfigSet
    gpio.o(i.GPIOPinTypeCAN) refers to gpio.o(i.GPIODirModeSet) for GPIODirModeSet
    gpio.o(i.GPIOPinTypeCAN) refers to gpio.o(i.GPIOPadConfigSet) for GPIOPadConfigSet
    gpio.o(i.GPIOPinTypeComparator) refers to gpio.o(i.GPIODirModeSet) for GPIODirModeSet
    gpio.o(i.GPIOPinTypeComparator) refers to gpio.o(i.GPIOPadConfigSet) for GPIOPadConfigSet
    gpio.o(i.GPIOPinTypeEPI) refers to gpio.o(i.GPIODirModeSet) for GPIODirModeSet
    gpio.o(i.GPIOPinTypeEPI) refers to gpio.o(i.GPIOPadConfigSet) for GPIOPadConfigSet
    gpio.o(i.GPIOPinTypeEthernetLED) refers to gpio.o(i.GPIODirModeSet) for GPIODirModeSet
    gpio.o(i.GPIOPinTypeEthernetLED) refers to gpio.o(i.GPIOPadConfigSet) for GPIOPadConfigSet
    gpio.o(i.GPIOPinTypeEthernetMII) refers to gpio.o(i.GPIODirModeSet) for GPIODirModeSet
    gpio.o(i.GPIOPinTypeEthernetMII) refers to gpio.o(i.GPIOPadConfigSet) for GPIOPadConfigSet
    gpio.o(i.GPIOPinTypeFan) refers to gpio.o(i.GPIODirModeSet) for GPIODirModeSet
    gpio.o(i.GPIOPinTypeFan) refers to gpio.o(i.GPIOPadConfigSet) for GPIOPadConfigSet
    gpio.o(i.GPIOPinTypeGPIOInput) refers to gpio.o(i.GPIODirModeSet) for GPIODirModeSet
    gpio.o(i.GPIOPinTypeGPIOInput) refers to gpio.o(i.GPIOPadConfigSet) for GPIOPadConfigSet
    gpio.o(i.GPIOPinTypeGPIOOutput) refers to gpio.o(i.GPIOPadConfigSet) for GPIOPadConfigSet
    gpio.o(i.GPIOPinTypeGPIOOutput) refers to gpio.o(i.GPIODirModeSet) for GPIODirModeSet
    gpio.o(i.GPIOPinTypeGPIOOutputOD) refers to gpio.o(i.GPIOPadConfigSet) for GPIOPadConfigSet
    gpio.o(i.GPIOPinTypeGPIOOutputOD) refers to gpio.o(i.GPIODirModeSet) for GPIODirModeSet
    gpio.o(i.GPIOPinTypeI2C) refers to gpio.o(i.GPIODirModeSet) for GPIODirModeSet
    gpio.o(i.GPIOPinTypeI2C) refers to gpio.o(i.GPIOPadConfigSet) for GPIOPadConfigSet
    gpio.o(i.GPIOPinTypeI2CSCL) refers to gpio.o(i.GPIODirModeSet) for GPIODirModeSet
    gpio.o(i.GPIOPinTypeI2CSCL) refers to gpio.o(i.GPIOPadConfigSet) for GPIOPadConfigSet
    gpio.o(i.GPIOPinTypeI2S) refers to gpio.o(i.GPIODirModeSet) for GPIODirModeSet
    gpio.o(i.GPIOPinTypeI2S) refers to gpio.o(i.GPIOPadConfigSet) for GPIOPadConfigSet
    gpio.o(i.GPIOPinTypeLPC) refers to gpio.o(i.GPIODirModeSet) for GPIODirModeSet
    gpio.o(i.GPIOPinTypeLPC) refers to gpio.o(i.GPIOPadConfigSet) for GPIOPadConfigSet
    gpio.o(i.GPIOPinTypePECIRx) refers to gpio.o(i.GPIODirModeSet) for GPIODirModeSet
    gpio.o(i.GPIOPinTypePECIRx) refers to gpio.o(i.GPIOPadConfigSet) for GPIOPadConfigSet
    gpio.o(i.GPIOPinTypePECITx) refers to gpio.o(i.GPIODirModeSet) for GPIODirModeSet
    gpio.o(i.GPIOPinTypePECITx) refers to gpio.o(i.GPIOPadConfigSet) for GPIOPadConfigSet
    gpio.o(i.GPIOPinTypePWM) refers to gpio.o(i.GPIODirModeSet) for GPIODirModeSet
    gpio.o(i.GPIOPinTypePWM) refers to gpio.o(i.GPIOPadConfigSet) for GPIOPadConfigSet
    gpio.o(i.GPIOPinTypeQEI) refers to gpio.o(i.GPIODirModeSet) for GPIODirModeSet
    gpio.o(i.GPIOPinTypeQEI) refers to gpio.o(i.GPIOPadConfigSet) for GPIOPadConfigSet
    gpio.o(i.GPIOPinTypeSSI) refers to gpio.o(i.GPIODirModeSet) for GPIODirModeSet
    gpio.o(i.GPIOPinTypeSSI) refers to gpio.o(i.GPIOPadConfigSet) for GPIOPadConfigSet
    gpio.o(i.GPIOPinTypeTimer) refers to gpio.o(i.GPIODirModeSet) for GPIODirModeSet
    gpio.o(i.GPIOPinTypeTimer) refers to gpio.o(i.GPIOPadConfigSet) for GPIOPadConfigSet
    gpio.o(i.GPIOPinTypeUART) refers to gpio.o(i.GPIODirModeSet) for GPIODirModeSet
    gpio.o(i.GPIOPinTypeUART) refers to gpio.o(i.GPIOPadConfigSet) for GPIOPadConfigSet
    gpio.o(i.GPIOPinTypeUSBAnalog) refers to gpio.o(i.GPIODirModeSet) for GPIODirModeSet
    gpio.o(i.GPIOPinTypeUSBAnalog) refers to gpio.o(i.GPIOPadConfigSet) for GPIOPadConfigSet
    gpio.o(i.GPIOPinTypeUSBDigital) refers to gpio.o(i.GPIODirModeSet) for GPIODirModeSet
    gpio.o(i.GPIOPinTypeUSBDigital) refers to gpio.o(i.GPIOPadConfigSet) for GPIOPadConfigSet
    gpio.o(i.GPIOPortIntRegister) refers to gpio.o(i.GPIOGetIntNumber) for GPIOGetIntNumber
    gpio.o(i.GPIOPortIntRegister) refers to interrupt.o(i.IntRegister) for IntRegister
    gpio.o(i.GPIOPortIntRegister) refers to interrupt.o(i.IntEnable) for IntEnable
    gpio.o(i.GPIOPortIntUnregister) refers to gpio.o(i.GPIOGetIntNumber) for GPIOGetIntNumber
    gpio.o(i.GPIOPortIntUnregister) refers to interrupt.o(i.IntDisable) for IntDisable
    gpio.o(i.GPIOPortIntUnregister) refers to interrupt.o(i.IntUnregister) for IntUnregister
    i2c.o(i.I2CIntRegister) refers to interrupt.o(i.IntRegister) for IntRegister
    i2c.o(i.I2CIntRegister) refers to interrupt.o(i.IntEnable) for IntEnable
    i2c.o(i.I2CIntRegister) refers to i2c.o(.constdata) for .constdata
    i2c.o(i.I2CIntUnregister) refers to interrupt.o(i.IntDisable) for IntDisable
    i2c.o(i.I2CIntUnregister) refers to interrupt.o(i.IntUnregister) for IntUnregister
    i2c.o(i.I2CIntUnregister) refers to i2c.o(.constdata) for .constdata
    interrupt.o(i.IntDisable) refers to interrupt.o(.constdata) for .constdata
    interrupt.o(i.IntEnable) refers to interrupt.o(.constdata) for .constdata
    interrupt.o(i.IntIsEnabled) refers to interrupt.o(.constdata) for .constdata
    interrupt.o(i.IntMasterDisable) refers to cpu.o(.emb_text) for CPUcpsid
    interrupt.o(i.IntMasterEnable) refers to cpu.o(.emb_text) for CPUcpsie
    interrupt.o(i.IntPendClear) refers to interrupt.o(.constdata) for .constdata
    interrupt.o(i.IntPendSet) refers to interrupt.o(.constdata) for .constdata
    interrupt.o(i.IntPriorityGet) refers to interrupt.o(.constdata) for .constdata
    interrupt.o(i.IntPriorityGroupingGet) refers to interrupt.o(.constdata) for .constdata
    interrupt.o(i.IntPriorityGroupingSet) refers to interrupt.o(.constdata) for .constdata
    interrupt.o(i.IntPriorityMaskGet) refers to cpu.o(.emb_text) for CPUbasepriGet
    interrupt.o(i.IntPriorityMaskSet) refers to cpu.o(.emb_text) for CPUbasepriSet
    interrupt.o(i.IntPrioritySet) refers to interrupt.o(.constdata) for .constdata
    interrupt.o(i.IntRegister) refers to interrupt.o(vtable) for vtable
    interrupt.o(i.IntUnregister) refers to interrupt.o(i.IntDefaultHandler) for IntDefaultHandler
    interrupt.o(i.IntUnregister) refers to interrupt.o(vtable) for vtable
    sysctl.o(i.SysCtlClockGet) refers to sysctl.o(.constdata) for .constdata
    sysctl.o(i.SysCtlClockSet) refers to sysctl.o(.emb_text) for SysCtlDelay
    sysctl.o(i.SysCtlDeepSleep) refers to cpu.o(.emb_text) for CPUwfi
    sysctl.o(i.SysCtlI2SMClkSet) refers to sysctl.o(.constdata) for .constdata
    sysctl.o(i.SysCtlIntRegister) refers to interrupt.o(i.IntRegister) for IntRegister
    sysctl.o(i.SysCtlIntRegister) refers to interrupt.o(i.IntEnable) for IntEnable
    sysctl.o(i.SysCtlIntUnregister) refers to interrupt.o(i.IntDisable) for IntDisable
    sysctl.o(i.SysCtlIntUnregister) refers to interrupt.o(i.IntUnregister) for IntUnregister
    sysctl.o(i.SysCtlPeripheralDeepSleepDisable) refers to sysctl.o(.constdata) for .constdata
    sysctl.o(i.SysCtlPeripheralDeepSleepEnable) refers to sysctl.o(.constdata) for .constdata
    sysctl.o(i.SysCtlPeripheralDisable) refers to sysctl.o(.constdata) for .constdata
    sysctl.o(i.SysCtlPeripheralEnable) refers to sysctl.o(.constdata) for .constdata
    sysctl.o(i.SysCtlPeripheralPowerOff) refers to sysctl.o(.constdata) for .constdata
    sysctl.o(i.SysCtlPeripheralPowerOn) refers to sysctl.o(.constdata) for .constdata
    sysctl.o(i.SysCtlPeripheralPresent) refers to sysctl.o(.constdata) for .constdata
    sysctl.o(i.SysCtlPeripheralReady) refers to sysctl.o(.constdata) for .constdata
    sysctl.o(i.SysCtlPeripheralReset) refers to sysctl.o(.constdata) for .constdata
    sysctl.o(i.SysCtlPeripheralSleepDisable) refers to sysctl.o(.constdata) for .constdata
    sysctl.o(i.SysCtlPeripheralSleepEnable) refers to sysctl.o(.constdata) for .constdata
    sysctl.o(i.SysCtlSleep) refers to cpu.o(.emb_text) for CPUwfi
    systick.o(i.SysTickIntRegister) refers to interrupt.o(i.IntRegister) for IntRegister
    systick.o(i.SysTickIntUnregister) refers to interrupt.o(i.IntUnregister) for IntUnregister
    uart.o(i.UARTIntRegister) refers to interrupt.o(i.IntRegister) for IntRegister
    uart.o(i.UARTIntRegister) refers to interrupt.o(i.IntEnable) for IntEnable
    uart.o(i.UARTIntRegister) refers to uart.o(.constdata) for .constdata
    uart.o(i.UARTIntUnregister) refers to interrupt.o(i.IntDisable) for IntDisable
    uart.o(i.UARTIntUnregister) refers to interrupt.o(i.IntUnregister) for IntUnregister
    uart.o(i.UARTIntUnregister) refers to uart.o(.constdata) for .constdata
    udma.o(i.uDMAIntRegister) refers to interrupt.o(i.IntRegister) for IntRegister
    udma.o(i.uDMAIntRegister) refers to interrupt.o(i.IntEnable) for IntEnable
    udma.o(i.uDMAIntUnregister) refers to interrupt.o(i.IntDisable) for IntDisable
    udma.o(i.uDMAIntUnregister) refers to interrupt.o(i.IntUnregister) for IntUnregister
    charmap.o(i.GrMapISO8859_10_Unicode) refers to charmap.o(.constdata) for .constdata
    charmap.o(i.GrMapISO8859_13_Unicode) refers to charmap.o(.constdata) for .constdata
    charmap.o(i.GrMapISO8859_14_Unicode) refers to charmap.o(.constdata) for .constdata
    charmap.o(i.GrMapISO8859_16_Unicode) refers to charmap.o(.constdata) for .constdata
    charmap.o(i.GrMapISO8859_2_Unicode) refers to charmap.o(.constdata) for .constdata
    charmap.o(i.GrMapISO8859_3_Unicode) refers to charmap.o(.constdata) for .constdata
    charmap.o(i.GrMapISO8859_4_Unicode) refers to charmap.o(.constdata) for .constdata
    charmap.o(i.GrMapISO8859_7_Unicode) refers to charmap.o(.constdata) for .constdata
    charmap.o(i.GrMapUTF16BE_Unicode) refers to charmap.o(i.GrMapUTF16_Unicode) for GrMapUTF16_Unicode
    charmap.o(i.GrMapUTF16LE_Unicode) refers to charmap.o(i.GrMapUTF16_Unicode) for GrMapUTF16_Unicode
    charmap.o(i.GrMapWIN1250_Unicode) refers to charmap.o(.constdata) for .constdata
    charmap.o(i.GrMapWIN1251_Unicode) refers to charmap.o(.constdata) for .constdata
    charmap.o(i.GrMapWIN1252_Unicode) refers to charmap.o(.constdata) for .constdata
    charmap.o(i.GrMapWIN1253_Unicode) refers to charmap.o(.constdata) for .constdata
    charmap.o(i.GrMapWIN1254_Unicode) refers to charmap.o(.constdata) for .constdata
    circle.o(i.GrCircleFill) refers to line.o(i.GrLineDrawH) for GrLineDrawH
    image.o(i.GrImageDraw) refers to image.o(i.InternalImageDraw) for InternalImageDraw
    image.o(i.GrTransparentImageDraw) refers to image.o(i.InternalImageDraw) for InternalImageDraw
    image.o(i.InternalImageDraw) refers to image.o(i.PixelTransparentDraw) for PixelTransparentDraw
    image.o(i.InternalImageDraw) refers to image.o(.bss) for .bss
    rectangle.o(i.GrRectDraw) refers to line.o(i.GrLineDrawH) for GrLineDrawH
    rectangle.o(i.GrRectDraw) refers to line.o(i.GrLineDrawV) for GrLineDrawV
    string.o(i.GrCodepageMapTableSet) refers to string.o(i.UpdateContextCharMapping) for UpdateContextCharMapping
    string.o(i.GrContextFontSet) refers to string.o(i.UpdateContextCharMapping) for UpdateContextCharMapping
    string.o(i.GrDefaultStringRenderer) refers to string.o(i.GrFontGlyphDataGet) for GrFontGlyphDataGet
    string.o(i.GrDefaultStringRenderer) refers to string.o(i.GrFontGlyphRender) for GrFontGlyphRender
    string.o(i.GrStringCodepageSet) refers to string.o(i.UpdateContextCharMapping) for UpdateContextCharMapping
    string.o(i.GrStringGet) refers to string.o(.data) for .data
    string.o(i.GrStringLanguageSet) refers to string.o(.data) for .data
    string.o(i.GrStringTableSet) refers to string.o(.data) for .data
    string.o(i.GrStringWidthGet) refers to string.o(i.GrFontGlyphDataGet) for GrFontGlyphDataGet
    entry.o(.ARM.Collect$$$$00000000) refers (Special) to entry7.o(.ARM.Collect$$$$00000007) for _main_init
    entry.o(.ARM.Collect$$$$00000000) refers (Special) to entry5.o(.ARM.Collect$$$$00000004) for _main_scatterload
    entry.o(.ARM.Collect$$$$00000000) refers (Special) to entry2.o(.ARM.Collect$$$$00000001) for _main_stk
    entry2.o(.ARM.Collect$$$$00000001) refers to entry2.o(.ARM.Collect$$$$00002712) for __lit__00000000
    entry2.o(.ARM.Collect$$$$00002712) refers to startup.o(STACK) for __initial_sp
    entry2.o(__vectab_stack_and_reset_area) refers to startup.o(STACK) for __initial_sp
    entry2.o(__vectab_stack_and_reset_area) refers to entry.o(.ARM.Collect$$$$00000000) for __main
    entry5.o(.ARM.Collect$$$$00000004) refers to init.o(.text) for __scatterload
    entry7.o(.ARM.Collect$$$$00000007) refers to main.o(.text) for main
    init.o(.text) refers to entry5.o(.ARM.Collect$$$$00000004) for __main_after_scatterload


==============================================================================

Removing Unused input sections from the image.

    Removing startup.o(HEAP), (0 bytes).
    Removing startup.o(.text), (0 bytes).
    Removing canvas.o(i.CanvasInit), (72 bytes).
    Removing context.o(i.GrLibInit), (12 bytes).
    Removing pushbutton.o(i.CircularButtonInit), (68 bytes).
    Removing pushbutton.o(i.CircularButtonMsgProc), (262 bytes).
    Removing pushbutton.o(i.CircularButtonPaint), (394 bytes).
    Removing pushbutton.o(i.RectangularButtonInit), (72 bytes).
    Removing widget.o(i.WidgetMessageSendPreOrder), (96 bytes).
    Removing widget.o(i.WidgetMutexInit), (6 bytes).
    Removing widget.o(i.WidgetMutexPut), (6 bytes).
    Removing widget.o(i.WidgetRemove), (156 bytes).
    Removing epi.o(i.EPIConfigHB16Set), (46 bytes).
    Removing epi.o(i.EPIFIFOConfig), (6 bytes).
    Removing epi.o(i.EPIIntDisable), (14 bytes).
    Removing epi.o(i.EPIIntEnable), (12 bytes).
    Removing epi.o(i.EPIIntErrorClear), (6 bytes).
    Removing epi.o(i.EPIIntErrorStatus), (6 bytes).
    Removing epi.o(i.EPIIntRegister), (18 bytes).
    Removing epi.o(i.EPIIntStatus), (14 bytes).
    Removing epi.o(i.EPIIntUnregister), (18 bytes).
    Removing epi.o(i.EPINonBlockingReadAvail), (4 bytes).
    Removing epi.o(i.EPINonBlockingReadConfigure), (10 bytes).
    Removing epi.o(i.EPINonBlockingReadCount), (8 bytes).
    Removing epi.o(i.EPINonBlockingReadGet16), (34 bytes).
    Removing epi.o(i.EPINonBlockingReadGet32), (34 bytes).
    Removing epi.o(i.EPINonBlockingReadGet8), (34 bytes).
    Removing epi.o(i.EPINonBlockingReadStart), (8 bytes).
    Removing epi.o(i.EPINonBlockingReadStop), (10 bytes).
    Removing epi.o(i.EPIWriteFIFOCountGet), (6 bytes).
    Removing gpio.o(i.GPIOADCTriggerDisable), (14 bytes).
    Removing gpio.o(i.GPIOADCTriggerEnable), (14 bytes).
    Removing gpio.o(i.GPIODMATriggerDisable), (14 bytes).
    Removing gpio.o(i.GPIODMATriggerEnable), (14 bytes).
    Removing gpio.o(i.GPIODirModeGet), (34 bytes).
    Removing gpio.o(i.GPIOGetIntNumber), (216 bytes).
    Removing gpio.o(i.GPIOIntTypeGet), (48 bytes).
    Removing gpio.o(i.GPIOPadConfigGet), (140 bytes).
    Removing gpio.o(i.GPIOPinIntClear), (6 bytes).
    Removing gpio.o(i.GPIOPinIntDisable), (14 bytes).
    Removing gpio.o(i.GPIOPinIntStatus), (14 bytes).
    Removing gpio.o(i.GPIOPinRead), (6 bytes).
    Removing gpio.o(i.GPIOPinTypeADC), (28 bytes).
    Removing gpio.o(i.GPIOPinTypeCAN), (28 bytes).
    Removing gpio.o(i.GPIOPinTypeComparator), (28 bytes).
    Removing gpio.o(i.GPIOPinTypeEPI), (28 bytes).
    Removing gpio.o(i.GPIOPinTypeEthernetLED), (28 bytes).
    Removing gpio.o(i.GPIOPinTypeEthernetMII), (28 bytes).
    Removing gpio.o(i.GPIOPinTypeFan), (28 bytes).
    Removing gpio.o(i.GPIOPinTypeGPIOOutputOD), (28 bytes).
    Removing gpio.o(i.GPIOPinTypeI2C), (28 bytes).
    Removing gpio.o(i.GPIOPinTypeI2CSCL), (132 bytes).
    Removing gpio.o(i.GPIOPinTypeI2S), (28 bytes).
    Removing gpio.o(i.GPIOPinTypeLPC), (28 bytes).
    Removing gpio.o(i.GPIOPinTypePECIRx), (28 bytes).
    Removing gpio.o(i.GPIOPinTypePECITx), (28 bytes).
    Removing gpio.o(i.GPIOPinTypePWM), (28 bytes).
    Removing gpio.o(i.GPIOPinTypeQEI), (28 bytes).
    Removing gpio.o(i.GPIOPinTypeSSI), (28 bytes).
    Removing gpio.o(i.GPIOPinTypeTimer), (28 bytes).
    Removing gpio.o(i.GPIOPinTypeUSBAnalog), (28 bytes).
    Removing gpio.o(i.GPIOPinTypeUSBDigital), (28 bytes).
    Removing gpio.o(i.GPIOPinWrite), (6 bytes).
    Removing gpio.o(i.GPIOPortIntRegister), (26 bytes).
    Removing gpio.o(i.GPIOPortIntUnregister), (22 bytes).
    Removing i2c.o(i.I2CIntRegister), (52 bytes).
    Removing i2c.o(i.I2CIntUnregister), (52 bytes).
    Removing i2c.o(i.I2CMasterBusBusy), (12 bytes).
    Removing i2c.o(i.I2CMasterBusy), (12 bytes).
    Removing i2c.o(i.I2CMasterControl), (4 bytes).
    Removing i2c.o(i.I2CMasterDataGet), (4 bytes).
    Removing i2c.o(i.I2CMasterDataPut), (4 bytes).
    Removing i2c.o(i.I2CMasterDisable), (10 bytes).
    Removing i2c.o(i.I2CMasterEnable), (10 bytes).
    Removing i2c.o(i.I2CMasterInitExpClk), (84 bytes).
    Removing i2c.o(i.I2CMasterIntClear), (8 bytes).
    Removing i2c.o(i.I2CMasterIntClearEx), (4 bytes).
    Removing i2c.o(i.I2CMasterIntDisable), (6 bytes).
    Removing i2c.o(i.I2CMasterIntDisableEx), (10 bytes).
    Removing i2c.o(i.I2CMasterIntEnable), (6 bytes).
    Removing i2c.o(i.I2CMasterIntEnableEx), (8 bytes).
    Removing i2c.o(i.I2CMasterIntStatus), (24 bytes).
    Removing i2c.o(i.I2CMasterIntStatusEx), (10 bytes).
    Removing i2c.o(i.I2CMasterLineStateGet), (4 bytes).
    Removing i2c.o(i.I2CMasterSlaveAddrSet), (8 bytes).
    Removing i2c.o(i.I2CMasterTimeoutSet), (4 bytes).
    Removing i2c.o(i.I2CSlaveACKOverride), (18 bytes).
    Removing i2c.o(i.I2CSlaveACKValueSet), (18 bytes).
    Removing i2c.o(i.I2CSlaveAddressSet), (20 bytes).
    Removing i2c.o(i.I2CSlaveDataGet), (4 bytes).
    Removing i2c.o(i.I2CSlaveDataPut), (4 bytes).
    Removing i2c.o(i.I2CSlaveDisable), (18 bytes).
    Removing i2c.o(i.I2CSlaveEnable), (18 bytes).
    Removing i2c.o(i.I2CSlaveInit), (20 bytes).
    Removing i2c.o(i.I2CSlaveIntClear), (6 bytes).
    Removing i2c.o(i.I2CSlaveIntClearEx), (4 bytes).
    Removing i2c.o(i.I2CSlaveIntDisable), (10 bytes).
    Removing i2c.o(i.I2CSlaveIntDisableEx), (10 bytes).
    Removing i2c.o(i.I2CSlaveIntEnable), (10 bytes).
    Removing i2c.o(i.I2CSlaveIntEnableEx), (8 bytes).
    Removing i2c.o(i.I2CSlaveIntStatus), (24 bytes).
    Removing i2c.o(i.I2CSlaveIntStatusEx), (56 bytes).
    Removing i2c.o(i.I2CSlaveStatus), (4 bytes).
    Removing i2c.o(.constdata), (48 bytes).
    Removing interrupt.o(i.IntDefaultHandler), (2 bytes).
    Removing interrupt.o(i.IntDisable), (100 bytes).
    Removing interrupt.o(i.IntIsEnabled), (96 bytes).
    Removing interrupt.o(i.IntMasterDisable), (10 bytes).
    Removing interrupt.o(i.IntMasterEnable), (10 bytes).
    Removing interrupt.o(i.IntPendClear), (68 bytes).
    Removing interrupt.o(i.IntPendSet), (84 bytes).
    Removing interrupt.o(i.IntPriorityGet), (28 bytes).
    Removing interrupt.o(i.IntPriorityGroupingGet), (40 bytes).
    Removing interrupt.o(i.IntPriorityGroupingSet), (28 bytes).
    Removing interrupt.o(i.IntPriorityMaskGet), (4 bytes).
    Removing interrupt.o(i.IntPriorityMaskSet), (4 bytes).
    Removing interrupt.o(i.IntPrioritySet), (40 bytes).
    Removing interrupt.o(i.IntRegister), (52 bytes).
    Removing interrupt.o(i.IntUnregister), (20 bytes).
    Removing interrupt.o(vtable), (620 bytes).
    Removing sysctl.o(i.SysCtlADCSpeedGet), (16 bytes).
    Removing sysctl.o(i.SysCtlADCSpeedSet), (32 bytes).
    Removing sysctl.o(i.SysCtlBrownOutConfigSet), (16 bytes).
    Removing sysctl.o(i.SysCtlClkVerificationClear), (20 bytes).
    Removing sysctl.o(i.SysCtlDeepSleep), (32 bytes).
    Removing sysctl.o(i.SysCtlDeepSleepClockSet), (12 bytes).
    Removing sysctl.o(i.SysCtlFlashSizeGet), (20 bytes).
    Removing sysctl.o(i.SysCtlGPIOAHBDisable), (20 bytes).
    Removing sysctl.o(i.SysCtlGPIOAHBEnable), (16 bytes).
    Removing sysctl.o(i.SysCtlI2SMClkSet), (216 bytes).
    Removing sysctl.o(i.SysCtlIOSCVerificationSet), (24 bytes).
    Removing sysctl.o(i.SysCtlIntClear), (12 bytes).
    Removing sysctl.o(i.SysCtlIntDisable), (16 bytes).
    Removing sysctl.o(i.SysCtlIntEnable), (16 bytes).
    Removing sysctl.o(i.SysCtlIntRegister), (20 bytes).
    Removing sysctl.o(i.SysCtlIntStatus), (16 bytes).
    Removing sysctl.o(i.SysCtlIntUnregister), (18 bytes).
    Removing sysctl.o(i.SysCtlLDOConfigSet), (12 bytes).
    Removing sysctl.o(i.SysCtlLDOGet), (12 bytes).
    Removing sysctl.o(i.SysCtlMOSCConfigSet), (12 bytes).
    Removing sysctl.o(i.SysCtlMOSCVerificationSet), (24 bytes).
    Removing sysctl.o(i.SysCtlPIOSCCalibrate), (76 bytes).
    Removing sysctl.o(i.SysCtlPLLVerificationSet), (24 bytes).
    Removing sysctl.o(i.SysCtlPWMClockGet), (24 bytes).
    Removing sysctl.o(i.SysCtlPWMClockSet), (20 bytes).
    Removing sysctl.o(i.SysCtlPeripheralClockGating), (24 bytes).
    Removing sysctl.o(i.SysCtlPeripheralDeepSleepDisable), (80 bytes).
    Removing sysctl.o(i.SysCtlPeripheralDeepSleepEnable), (80 bytes).
    Removing sysctl.o(i.SysCtlPeripheralDisable), (80 bytes).
    Removing sysctl.o(i.SysCtlPeripheralPowerOff), (72 bytes).
    Removing sysctl.o(i.SysCtlPeripheralPowerOn), (72 bytes).
    Removing sysctl.o(i.SysCtlPeripheralPresent), (112 bytes).
    Removing sysctl.o(i.SysCtlPeripheralReady), (72 bytes).
    Removing sysctl.o(i.SysCtlPeripheralReset), (120 bytes).
    Removing sysctl.o(i.SysCtlPeripheralSleepDisable), (80 bytes).
    Removing sysctl.o(i.SysCtlPeripheralSleepEnable), (80 bytes).
    Removing sysctl.o(i.SysCtlPinPresent), (16 bytes).
    Removing sysctl.o(i.SysCtlReset), (16 bytes).
    Removing sysctl.o(i.SysCtlResetCauseClear), (16 bytes).
    Removing sysctl.o(i.SysCtlResetCauseGet), (12 bytes).
    Removing sysctl.o(i.SysCtlSRAMSizeGet), (20 bytes).
    Removing sysctl.o(i.SysCtlSleep), (4 bytes).
    Removing sysctl.o(i.SysCtlUSBPLLDisable), (16 bytes).
    Removing sysctl.o(i.SysCtlUSBPLLEnable), (16 bytes).
    Removing sysctl.o(.data), (4 bytes).
    Removing sysctl.o(.data), (4 bytes).
    Removing sysctl.o(.data), (4 bytes).
    Removing sysctl.o(.data), (1 bytes).
    Removing systick.o(i.SysTickDisable), (14 bytes).
    Removing systick.o(i.SysTickEnable), (14 bytes).
    Removing systick.o(i.SysTickIntDisable), (14 bytes).
    Removing systick.o(i.SysTickIntRegister), (24 bytes).
    Removing systick.o(i.SysTickIntUnregister), (18 bytes).
    Removing systick.o(i.SysTickPeriodGet), (10 bytes).
    Removing systick.o(i.SysTickValueGet), (8 bytes).
    Removing uart.o(i.UART9BitAddrSend), (34 bytes).
    Removing uart.o(i.UART9BitAddrSet), (10 bytes).
    Removing uart.o(i.UART9BitDisable), (14 bytes).
    Removing uart.o(i.UART9BitEnable), (14 bytes).
    Removing uart.o(i.UARTBreakCtl), (18 bytes).
    Removing uart.o(i.UARTBusy), (8 bytes).
    Removing uart.o(i.UARTCharGet), (12 bytes).
    Removing uart.o(i.UARTCharGetNonBlocking), (16 bytes).
    Removing uart.o(i.UARTCharPutNonBlocking), (16 bytes).
    Removing uart.o(i.UARTCharsAvail), (10 bytes).
    Removing uart.o(i.UARTClockSourceGet), (6 bytes).
    Removing uart.o(i.UARTClockSourceSet), (6 bytes).
    Removing uart.o(i.UARTConfigGetExpClk), (46 bytes).
    Removing uart.o(i.UARTDMADisable), (10 bytes).
    Removing uart.o(i.UARTDMAEnable), (8 bytes).
    Removing uart.o(i.UARTDisableSIR), (10 bytes).
    Removing uart.o(i.UARTEnableSIR), (18 bytes).
    Removing uart.o(i.UARTFIFODisable), (10 bytes).
    Removing uart.o(i.UARTFIFOEnable), (10 bytes).
    Removing uart.o(i.UARTFIFOLevelGet), (16 bytes).
    Removing uart.o(i.UARTFIFOLevelSet), (6 bytes).
    Removing uart.o(i.UARTFlowControlGet), (8 bytes).
    Removing uart.o(i.UARTFlowControlSet), (12 bytes).
    Removing uart.o(i.UARTIntClear), (4 bytes).
    Removing uart.o(i.UARTIntDisable), (10 bytes).
    Removing uart.o(i.UARTIntEnable), (8 bytes).
    Removing uart.o(i.UARTIntRegister), (52 bytes).
    Removing uart.o(i.UARTIntStatus), (10 bytes).
    Removing uart.o(i.UARTIntUnregister), (52 bytes).
    Removing uart.o(i.UARTModemControlClear), (14 bytes).
    Removing uart.o(i.UARTModemControlGet), (8 bytes).
    Removing uart.o(i.UARTModemControlSet), (12 bytes).
    Removing uart.o(i.UARTModemStatusGet), (10 bytes).
    Removing uart.o(i.UARTParityModeGet), (8 bytes).
    Removing uart.o(i.UARTParityModeSet), (12 bytes).
    Removing uart.o(i.UARTRxErrorClear), (6 bytes).
    Removing uart.o(i.UARTRxErrorGet), (8 bytes).
    Removing uart.o(i.UARTSmartCardDisable), (10 bytes).
    Removing uart.o(i.UARTSmartCardEnable), (22 bytes).
    Removing uart.o(i.UARTSpaceAvail), (10 bytes).
    Removing uart.o(i.UARTTxIntModeGet), (8 bytes).
    Removing uart.o(i.UARTTxIntModeSet), (12 bytes).
    Removing uart.o(.constdata), (64 bytes).
    Removing udma.o(i.uDMAChannelAssign), (44 bytes).
    Removing udma.o(i.uDMAChannelAttributeDisable), (72 bytes).
    Removing udma.o(i.uDMAChannelAttributeEnable), (72 bytes).
    Removing udma.o(i.uDMAChannelAttributeGet), (64 bytes).
    Removing udma.o(i.uDMAChannelControlSet), (32 bytes).
    Removing udma.o(i.uDMAChannelDisable), (20 bytes).
    Removing udma.o(i.uDMAChannelEnable), (20 bytes).
    Removing udma.o(i.uDMAChannelIsEnabled), (28 bytes).
    Removing udma.o(i.uDMAChannelModeGet), (40 bytes).
    Removing udma.o(i.uDMAChannelRequest), (20 bytes).
    Removing udma.o(i.uDMAChannelScatterGatherSet), (72 bytes).
    Removing udma.o(i.uDMAChannelSelectDefault), (16 bytes).
    Removing udma.o(i.uDMAChannelSelectSecondary), (16 bytes).
    Removing udma.o(i.uDMAChannelSizeGet), (32 bytes).
    Removing udma.o(i.uDMAChannelTransferSet), (128 bytes).
    Removing udma.o(i.uDMAControlAlternateBaseGet), (12 bytes).
    Removing udma.o(i.uDMAControlBaseGet), (12 bytes).
    Removing udma.o(i.uDMADisable), (12 bytes).
    Removing udma.o(i.uDMAErrorStatusClear), (12 bytes).
    Removing udma.o(i.uDMAErrorStatusGet), (12 bytes).
    Removing udma.o(i.uDMAIntClear), (12 bytes).
    Removing udma.o(i.uDMAIntRegister), (18 bytes).
    Removing udma.o(i.uDMAIntStatus), (12 bytes).
    Removing udma.o(i.uDMAIntUnregister), (18 bytes).
    Removing charmap.o(i.GrMapISO8859_10_Unicode), (32 bytes).
    Removing charmap.o(i.GrMapISO8859_11_Unicode), (16 bytes).
    Removing charmap.o(i.GrMapISO8859_13_Unicode), (32 bytes).
    Removing charmap.o(i.GrMapISO8859_14_Unicode), (96 bytes).
    Removing charmap.o(i.GrMapISO8859_15_Unicode), (88 bytes).
    Removing charmap.o(i.GrMapISO8859_16_Unicode), (32 bytes).
    Removing charmap.o(i.GrMapISO8859_2_Unicode), (32 bytes).
    Removing charmap.o(i.GrMapISO8859_3_Unicode), (32 bytes).
    Removing charmap.o(i.GrMapISO8859_4_Unicode), (32 bytes).
    Removing charmap.o(i.GrMapISO8859_5_Unicode), (16 bytes).
    Removing charmap.o(i.GrMapISO8859_6_Unicode), (22 bytes).
    Removing charmap.o(i.GrMapISO8859_7_Unicode), (40 bytes).
    Removing charmap.o(i.GrMapISO8859_8_Unicode), (38 bytes).
    Removing charmap.o(i.GrMapISO8859_9_Unicode), (68 bytes).
    Removing charmap.o(i.GrMapUTF16BE_Unicode), (6 bytes).
    Removing charmap.o(i.GrMapUTF16LE_Unicode), (6 bytes).
    Removing charmap.o(i.GrMapUTF16_Unicode), (120 bytes).
    Removing charmap.o(i.GrMapUTF8_Unicode), (142 bytes).
    Removing charmap.o(i.GrMapUnicode_Unicode), (22 bytes).
    Removing charmap.o(i.GrMapWIN1250_Unicode), (32 bytes).
    Removing charmap.o(i.GrMapWIN1251_Unicode), (44 bytes).
    Removing charmap.o(i.GrMapWIN1252_Unicode), (36 bytes).
    Removing charmap.o(i.GrMapWIN1253_Unicode), (44 bytes).
    Removing charmap.o(i.GrMapWIN1254_Unicode), (96 bytes).
    Removing charmap.o(.constdata), (1900 bytes).
    Removing circle.o(i.GrCircleDraw), (510 bytes).
    Removing circle.o(i.GrCircleFill), (294 bytes).
    Removing image.o(i.GrTransparentImageDraw), (22 bytes).
    Removing rectangle.o(i.GrRectIntersectGet), (138 bytes).
    Removing rectangle.o(i.GrRectOverlapCheck), (56 bytes).
    Removing string.o(i.GrCodepageMapTableSet), (10 bytes).
    Removing string.o(i.GrFontBlockCodepointsGet), (84 bytes).
    Removing string.o(i.GrFontCodepageGet), (32 bytes).
    Removing string.o(i.GrFontInfoGet), (48 bytes).
    Removing string.o(i.GrFontMaxWidthGet), (44 bytes).
    Removing string.o(i.GrFontNumBlocksGet), (32 bytes).
    Removing string.o(i.GrStringCodepageSet), (6 bytes).
    Removing string.o(i.GrStringGet), (596 bytes).
    Removing string.o(i.GrStringLanguageSet), (48 bytes).
    Removing string.o(i.GrStringNextCharGet), (54 bytes).
    Removing string.o(i.GrStringTableSet), (36 bytes).
    Removing string.o(.data), (20 bytes).
    Removing cpu.o(.emb_text), (38 bytes).
    Removing line.o(i.GrLineDraw), (636 bytes).

286 unused section(s) (total 13537 bytes) removed from the image.

==============================================================================

Image Symbol Table

    Local Symbols

    Symbol Name                              Value     Ov Type        Size  Object(Section)

    RESET                                    0x00000000   Section      268  startup.o(RESET)
    ../../../cmprslib/zerorunl2.c            0x00000000   Number         0  __dczerorl2.o ABSOLUTE
    ../../microlib/init/entry.s              0x00000000   Number         0  entry2.o ABSOLUTE
    ../../microlib/init/entry.s              0x00000000   Number         0  entry.o ABSOLUTE
    ../../microlib/init/entry.s              0x00000000   Number         0  entry5.o ABSOLUTE
    ../../microlib/init/entry.s              0x00000000   Number         0  entry7.o ABSOLUTE
    F:\Keil\boards\dk-lm3s9d96\drivers\kitronix320x240x16_ssd2119_8bit.c 0x00000000   Number         0  kitronix320x240x16_ssd2119_8bit.o ABSOLUTE
    F:\Keil\boards\dk-lm3s9d96\drivers\set_pinout.c 0x00000000   Number         0  set_pinout.o ABSOLUTE
    F:\Keil\boards\dk-lm3s9d96\drivers\touch.c 0x00000000   Number         0  touch.o ABSOLUTE
    GPIODriverConfigure.c                    0x00000000   Number         0  gpiodriverconfigure.o ABSOLUTE
    Startup.s                                0x00000000   Number         0  startup.o ABSOLUTE
    SysCtlConfigure.c                        0x00000000   Number         0  sysctlconfigure.o ABSOLUTE
    SysTickConfigure.c                       0x00000000   Number         0  systickconfigure.o ABSOLUTE
    UARTConfigure.c                          0x00000000   Number         0  uartconfigure.o ABSOLUTE
    canvas.c                                 0x00000000   Number         0  canvas.o ABSOLUTE
    charmap.c                                0x00000000   Number         0  charmap.o ABSOLUTE
    circle.c                                 0x00000000   Number         0  circle.o ABSOLUTE
    context.c                                0x00000000   Number         0  context.o ABSOLUTE
    cpu.c                                    0x00000000   Number         0  cpu.o ABSOLUTE
    cpu.c                                    0x00000000   Number         0  cpu.o ABSOLUTE
    dc.s                                     0x00000000   Number         0  dc.o ABSOLUTE
    epi.c                                    0x00000000   Number         0  epi.o ABSOLUTE
    fonts\fontcmss18.c                       0x00000000   Number         0  fontcmss18.o ABSOLUTE
    fonts\fontcmss20b.c                      0x00000000   Number         0  fontcmss20b.o ABSOLUTE
    fonts\fontcmss22b.c                      0x00000000   Number         0  fontcmss22b.o ABSOLUTE
    gpio.c                                   0x00000000   Number         0  gpio.o ABSOLUTE
    handlers.s                               0x00000000   Number         0  handlers.o ABSOLUTE
    i2c.c                                    0x00000000   Number         0  i2c.o ABSOLUTE
    image.c                                  0x00000000   Number         0  image.o ABSOLUTE
    init.s                                   0x00000000   Number         0  init.o ABSOLUTE
    interrupt.c                              0x00000000   Number         0  interrupt.o ABSOLUTE
    line.c                                   0x00000000   Number         0  line.o ABSOLUTE
    main.c                                   0x00000000   Number         0  main.o ABSOLUTE
    pushbutton.c                             0x00000000   Number         0  pushbutton.o ABSOLUTE
    rectangle.c                              0x00000000   Number         0  rectangle.o ABSOLUTE
    string.c                                 0x00000000   Number         0  string.o ABSOLUTE
    sysctl.c                                 0x00000000   Number         0  sysctl.o ABSOLUTE
    sysctl.c                                 0x00000000   Number         0  sysctl.o ABSOLUTE
    systick.c                                0x00000000   Number         0  systick.o ABSOLUTE
    uart.c                                   0x00000000   Number         0  uart.o ABSOLUTE
    udma.c                                   0x00000000   Number         0  udma.o ABSOLUTE
    widget.c                                 0x00000000   Number         0  widget.o ABSOLUTE
    widget.c                                 0x00000000   Number         0  widget.o ABSOLUTE
    NmiSR                                    0x00000105   Thumb Code     0  startup.o(RESET)
    FaultISR                                 0x00000107   Thumb Code     0  startup.o(RESET)
    IntDefaultHandler                        0x00000109   Thumb Code     0  startup.o(RESET)
    .ARM.Collect$$$$00000000                 0x0000010c   Section        0  entry.o(.ARM.Collect$$$$00000000)
    .ARM.Collect$$$$00000001                 0x0000010c   Section        4  entry2.o(.ARM.Collect$$$$00000001)
    .ARM.Collect$$$$00000004                 0x00000110   Section        4  entry5.o(.ARM.Collect$$$$00000004)
    .ARM.Collect$$$$00000007                 0x00000114   Section        8  entry7.o(.ARM.Collect$$$$00000007)
    .ARM.Collect$$$$00002712                 0x0000011c   Section        4  entry2.o(.ARM.Collect$$$$00002712)
    __lit__00000000                          0x0000011c   Data           4  entry2.o(.ARM.Collect$$$$00002712)
    .emb_text                                0x00000120   Section       20  widget.o(.emb_text)
    .emb_text                                0x00000134   Section        6  sysctl.o(.emb_text)
    .text                                    0x0000013c   Section        0  main.o(.text)
    .text                                    0x00000310   Section        0  kitronix320x240x16_ssd2119_8bit.o(.text)
    WriteDataGPIO                            0x00000311   Thumb Code    34  kitronix320x240x16_ssd2119_8bit.o(.text)
    WriteDataEPI                             0x00000333   Thumb Code    12  kitronix320x240x16_ssd2119_8bit.o(.text)
    WriteCommandEPI                          0x0000033f   Thumb Code    12  kitronix320x240x16_ssd2119_8bit.o(.text)
    WriteDataFPGA                            0x0000034b   Thumb Code    12  kitronix320x240x16_ssd2119_8bit.o(.text)
    WriteCommandFPGA                         0x00000357   Thumb Code    12  kitronix320x240x16_ssd2119_8bit.o(.text)
    WriteCommandGPIO                         0x00000363   Thumb Code    42  kitronix320x240x16_ssd2119_8bit.o(.text)
    InitGPIOLCDInterface                     0x0000038d   Thumb Code   282  kitronix320x240x16_ssd2119_8bit.o(.text)
    Kitronix320x240x16_SSD2119PixelDraw      0x000006d9   Thumb Code   104  kitronix320x240x16_ssd2119_8bit.o(.text)
    Kitronix320x240x16_SSD2119PixelDrawMultiple 0x00000741   Thumb Code   326  kitronix320x240x16_ssd2119_8bit.o(.text)
    Kitronix320x240x16_SSD2119LineDrawH      0x00000887   Thumb Code    82  kitronix320x240x16_ssd2119_8bit.o(.text)
    Kitronix320x240x16_SSD2119LineDrawV      0x000008d9   Thumb Code    82  kitronix320x240x16_ssd2119_8bit.o(.text)
    Kitronix320x240x16_SSD2119RectFill       0x0000092b   Thumb Code   184  kitronix320x240x16_ssd2119_8bit.o(.text)
    Kitronix320x240x16_SSD2119ColorTranslate 0x000009e3   Thumb Code    22  kitronix320x240x16_ssd2119_8bit.o(.text)
    Kitronix320x240x16_SSD2119Flush          0x000009f9   Thumb Code     2  kitronix320x240x16_ssd2119_8bit.o(.text)
    .text                                    0x00000a00   Section        0  set_pinout.o(.text)
    EEPROMReadPolled                         0x00000a01   Thumb Code   262  set_pinout.o(.text)
    EPIDividerFromRate                       0x00000b07   Thumb Code    40  set_pinout.o(.text)
    EPIPinConfigSet                          0x00000b2f   Thumb Code   336  set_pinout.o(.text)
    DaughterBoardTypeGet                     0x00000d4b   Thumb Code   158  set_pinout.o(.text)
    HB8ConfigGet                             0x00000de9   Thumb Code   166  set_pinout.o(.text)
    PortControlSet                           0x00000e8f   Thumb Code   180  set_pinout.o(.text)
    .text                                    0x00000f7c   Section        0  touch.o(.text)
    TouchScreenDebouncer                     0x00000f7d   Thumb Code   260  touch.o(.text)
    .text                                    0x00001354   Section        0  sysctlconfigure.o(.text)
    .text                                    0x00001374   Section        0  systickconfigure.o(.text)
    .text                                    0x0000138c   Section        0  uartconfigure.o(.text)
    .text                                    0x000013d8   Section        0  gpiodriverconfigure.o(.text)
    .text                                    0x00001564   Section       36  init.o(.text)
    .text                                    0x00001588   Section        0  __dczerorl2.o(.text)
    i.CanvasMsgProc                          0x000015e4   Section        0  canvas.o(i.CanvasMsgProc)
    i.EPIAddressMapSet                       0x0000179a   Section        0  epi.o(i.EPIAddressMapSet)
    i.EPIConfigGPModeSet                     0x0000179e   Section        0  epi.o(i.EPIConfigGPModeSet)
    i.EPIConfigHB8Set                        0x000017c0   Section        0  epi.o(i.EPIConfigHB8Set)
    i.EPIConfigSDRAMSet                      0x000017ee   Section        0  epi.o(i.EPIConfigSDRAMSet)
    i.EPIDividerSet                          0x000017fa   Section        0  epi.o(i.EPIDividerSet)
    i.EPIModeSet                             0x000017fe   Section        0  epi.o(i.EPIModeSet)
    i.GPIODirModeSet                         0x00001802   Section        0  gpio.o(i.GPIODirModeSet)
    i.GPIOIntTypeSet                         0x0000182a   Section        0  gpio.o(i.GPIOIntTypeSet)
    i.GPIOPadConfigSet                       0x00001864   Section        0  gpio.o(i.GPIOPadConfigSet)
    i.GPIOPinConfigure                       0x00001914   Section        0  gpio.o(i.GPIOPinConfigure)
    i.GPIOPinIntEnable                       0x0000195c   Section        0  gpio.o(i.GPIOPinIntEnable)
    i.GPIOPinTypeGPIOInput                   0x0000196a   Section        0  gpio.o(i.GPIOPinTypeGPIOInput)
    i.GPIOPinTypeGPIOOutput                  0x00001986   Section        0  gpio.o(i.GPIOPinTypeGPIOOutput)
    i.GPIOPinTypeUART                        0x000019a2   Section        0  gpio.o(i.GPIOPinTypeUART)
    i.GrContextClipRegionSet                 0x000019be   Section        0  context.o(i.GrContextClipRegionSet)
    i.GrContextFontSet                       0x00001a2e   Section        0  string.o(i.GrContextFontSet)
    i.GrContextInit                          0x00001a34   Section        0  context.o(i.GrContextInit)
    i.GrDefaultStringRenderer                0x00001a98   Section        0  string.o(i.GrDefaultStringRenderer)
    i.GrFontBaselineGet                      0x00001bb0   Section        0  string.o(i.GrFontBaselineGet)
    i.GrFontGlyphDataGet                     0x00001bdc   Section        0  string.o(i.GrFontGlyphDataGet)
    i.GrFontGlyphRender                      0x00001c82   Section        0  string.o(i.GrFontGlyphRender)
    i.GrFontHeightGet                        0x00001f08   Section        0  string.o(i.GrFontHeightGet)
    i.GrImageDraw                            0x00001f34   Section        0  image.o(i.GrImageDraw)
    i.GrLineDrawH                            0x00001f4c   Section        0  line.o(i.GrLineDrawH)
    i.GrLineDrawV                            0x00001f98   Section        0  line.o(i.GrLineDrawV)
    i.GrMapISO8859_1_Unicode                 0x00001fe4   Section        0  charmap.o(i.GrMapISO8859_1_Unicode)
    i.GrRectDraw                             0x00001fec   Section        0  rectangle.o(i.GrRectDraw)
    i.GrRectFill                             0x00002058   Section        0  rectangle.o(i.GrRectFill)
    i.GrStringDraw                           0x0000210c   Section        0  string.o(i.GrStringDraw)
    i.GrStringWidthGet                       0x00002122   Section        0  string.o(i.GrStringWidthGet)
    i.I2CMasterErr                           0x000021e2   Section        0  i2c.o(i.I2CMasterErr)
    i.IntEnable                              0x000021fc   Section        0  interrupt.o(i.IntEnable)
    i.InternalImageDraw                      0x00002260   Section        0  image.o(i.InternalImageDraw)
    InternalImageDraw                        0x00002261   Thumb Code   848  image.o(i.InternalImageDraw)
    i.PixelTransparentDraw                   0x000025b4   Section        0  image.o(i.PixelTransparentDraw)
    PixelTransparentDraw                     0x000025b5   Thumb Code   676  image.o(i.PixelTransparentDraw)
    i.RectangularButtonMsgProc               0x00002858   Section        0  pushbutton.o(i.RectangularButtonMsgProc)
    i.RectangularButtonPaint                 0x00002978   Section        0  pushbutton.o(i.RectangularButtonPaint)
    RectangularButtonPaint                   0x00002979   Thumb Code   404  pushbutton.o(i.RectangularButtonPaint)
    i.SysCtlClockGet                         0x00002b0c   Section        0  sysctl.o(i.SysCtlClockGet)
    i.SysCtlClockSet                         0x00002d3c   Section        0  sysctl.o(i.SysCtlClockSet)
    i.SysCtlLDOSet                           0x00002e88   Section        0  sysctl.o(i.SysCtlLDOSet)
    i.SysCtlPeripheralEnable                 0x00002e94   Section        0  sysctl.o(i.SysCtlPeripheralEnable)
    i.SysTickIntEnable                       0x00002ee4   Section        0  systick.o(i.SysTickIntEnable)
    i.SysTickPeriodSet                       0x00002ef2   Section        0  systick.o(i.SysTickPeriodSet)
    i.UARTCharPut                            0x00002efc   Section        0  uart.o(i.UARTCharPut)
    i.UARTConfigSetExpClk                    0x00002f08   Section        0  uart.o(i.UARTConfigSetExpClk)
    i.UARTDisable                            0x00002f76   Section        0  uart.o(i.UARTDisable)
    i.UARTEnable                             0x00002f94   Section        0  uart.o(i.UARTEnable)
    i.UpdateContextCharMapping               0x00002fa8   Section        0  string.o(i.UpdateContextCharMapping)
    UpdateContextCharMapping                 0x00002fa9   Thumb Code   108  string.o(i.UpdateContextCharMapping)
    i.WidgetAdd                              0x00003014   Section        0  widget.o(i.WidgetAdd)
    i.WidgetDefaultMsgProc                   0x0000303a   Section        0  widget.o(i.WidgetDefaultMsgProc)
    i.WidgetMessageQueueAdd                  0x00003040   Section        0  widget.o(i.WidgetMessageQueueAdd)
    i.WidgetMessageQueueProcess              0x00003124   Section        0  widget.o(i.WidgetMessageQueueProcess)
    i.WidgetMessageSendPostOrder             0x000031d0   Section        0  widget.o(i.WidgetMessageSendPostOrder)
    i.WidgetPointerMessage                   0x000032a8   Section        0  widget.o(i.WidgetPointerMessage)
    i.__scatterload_copy                     0x000032c8   Section       14  handlers.o(i.__scatterload_copy)
    i.__scatterload_null                     0x000032d6   Section        2  handlers.o(i.__scatterload_null)
    i.__scatterload_zeroinit                 0x000032d8   Section       14  handlers.o(i.__scatterload_zeroinit)
    i.uDMAControlBaseSet                     0x000032e8   Section        0  udma.o(i.uDMAControlBaseSet)
    i.uDMAEnable                             0x000032f4   Section        0  udma.o(i.uDMAEnable)
    .constdata                               0x00003300   Section       40  kitronix320x240x16_ssd2119_8bit.o(.constdata)
    .constdata                               0x00003328   Section      292  set_pinout.o(.constdata)
    g_psEPIPinInfo                           0x0000334c   Data         256  set_pinout.o(.constdata)
    .constdata                               0x0000344c   Section       84  touch.o(.constdata)
    .constdata                               0x000034a0   Section       16  context.o(.constdata)
    .constdata                               0x000034b0   Section     2021  fontcmss18.o(.constdata)
    g_pucCmss18Data                          0x000034b0   Data        2021  fontcmss18.o(.constdata)
    .constdata                               0x00003c98   Section      200  fontcmss18.o(.constdata)
    .constdata                               0x00003d60   Section     2192  fontcmss20b.o(.constdata)
    g_pucCmss20bData                         0x00003d60   Data        2192  fontcmss20b.o(.constdata)
    .constdata                               0x000045f0   Section      200  fontcmss20b.o(.constdata)
    .constdata                               0x000046b8   Section     2334  fontcmss22b.o(.constdata)
    g_pucCmss22bData                         0x000046b8   Data        2334  fontcmss22b.o(.constdata)
    .constdata                               0x00004fd8   Section      200  fontcmss22b.o(.constdata)
    .constdata                               0x000050a0   Section      120  gpio.o(.constdata)
    g_pulGPIOBaseAddrs                       0x000050a0   Data         120  gpio.o(.constdata)
    .constdata                               0x00005118   Section      268  interrupt.o(.constdata)
    g_pulPriority                            0x00005118   Data          32  interrupt.o(.constdata)
    g_pulRegs                                0x00005138   Data         156  interrupt.o(.constdata)
    g_pulEnRegs                              0x000051d4   Data          20  interrupt.o(.constdata)
    g_pulDisRegs                             0x000051e8   Data          20  interrupt.o(.constdata)
    g_pulPendRegs                            0x000051fc   Data          20  interrupt.o(.constdata)
    g_pulUnpendRegs                          0x00005210   Data          20  interrupt.o(.constdata)
    .constdata                               0x00005224   Section      460  sysctl.o(.constdata)
    g_pulDCRegs                              0x00005224   Data          16  sysctl.o(.constdata)
    g_pulSRCRRegs                            0x00005234   Data          12  sysctl.o(.constdata)
    g_pulRCGCRegs                            0x00005240   Data          12  sysctl.o(.constdata)
    g_pulSCGCRegs                            0x0000524c   Data          12  sysctl.o(.constdata)
    g_pulDCGCRegs                            0x00005258   Data          12  sysctl.o(.constdata)
    g_pulXtals                               0x00005264   Data         108  sysctl.o(.constdata)
    g_ppulPeripheralMap                      0x000052d0   Data         288  sysctl.o(.constdata)
    .conststring                             0x000053f0   Section      147  main.o(.conststring)
    .data                                    0x20000000   Section      896  main.o(.data)
    .data                                    0x20000380   Section       64  main.o(.data)
    .data                                    0x200003c0   Section        8  kitronix320x240x16_ssd2119_8bit.o(.data)
    .data                                    0x200003c8   Section        2  set_pinout.o(.data)
    .data                                    0x200003cc   Section       20  touch.o(.data)
    g_cState                                 0x200003cc   Data           1  touch.o(.data)
    g_cIndex                                 0x200003cd   Data           1  touch.o(.data)
    g_ulTSState                              0x200003d8   Data           4  touch.o(.data)
    g_pfnTSHandler                           0x200003dc   Data           4  touch.o(.data)
    .data                                    0x200003e0   Section        4  sysctlconfigure.o(.data)
    .data                                    0x200003e4   Section        4  context.o(.data)
    g_psGrLibDefaults                        0x200003e4   Data           4  context.o(.data)
    .data                                    0x200003e8   Section       48  widget.o(.data)
    g_ucMQMutex                              0x200003e8   Data           1  widget.o(.data)
    g_pPointerWidget                         0x200003ec   Data           4  widget.o(.data)
    g_ulMQRead                               0x200003f0   Data           4  widget.o(.data)
    g_ulMQWrite                              0x200003f4   Data           4  widget.o(.data)
    .bss                                     0x20000800   Section     1068  main.o(.bss)
    .bss                                     0x20000c2c   Section       16  touch.o(.bss)
    g_psSamples                              0x20000c2c   Data          16  touch.o(.bss)
    .bss                                     0x20000c3c   Section      320  widget.o(.bss)
    g_pMQ                                    0x20000c3c   Data         320  widget.o(.bss)
    .bss                                     0x20000d7c   Section       32  image.o(.bss)
    g_pucDictionary                          0x20000d7c   Data          32  image.o(.bss)
    STACK                                    0x20000da0   Section      256  startup.o(STACK)
    StackMem                                 0x20000da0   Data           0  startup.o(STACK)

    Global Symbols

    Symbol Name                              Value     Ov Type        Size  Object(Section)

    BuildAttributes$$THM_ISAv4$P$D$K$B$S$PE$A:L22UL41UL21$X:L11$S22US41US21$IEEE1$IW$USESV6$~STKCKD$USESV7$~SHL$OTIME$EBA8$MICROLIB$REQ8$PRES8$EABIv2 0x00000000   Number         0  anon$$obj.o ABSOLUTE
    __ARM_use_no_argv                        0x00000000   Number         0  main.o ABSOLUTE
    __Vectors                                0x00000000   Data           0  startup.o(RESET)
    Reset_Handler                            0x00000101   Thumb Code     0  startup.o(RESET)
    __main                                   0x0000010d   Thumb Code     0  entry.o(.ARM.Collect$$$$00000000)
    _main_stk                                0x0000010d   Thumb Code     0  entry2.o(.ARM.Collect$$$$00000001)
    _main_scatterload                        0x00000111   Thumb Code     0  entry5.o(.ARM.Collect$$$$00000004)
    __main_after_scatterload                 0x00000115   Thumb Code     0  entry5.o(.ARM.Collect$$$$00000004)
    _main_init                               0x00000115   Thumb Code     0  entry7.o(.ARM.Collect$$$$00000007)
    WidgetMutexGet                           0x00000121   Thumb Code    20  widget.o(.emb_text)
    SysCtlDelay                              0x00000135   Thumb Code     6  sysctl.o(.emb_text)
    graphicInit                              0x0000013d   Thumb Code    76  main.o(.text)
    scoreQueryButtonClick                    0x00000189   Thumb Code    50  main.o(.text)
    booksQueryButtonClick                    0x000001bb   Thumb Code    42  main.o(.text)
    busQueryButtonClick                      0x000001e5   Thumb Code    40  main.o(.text)
    ecardQueryButtonClick                    0x0000020d   Thumb Code    42  main.o(.text)
    main                                     0x00000237   Thumb Code   112  main.o(.text)
    Kitronix320x240x16_SSD2119Init           0x000004a7   Thumb Code   562  kitronix320x240x16_ssd2119_8bit.o(.text)
    PinoutSet                                0x00000c7f   Thumb Code   204  set_pinout.o(.text)
    TouchScreenIntHandler                    0x00001081   Thumb Code   358  touch.o(.text)
    TouchScreenInit                          0x000011e7   Thumb Code   314  touch.o(.text)
    TouchScreenCallbackSet                   0x00001321   Thumb Code     6  touch.o(.text)
    ClockInitial                             0x00001355   Thumb Code    24  sysctlconfigure.o(.text)
    SysTickInitial                           0x00001375   Thumb Code    18  systickconfigure.o(.text)
    UART0Initial                             0x0000138d   Thumb Code    44  uartconfigure.o(.text)
    UARTStringPut                            0x000013b9   Thumb Code    24  uartconfigure.o(.text)
    LEDOff                                   0x000013d9   Thumb Code    26  gpiodriverconfigure.o(.text)
    GPIOInitial                              0x000013f3   Thumb Code   230  gpiodriverconfigure.o(.text)
    LEDOn                                    0x000014d9   Thumb Code    28  gpiodriverconfigure.o(.text)
    LEDOverturn                              0x000014f5   Thumb Code    34  gpiodriverconfigure.o(.text)
    KeyPress                                 0x00001517   Thumb Code    52  gpiodriverconfigure.o(.text)
    __scatterload                            0x00001565   Thumb Code    28  init.o(.text)
    __scatterload_rt2                        0x00001565   Thumb Code     0  init.o(.text)
    __decompress                             0x00001589   Thumb Code     0  __dczerorl2.o(.text)
    __decompress1                            0x00001589   Thumb Code    92  __dczerorl2.o(.text)
    CanvasMsgProc                            0x000015e5   Thumb Code   438  canvas.o(i.CanvasMsgProc)
    EPIAddressMapSet                         0x0000179b   Thumb Code     4  epi.o(i.EPIAddressMapSet)
    EPIConfigGPModeSet                       0x0000179f   Thumb Code    34  epi.o(i.EPIConfigGPModeSet)
    EPIConfigHB8Set                          0x000017c1   Thumb Code    46  epi.o(i.EPIConfigHB8Set)
    EPIConfigSDRAMSet                        0x000017ef   Thumb Code    12  epi.o(i.EPIConfigSDRAMSet)
    EPIDividerSet                            0x000017fb   Thumb Code     4  epi.o(i.EPIDividerSet)
    EPIModeSet                               0x000017ff   Thumb Code     4  epi.o(i.EPIModeSet)
    GPIODirModeSet                           0x00001803   Thumb Code    40  gpio.o(i.GPIODirModeSet)
    GPIOIntTypeSet                           0x0000182b   Thumb Code    58  gpio.o(i.GPIOIntTypeSet)
    GPIOPadConfigSet                         0x00001865   Thumb Code   176  gpio.o(i.GPIOPadConfigSet)
    GPIOPinConfigure                         0x00001915   Thumb Code    64  gpio.o(i.GPIOPinConfigure)
    GPIOPinIntEnable                         0x0000195d   Thumb Code    14  gpio.o(i.GPIOPinIntEnable)
    GPIOPinTypeGPIOInput                     0x0000196b   Thumb Code    28  gpio.o(i.GPIOPinTypeGPIOInput)
    GPIOPinTypeGPIOOutput                    0x00001987   Thumb Code    28  gpio.o(i.GPIOPinTypeGPIOOutput)
    GPIOPinTypeUART                          0x000019a3   Thumb Code    28  gpio.o(i.GPIOPinTypeUART)
    GrContextClipRegionSet                   0x000019bf   Thumb Code   112  context.o(i.GrContextClipRegionSet)
    GrContextFontSet                         0x00001a2f   Thumb Code     6  string.o(i.GrContextFontSet)
    GrContextInit                            0x00001a35   Thumb Code    88  context.o(i.GrContextInit)
    GrDefaultStringRenderer                  0x00001a99   Thumb Code   280  string.o(i.GrDefaultStringRenderer)
    GrFontBaselineGet                        0x00001bb1   Thumb Code    44  string.o(i.GrFontBaselineGet)
    GrFontGlyphDataGet                       0x00001bdd   Thumb Code   166  string.o(i.GrFontGlyphDataGet)
    GrFontGlyphRender                        0x00001c83   Thumb Code   646  string.o(i.GrFontGlyphRender)
    GrFontHeightGet                          0x00001f09   Thumb Code    44  string.o(i.GrFontHeightGet)
    GrImageDraw                              0x00001f35   Thumb Code    24  image.o(i.GrImageDraw)
    GrLineDrawH                              0x00001f4d   Thumb Code    76  line.o(i.GrLineDrawH)
    GrLineDrawV                              0x00001f99   Thumb Code    76  line.o(i.GrLineDrawV)
    GrMapISO8859_1_Unicode                   0x00001fe5   Thumb Code     8  charmap.o(i.GrMapISO8859_1_Unicode)
    GrRectDraw                               0x00001fed   Thumb Code   108  rectangle.o(i.GrRectDraw)
    GrRectFill                               0x00002059   Thumb Code   180  rectangle.o(i.GrRectFill)
    GrStringDraw                             0x0000210d   Thumb Code    22  string.o(i.GrStringDraw)
    GrStringWidthGet                         0x00002123   Thumb Code   192  string.o(i.GrStringWidthGet)
    I2CMasterErr                             0x000021e3   Thumb Code    24  i2c.o(i.I2CMasterErr)
    IntEnable                                0x000021fd   Thumb Code    92  interrupt.o(i.IntEnable)
    RectangularButtonMsgProc                 0x00002859   Thumb Code   288  pushbutton.o(i.RectangularButtonMsgProc)
    SysCtlClockGet                           0x00002b0d   Thumb Code   514  sysctl.o(i.SysCtlClockGet)
    SysCtlClockSet                           0x00002d3d   Thumb Code   310  sysctl.o(i.SysCtlClockSet)
    SysCtlLDOSet                             0x00002e89   Thumb Code     6  sysctl.o(i.SysCtlLDOSet)
    SysCtlPeripheralEnable                   0x00002e95   Thumb Code    70  sysctl.o(i.SysCtlPeripheralEnable)
    SysTickIntEnable                         0x00002ee5   Thumb Code    14  systick.o(i.SysTickIntEnable)
    SysTickPeriodSet                         0x00002ef3   Thumb Code    10  systick.o(i.SysTickPeriodSet)
    UARTCharPut                              0x00002efd   Thumb Code    12  uart.o(i.UARTCharPut)
    UARTConfigSetExpClk                      0x00002f09   Thumb Code   110  uart.o(i.UARTConfigSetExpClk)
    UARTDisable                              0x00002f77   Thumb Code    30  uart.o(i.UARTDisable)
    UARTEnable                               0x00002f95   Thumb Code    20  uart.o(i.UARTEnable)
    WidgetAdd                                0x00003015   Thumb Code    38  widget.o(i.WidgetAdd)
    WidgetDefaultMsgProc                     0x0000303b   Thumb Code     4  widget.o(i.WidgetDefaultMsgProc)
    WidgetMessageQueueAdd                    0x00003041   Thumb Code   218  widget.o(i.WidgetMessageQueueAdd)
    WidgetMessageQueueProcess                0x00003125   Thumb Code   164  widget.o(i.WidgetMessageQueueProcess)
    WidgetMessageSendPostOrder               0x000031d1   Thumb Code   208  widget.o(i.WidgetMessageSendPostOrder)
    WidgetPointerMessage                     0x000032a9   Thumb Code    28  widget.o(i.WidgetPointerMessage)
    __scatterload_copy                       0x000032c9   Thumb Code    14  handlers.o(i.__scatterload_copy)
    __scatterload_null                       0x000032d7   Thumb Code     2  handlers.o(i.__scatterload_null)
    __scatterload_zeroinit                   0x000032d9   Thumb Code    14  handlers.o(i.__scatterload_zeroinit)
    uDMAControlBaseSet                       0x000032e9   Thumb Code     6  udma.o(i.uDMAControlBaseSet)
    uDMAEnable                               0x000032f5   Thumb Code     8  udma.o(i.uDMAEnable)
    g_sKitronix320x240x16_SSD2119            0x00003300   Data          40  kitronix320x240x16_ssd2119_8bit.o(.constdata)
    g_pulGPIOBase                            0x00003328   Data          36  set_pinout.o(.constdata)
    g_lTouchParameters                       0x0000344c   Data          84  touch.o(.constdata)
    g_psDefaultCodePointMapTable             0x000034a0   Data          16  context.o(.constdata)
    g_sFontCmss18                            0x00003c98   Data         200  fontcmss18.o(.constdata)
    g_sFontCmss20b                           0x000045f0   Data         200  fontcmss20b.o(.constdata)
    g_sFontCmss22b                           0x00004fd8   Data         200  fontcmss22b.o(.constdata)
    Region$$Table$$Base                      0x00005484   Number         0  anon$$obj.o(Region$$Table)
    Region$$Table$$Limit                     0x000054a4   Number         0  anon$$obj.o(Region$$Table)
    g_sHeading                               0x20000000   Data          64  main.o(.data)
    g_sScoreQuery                            0x20000040   Data          80  main.o(.data)
    g_sBooksQuery                            0x20000090   Data          80  main.o(.data)
    g_sBusQuery                              0x200000e0   Data          80  main.o(.data)
    g_sEcardQuery                            0x20000130   Data          80  main.o(.data)
    g_sScore                                 0x20000180   Data          64  main.o(.data)
    g_sScoreBackground                       0x200001c0   Data          64  main.o(.data)
    g_sBooks                                 0x20000200   Data          64  main.o(.data)
    g_sBooksBackground                       0x20000240   Data          64  main.o(.data)
    g_sBus                                   0x20000280   Data          64  main.o(.data)
    g_sBusBackground                         0x200002c0   Data          64  main.o(.data)
    g_sEcard                                 0x20000300   Data          64  main.o(.data)
    g_sEcardBackground                       0x20000340   Data          64  main.o(.data)
    g_sQueryBackground                       0x20000380   Data          64  main.o(.data)
    WriteData                                0x200003c0   Data           4  kitronix320x240x16_ssd2119_8bit.o(.data)
    WriteCommand                             0x200003c4   Data           4  kitronix320x240x16_ssd2119_8bit.o(.data)
    g_eDaughterType                          0x200003c8   Data           2  set_pinout.o(.data)
    g_sTouchMin                              0x200003ce   Data           2  touch.o(.data)
    g_sTouchX                                0x200003d0   Data           2  touch.o(.data)
    g_sTouchY                                0x200003d2   Data           2  touch.o(.data)
    g_plParmSet                              0x200003d4   Data           4  touch.o(.data)
    TheSysClock                              0x200003e0   Data           4  sysctlconfigure.o(.data)
    g_sRoot                                  0x200003f8   Data          32  widget.o(.data)
    sDMAControlTable                         0x20000800   Data        1024  main.o(.bss)
    sContext                                 0x20000c00   Data          44  main.o(.bss)
    __initial_sp                             0x20000ea0   Data           0  startup.o(STACK)



==============================================================================

Memory Map of the image

  Image Entry point : 0x00000101

  Load Region LR_IROM1 (Base: 0x00000000, Size: 0x000058bc, Max: 0x00040000, ABSOLUTE, COMPRESSED[0x00005580])

    Execution Region ER_IROM1 (Base: 0x00000000, Size: 0x000054a4, Max: 0x00040000, ABSOLUTE)

    Base Addr    Size         Type   Attr      Idx    E Section Name        Object

    0x00000000   0x0000010c   Code   RO            3  * RESET               startup.o
    0x0000010c   0x00000000   Code   RO         2520  * .ARM.Collect$$$$00000000  mc_w.l(entry.o)
    0x0000010c   0x00000004   Code   RO         2523    .ARM.Collect$$$$00000001  mc_w.l(entry2.o)
    0x00000110   0x00000004   Code   RO         2526    .ARM.Collect$$$$00000004  mc_w.l(entry5.o)
    0x00000114   0x00000008   Code   RO         2527    .ARM.Collect$$$$00000007  mc_w.l(entry7.o)
    0x0000011c   0x00000004   Code   RO         2524    .ARM.Collect$$$$00002712  mc_w.l(entry2.o)
    0x00000120   0x00000014   Code   RO          411    .emb_text           grlib-cm3.lib(widget.o)
    0x00000134   0x00000006   Code   RO         1298    .emb_text           driverlib-cm3.lib(sysctl.o)
    0x0000013a   0x00000002   PAD
    0x0000013c   0x000001d4   Code   RO           11    .text               main.o
    0x00000310   0x000006f0   Code   RO           96    .text               kitronix320x240x16_ssd2119_8bit.o
    0x00000a00   0x0000057c   Code   RO          127    .text               set_pinout.o
    0x00000f7c   0x000003d8   Code   RO          152    .text               touch.o
    0x00001354   0x00000020   Code   RO          184    .text               sysctlconfigure.o
    0x00001374   0x00000018   Code   RO          229    .text               systickconfigure.o
    0x0000138c   0x0000004c   Code   RO          241    .text               uartconfigure.o
    0x000013d8   0x0000018c   Code   RO          253    .text               gpiodriverconfigure.o
    0x00001564   0x00000024   Code   RO         2528    .text               mc_w.l(init.o)
    0x00001588   0x0000005c   Code   RO         2538    .text               mc_w.l(__dczerorl2.o)
    0x000015e4   0x000001b6   Code   RO          267    i.CanvasMsgProc     grlib-cm3.lib(canvas.o)
    0x0000179a   0x00000004   Code   RO          487    i.EPIAddressMapSet  driverlib-cm3.lib(epi.o)
    0x0000179e   0x00000022   Code   RO          488    i.EPIConfigGPModeSet  driverlib-cm3.lib(epi.o)
    0x000017c0   0x0000002e   Code   RO          490    i.EPIConfigHB8Set   driverlib-cm3.lib(epi.o)
    0x000017ee   0x0000000c   Code   RO          491    i.EPIConfigSDRAMSet  driverlib-cm3.lib(epi.o)
    0x000017fa   0x00000004   Code   RO          492    i.EPIDividerSet     driverlib-cm3.lib(epi.o)
    0x000017fe   0x00000004   Code   RO          501    i.EPIModeSet        driverlib-cm3.lib(epi.o)
    0x00001802   0x00000028   Code   RO          663    i.GPIODirModeSet    driverlib-cm3.lib(gpio.o)
    0x0000182a   0x0000003a   Code   RO          666    i.GPIOIntTypeSet    driverlib-cm3.lib(gpio.o)
    0x00001864   0x000000b0   Code   RO          668    i.GPIOPadConfigSet  driverlib-cm3.lib(gpio.o)
    0x00001914   0x00000048   Code   RO          669    i.GPIOPinConfigure  driverlib-cm3.lib(gpio.o)
    0x0000195c   0x0000000e   Code   RO          672    i.GPIOPinIntEnable  driverlib-cm3.lib(gpio.o)
    0x0000196a   0x0000001c   Code   RO          682    i.GPIOPinTypeGPIOInput  driverlib-cm3.lib(gpio.o)
    0x00001986   0x0000001c   Code   RO          683    i.GPIOPinTypeGPIOOutput  driverlib-cm3.lib(gpio.o)
    0x000019a2   0x0000001c   Code   RO          695    i.GPIOPinTypeUART   driverlib-cm3.lib(gpio.o)
    0x000019be   0x00000070   Code   RO          298    i.GrContextClipRegionSet  grlib-cm3.lib(context.o)
    0x00001a2e   0x00000006   Code   RO         2363    i.GrContextFontSet  grlib-cm3.lib(string.o)
    0x00001a34   0x00000064   Code   RO          299    i.GrContextInit     grlib-cm3.lib(context.o)
    0x00001a98   0x00000118   Code   RO         2364    i.GrDefaultStringRenderer  grlib-cm3.lib(string.o)
    0x00001bb0   0x0000002c   Code   RO         2365    i.GrFontBaselineGet  grlib-cm3.lib(string.o)
    0x00001bdc   0x000000a6   Code   RO         2368    i.GrFontGlyphDataGet  grlib-cm3.lib(string.o)
    0x00001c82   0x00000286   Code   RO         2369    i.GrFontGlyphRender  grlib-cm3.lib(string.o)
    0x00001f08   0x0000002c   Code   RO         2370    i.GrFontHeightGet   grlib-cm3.lib(string.o)
    0x00001f34   0x00000018   Code   RO         2302    i.GrImageDraw       grlib-cm3.lib(image.o)
    0x00001f4c   0x0000004c   Code   RO         2498    i.GrLineDrawH       grlib-cm3.lib(line.o)
    0x00001f98   0x0000004c   Code   RO         2499    i.GrLineDrawV       grlib-cm3.lib(line.o)
    0x00001fe4   0x00000008   Code   RO         2129    i.GrMapISO8859_1_Unicode  grlib-cm3.lib(charmap.o)
    0x00001fec   0x0000006c   Code   RO         2332    i.GrRectDraw        grlib-cm3.lib(rectangle.o)
    0x00002058   0x000000b4   Code   RO         2333    i.GrRectFill        grlib-cm3.lib(rectangle.o)
    0x0000210c   0x00000016   Code   RO         2375    i.GrStringDraw      grlib-cm3.lib(string.o)
    0x00002122   0x000000c0   Code   RO         2380    i.GrStringWidthGet  grlib-cm3.lib(string.o)
    0x000021e2   0x00000018   Code   RO          947    i.I2CMasterErr      driverlib-cm3.lib(i2c.o)
    0x000021fa   0x00000002   PAD
    0x000021fc   0x00000064   Code   RO         1190    i.IntEnable         driverlib-cm3.lib(interrupt.o)
    0x00002260   0x00000354   Code   RO         2304    i.InternalImageDraw  grlib-cm3.lib(image.o)
    0x000025b4   0x000002a4   Code   RO         2305    i.PixelTransparentDraw  grlib-cm3.lib(image.o)
    0x00002858   0x00000120   Code   RO          372    i.RectangularButtonMsgProc  grlib-cm3.lib(pushbutton.o)
    0x00002978   0x00000194   Code   RO          373    i.RectangularButtonPaint  grlib-cm3.lib(pushbutton.o)
    0x00002b0c   0x00000230   Code   RO         1303    i.SysCtlClockGet    driverlib-cm3.lib(sysctl.o)
    0x00002d3c   0x0000014c   Code   RO         1304    i.SysCtlClockSet    driverlib-cm3.lib(sysctl.o)
    0x00002e88   0x0000000c   Code   RO         1320    i.SysCtlLDOSet      driverlib-cm3.lib(sysctl.o)
    0x00002e94   0x00000050   Code   RO         1331    i.SysCtlPeripheralEnable  driverlib-cm3.lib(sysctl.o)
    0x00002ee4   0x0000000e   Code   RO         1606    i.SysTickIntEnable  driverlib-cm3.lib(systick.o)
    0x00002ef2   0x0000000a   Code   RO         1610    i.SysTickPeriodSet  driverlib-cm3.lib(systick.o)
    0x00002efc   0x0000000c   Code   RO         1674    i.UARTCharPut       driverlib-cm3.lib(uart.o)
    0x00002f08   0x0000006e   Code   RO         1680    i.UARTConfigSetExpClk  driverlib-cm3.lib(uart.o)
    0x00002f76   0x0000001e   Code   RO         1683    i.UARTDisable       driverlib-cm3.lib(uart.o)
    0x00002f94   0x00000014   Code   RO         1685    i.UARTEnable        driverlib-cm3.lib(uart.o)
    0x00002fa8   0x0000006c   Code   RO         2381    i.UpdateContextCharMapping  grlib-cm3.lib(string.o)
    0x00003014   0x00000026   Code   RO          412    i.WidgetAdd         grlib-cm3.lib(widget.o)
    0x0000303a   0x00000004   Code   RO          413    i.WidgetDefaultMsgProc  grlib-cm3.lib(widget.o)
    0x0000303e   0x00000002   PAD
    0x00003040   0x000000e4   Code   RO          414    i.WidgetMessageQueueAdd  grlib-cm3.lib(widget.o)
    0x00003124   0x000000ac   Code   RO          415    i.WidgetMessageQueueProcess  grlib-cm3.lib(widget.o)
    0x000031d0   0x000000d8   Code   RO          416    i.WidgetMessageSendPostOrder  grlib-cm3.lib(widget.o)
    0x000032a8   0x00000020   Code   RO          420    i.WidgetPointerMessage  grlib-cm3.lib(widget.o)
    0x000032c8   0x0000000e   Code   RO         2532    i.__scatterload_copy  mc_w.l(handlers.o)
    0x000032d6   0x00000002   Code   RO         2533    i.__scatterload_null  mc_w.l(handlers.o)
    0x000032d8   0x0000000e   Code   RO         2534    i.__scatterload_zeroinit  mc_w.l(handlers.o)
    0x000032e6   0x00000002   PAD
    0x000032e8   0x0000000c   Code   RO         1972    i.uDMAControlBaseSet  driverlib-cm3.lib(udma.o)
    0x000032f4   0x0000000c   Code   RO         1974    i.uDMAEnable        driverlib-cm3.lib(udma.o)
    0x00003300   0x00000028   Data   RO           97    .constdata          kitronix320x240x16_ssd2119_8bit.o
    0x00003328   0x00000124   Data   RO          128    .constdata          set_pinout.o
    0x0000344c   0x00000054   Data   RO          154    .constdata          touch.o
    0x000034a0   0x00000010   Data   RO          301    .constdata          grlib-cm3.lib(context.o)
    0x000034b0   0x000007e5   Data   RO          326    .constdata          grlib-cm3.lib(fontcmss18.o)
    0x00003c95   0x00000003   PAD
    0x00003c98   0x000000c8   Data   RO          327    .constdata          grlib-cm3.lib(fontcmss18.o)
    0x00003d60   0x00000890   Data   RO          340    .constdata          grlib-cm3.lib(fontcmss20b.o)
    0x000045f0   0x000000c8   Data   RO          341    .constdata          grlib-cm3.lib(fontcmss20b.o)
    0x000046b8   0x0000091e   Data   RO          354    .constdata          grlib-cm3.lib(fontcmss22b.o)
    0x00004fd6   0x00000002   PAD
    0x00004fd8   0x000000c8   Data   RO          355    .constdata          grlib-cm3.lib(fontcmss22b.o)
    0x000050a0   0x00000078   Data   RO          701    .constdata          driverlib-cm3.lib(gpio.o)
    0x00005118   0x0000010c   Data   RO         1204    .constdata          driverlib-cm3.lib(interrupt.o)
    0x00005224   0x000001cc   Data   RO         1347    .constdata          driverlib-cm3.lib(sysctl.o)
    0x000053f0   0x00000093   Data   RO           13    .conststring        main.o
    0x00005483   0x00000001   PAD
    0x00005484   0x00000020   Data   RO         2530    Region$$Table       anon$$obj.o


    Execution Region RW_IRAM1 (Base: 0x20000000, Size: 0x00000ea0, Max: 0x00018000, ABSOLUTE, COMPRESSED[0x000000dc])

    Base Addr    Size         Type   Attr      Idx    E Section Name        Object

    0x20000000   0x00000380   Data   RW           14    .data               main.o
    0x20000380   0x00000040   Data   RW           15    .data               main.o
    0x200003c0   0x00000008   Data   RW           98    .data               kitronix320x240x16_ssd2119_8bit.o
    0x200003c8   0x00000002   Data   RW          129    .data               set_pinout.o
    0x200003ca   0x00000002   PAD
    0x200003cc   0x00000014   Data   RW          155    .data               touch.o
    0x200003e0   0x00000004   Data   RW          185    .data               sysctlconfigure.o
    0x200003e4   0x00000004   Data   RW          302    .data               grlib-cm3.lib(context.o)
    0x200003e8   0x00000030   Data   RW          423    .data               grlib-cm3.lib(widget.o)
    0x20000418   0x000003e8   PAD
    0x20000800   0x0000042c   Zero   RW           12    .bss                main.o
    0x20000c2c   0x00000010   Zero   RW          153    .bss                touch.o
    0x20000c3c   0x00000140   Zero   RW          422    .bss                grlib-cm3.lib(widget.o)
    0x20000d7c   0x00000020   Zero   RW         2306    .bss                grlib-cm3.lib(image.o)
    0x20000d9c   0x00000004   PAD
    0x20000da0   0x00000100   Zero   RW            1    STACK               startup.o


==============================================================================

Image component sizes


      Code (inc. data)   RO Data    RW Data    ZI Data      Debug   Object Name

       396         32          0          0          0       2146   gpiodriverconfigure.o
      1776         58         40          8          0       8184   kitronix320x240x16_ssd2119_8bit.o
       468        106        147        960       1068      52439   main.o
      1404        106        292          2          0       6008   set_pinout.o
       268        258          0          0        256        212   startup.o
        32          8          0          4          0        577   sysctlconfigure.o
        24          6          0          0          0        405   systickconfigure.o
       984         52         84         20         16       3656   touch.o
        76          8          0          0          0        665   uartconfigure.o

    ----------------------------------------------------------------------
      5428        634        596        996       1340      74292   Object Totals
         0          0         32          0          0          0   (incl. Generated)
         0          0          1          2          0          3   (incl. Padding)

    ----------------------------------------------------------------------

      Code (inc. data)   RO Data    RW Data    ZI Data      Debug   Library Member Name

       104          0          0          0          0       5855   epi.o
       444          8        120          0          0       4868   gpio.o
        24          0          0          0          0        499   i2c.o
       100          8        268          0          0       1248   interrupt.o
       990         84        460          0          0       4739   sysctl.o
        24          0          0          0          0        762   systick.o
       172          0          0          0          0       2485   uart.o
        24         10          0          0          0        738   udma.o
       438          0          0          0          0      31294   canvas.o
         8          0          0          0          0       3669   charmap.o
       212         12         16          4          0       1716   context.o
         0          0       2221          0          0      24766   fontcmss18.o
         0          0       2392          0          0      24770   fontcmss20b.o
         0          0       2534          0          0      24770   fontcmss22b.o
      1552          4          0          0         32       6242   image.o
       152          0          0          0          0       1706   line.o
       692          0          0          0          0       8555   pushbutton.o
       288          0          0          0          0       1795   rectangle.o
      1508          0          0          0          0      10464   string.o
       710         30          0         48        320       7036   widget.o
        92          0          0          0          0          0   __dczerorl2.o
         0          0          0          0          0          0   entry.o
         8          4          0          0          0          0   entry2.o
         4          0          0          0          0          0   entry5.o
         8          4          0          0          0          0   entry7.o
        30          0          0          0          0          0   handlers.o
        36          8          0          0          0         68   init.o

    ----------------------------------------------------------------------
      7628        172       8016         52       1356     168045   Library Totals
         8          0          5          0       1004          0   (incl. Padding)

    ----------------------------------------------------------------------

      Code (inc. data)   RO Data    RW Data    ZI Data      Debug   Library Name

      1882        110        848          0          0      21194   driverlib-cm3.lib
      5560         46       7163         52        352     146783   grlib-cm3.lib
       178         16          0          0          0         68   mc_w.l

    ----------------------------------------------------------------------
      7628        172       8016         52       1356     168045   Library Totals

    ----------------------------------------------------------------------

==============================================================================


      Code (inc. data)   RO Data    RW Data    ZI Data      Debug   

     13056        806       8612       1048       2696     238908   Grand Totals
     13056        806       8612        220       2696     238908   ELF Image Totals (compressed)
     13056        806       8612        220          0          0   ROM Totals

==============================================================================

    Total RO  Size (Code + RO Data)                21668 (  21.16kB)
    Total RW  Size (RW Data + ZI Data)              3744 (   3.66kB)
    Total ROM Size (Code + RO Data + RW Data)      21888 (  21.38kB)

==============================================================================

