ARM Linker, 4.1 [Build 644] [Standard]

==============================================================================

Section Cross References

    startup.o(RESET) refers to startup.o(STACK) for StackMem
    startup.o(RESET) refers to main.o(.text) for SysTickHandler
    startup.o(RESET) refers to touch.o(.text) for TouchScreenIntHandler
    startup.o(RESET) refers to sound.o(.text) for SoundIntHandler
    startup.o(RESET) refers to entry.o(.ARM.Collect$$$$00000000) for __main
    main.o(.text) refers to ff.o(.text) for f_open
    main.o(.text) refers to sound.o(.text) for SoundSetFormat
    main.o(.text) refers to interrupt.o(i.IntDisable) for IntDisable
    main.o(.text) refers to interrupt.o(i.IntEnable) for IntEnable
    main.o(.text) refers to i2cconfigure.o(.text) for I2C0DeviceRefresh
    main.o(.text) refers to widget.o(i.WidgetMessageQueueProcess) for WidgetMessageQueueProcess
    main.o(.text) refers to mmc-dk-lm3s9b96.o(.text) for disk_timerproc
    main.o(.text) refers to uartconfigure.o(.text) for UARTStringPut
    main.o(.text) refers to widget.o(i.WidgetAdd) for WidgetAdd
    main.o(.text) refers to widget.o(i.WidgetRemove) for WidgetRemove
    main.o(.text) refers to widget.o(i.WidgetMessageQueueAdd) for WidgetMessageQueueAdd
    main.o(.text) refers to printf0.o(i.__0sprintf$0) for __2sprintf
    main.o(.text) refers to main.o(.bss) for .bss
    main.o(.text) refers to main.o(.data) for .data
    main.o(.text) refers to widget.o(.data) for g_sRoot
    main.o(.text) refers to nixietubeconfigure.o(.data) for NixieTube
    main.o(.text) refers to string.o(i.GrContextFontSet) for GrContextFontSet
    main.o(.text) refers to string.o(i.GrStringDraw) for GrStringDraw
    main.o(.text) refers to fontcmss12.o(.constdata) for g_sFontCmss12
    main.o(.text) refers to fontcmss12b.o(.constdata) for g_sFontCmss12b
    main.o(.text) refers to image.o(i.GrImageDraw) for GrImageDraw
    main.o(.text) refers to set_pinout.o(.text) for PinoutSet
    main.o(.text) refers to sysctl.o(.emb_text) for SysCtlDelay
    main.o(.text) refers to sysctl.o(i.SysCtlClockGet) for SysCtlClockGet
    main.o(.text) refers to kitronix320x240x16_ssd2119_8bit.o(.text) for Kitronix320x240x16_SSD2119Init
    main.o(.text) refers to context.o(i.GrContextInit) for GrContextInit
    main.o(.text) refers to touch.o(.text) for TouchScreenInit
    main.o(.text) refers to gpiodriverconfigure.o(.text) for GPIOInitial
    main.o(.text) refers to systickconfigure.o(.text) for SysTickInitial
    main.o(.text) refers to strncpy.o(.text) for strncpy
    main.o(.text) refers to bus.o(.constdata) for g_pucImage
    main.o(.text) refers to kitronix320x240x16_ssd2119_8bit.o(.constdata) for g_sKitronix320x240x16_SSD2119
    main.o(.text) refers to widget.o(i.WidgetPointerMessage) for WidgetPointerMessage
    main.o(.data) refers to widget.o(.data) for g_sRoot
    main.o(.data) refers to kitronix320x240x16_ssd2119_8bit.o(.constdata) for g_sKitronix320x240x16_SSD2119
    main.o(.data) refers to canvas.o(i.CanvasMsgProc) for CanvasMsgProc
    main.o(.data) refers to fontcmss22b.o(.constdata) for g_sFontCmss22b
    main.o(.data) refers to main.o(.conststring) for .conststring
    main.o(.data) refers to pushbutton.o(i.RectangularButtonMsgProc) for RectangularButtonMsgProc
    main.o(.data) refers to main.o(.text) for scoreQueryButtonClick
    main.o(.data) refers to fontcmss18b.o(.constdata) for g_sFontCmss18b
    main.o(.data) refers to radiobutton.o(i.RadioButtonMsgProc) for RadioButtonMsgProc
    main.o(.data) refers to fontcmss14.o(.constdata) for g_sFontCmss14
    main.o(.data) refers to container.o(i.ContainerMsgProc) for ContainerMsgProc
    main.o(.data) refers to fontcmss16b.o(.constdata) for g_sFontCmss16b
    main.o(.data) refers to fontcmss20b.o(.constdata) for g_sFontCmss20b
    kitronix320x240x16_ssd2119_8bit.o(.text) refers to sysctl.o(.emb_text) for SysCtlDelay
    kitronix320x240x16_ssd2119_8bit.o(.text) refers to set_pinout.o(.data) for g_eDaughterType
    kitronix320x240x16_ssd2119_8bit.o(.text) refers to kitronix320x240x16_ssd2119_8bit.o(.data) for .data
    kitronix320x240x16_ssd2119_8bit.o(.constdata) refers to kitronix320x240x16_ssd2119_8bit.o(.text) for Kitronix320x240x16_SSD2119PixelDraw
    kitronix320x240x16_ssd2119_8bit.o(.data) refers to kitronix320x240x16_ssd2119_8bit.o(.text) for WriteDataGPIO
    set_pinout.o(.text) refers to i2c.o(i.I2CMasterErr) for I2CMasterErr
    set_pinout.o(.text) refers to sysctl.o(.emb_text) for SysCtlDelay
    set_pinout.o(.text) refers to epi.o(i.EPIDividerSet) for EPIDividerSet
    set_pinout.o(.text) refers to epi.o(i.EPIModeSet) for EPIModeSet
    set_pinout.o(.text) refers to epi.o(i.EPIConfigSDRAMSet) for EPIConfigSDRAMSet
    set_pinout.o(.text) refers to epi.o(i.EPIConfigHB8Set) for EPIConfigHB8Set
    set_pinout.o(.text) refers to epi.o(i.EPIConfigGPModeSet) for EPIConfigGPModeSet
    set_pinout.o(.text) refers to epi.o(i.EPIAddressMapSet) for EPIAddressMapSet
[...]
    ../../microlib/fpfix.c                   0x00000000   Number         0  dfixul.o ABSOLUTE
    ../../microlib/fpmul.c                   0x00000000   Number         0  dmul.o ABSOLUTE
    ../../microlib/init/entry.s              0x00000000   Number         0  entry5.o ABSOLUTE
    ../../microlib/init/entry.s              0x00000000   Number         0  entry.o ABSOLUTE
    ../../microlib/init/entry.s              0x00000000   Number         0  entry7.o ABSOLUTE
    ../../microlib/init/entry.s              0x00000000   Number         0  entry2.o ABSOLUTE
    ../../microlib/longlong.c                0x00000000   Number         0  llsshr.o ABSOLUTE
    ../../microlib/longlong.c                0x00000000   Number         0  llushr.o ABSOLUTE
    ../../microlib/longlong.c                0x00000000   Number         0  llshl.o ABSOLUTE
    ../../microlib/printf/printf.c           0x00000000   Number         0  printf5.o ABSOLUTE
    ../../microlib/printf/printf.c           0x00000000   Number         0  printfb.o ABSOLUTE
    ../../microlib/printf/printf.c           0x00000000   Number         0  printf0.o ABSOLUTE
    ../../microlib/printf/printf.c           0x00000000   Number         0  printf7.o ABSOLUTE
    ../../microlib/printf/printf.c           0x00000000   Number         0  printf1.o ABSOLUTE
    ../../microlib/printf/printf.c           0x00000000   Number         0  printfa.o ABSOLUTE
    ../../microlib/printf/printf.c           0x00000000   Number         0  printf3.o ABSOLUTE
    ../../microlib/printf/printf.c           0x00000000   Number         0  printf8.o ABSOLUTE
    ../../microlib/printf/printf.c           0x00000000   Number         0  printf2.o ABSOLUTE
    ../../microlib/printf/printf.c           0x00000000   Number         0  printf6.o ABSOLUTE
    ../../microlib/printf/printf.c           0x00000000   Number         0  printf4.o ABSOLUTE
    ../../microlib/printf/stubs.s            0x00000000   Number         0  stubs.o ABSOLUTE
    ../../microlib/stdio/fputc.c             0x00000000   Number         0  fputc.o ABSOLUTE
    ../../microlib/stdio/streams.c           0x00000000   Number         0  stdout.o ABSOLUTE
    ../../microlib/string/memcmp.c           0x00000000   Number         0  memcmp.o ABSOLUTE
    ../../microlib/string/memcpy.c           0x00000000   Number         0  memcpya.o ABSOLUTE
    ../../microlib/string/memcpy.c           0x00000000   Number         0  memcpyb.o ABSOLUTE
    ../../microlib/string/memset.c           0x00000000   Number         0  memseta.o ABSOLUTE
    ../../microlib/string/strncpy.c          0x00000000   Number         0  strncpy.o ABSOLUTE
    ../../microlib/stubs.s                   0x00000000   Number         0  iusefp.o ABSOLUTE
    ../../microlib/stubs.s                   0x00000000   Number         0  iusesemip.o ABSOLUTE
    F:\Keil\boards\dk-lm3s9d96\drivers\kitronix320x240x16_ssd2119_8bit.c 0x00000000   Number         0  kitronix320x240x16_ssd2119_8bit.o ABSOLUTE
    F:\Keil\boards\dk-lm3s9d96\drivers\set_pinout.c 0x00000000   Number         0  set_pinout.o ABSOLUTE
    F:\Keil\boards\dk-lm3s9d96\drivers\sound.c 0x00000000   Number         0  sound.o ABSOLUTE
    F:\Keil\boards\dk-lm3s9d96\drivers\tlv320aic23b.c 0x00000000   Number         0  tlv320aic23b.o ABSOLUTE
    F:\Keil\boards\dk-lm3s9d96\drivers\touch.c 0x00000000   Number         0  touch.o ABSOLUTE
    F:\Keil\third_party\fatfs\port\mmc-dk-lm3s9b96.c 0x00000000   Number         0  mmc-dk-lm3s9b96.o ABSOLUTE
    F:\Keil\third_party\fatfs\src\ff.c       0x00000000   Number         0  ff.o ABSOLUTE
    F:\Keil\utils\ustdlib.c                  0x00000000   Number         0  ustdlib.o ABSOLUTE
    GPIODriverConfigure.c                    0x00000000   Number         0  gpiodriverconfigure.o ABSOLUTE
    I2CConfigure.c                           0x00000000   Number         0  i2cconfigure.o ABSOLUTE
    NixieTubeConfigure.c                     0x00000000   Number         0  nixietubeconfigure.o ABSOLUTE
    Startup.s                                0x00000000   Number         0  startup.o ABSOLUTE
    SysCtlConfigure.c                        0x00000000   Number         0  sysctlconfigure.o ABSOLUTE
    SysTickConfigure.c                       0x00000000   Number         0  systickconfigure.o ABSOLUTE
    UARTConfigure.c                          0x00000000   Number         0  uartconfigure.o ABSOLUTE
    bus.c                                    0x00000000   Number         0  bus.o ABSOLUTE
    canvas.c                                 0x00000000   Number         0  canvas.o ABSOLUTE
    cdrcmple.s                               0x00000000   Number         0  cdrcmple.o ABSOLUTE
    charmap.c                                0x00000000   Number         0  charmap.o ABSOLUTE
    circle.c                                 0x00000000   Number         0  circle.o ABSOLUTE
    container.c                              0x00000000   Number         0  container.o ABSOLUTE
    context.c                                0x00000000   Number         0  context.o ABSOLUTE
    cpu.c                                    0x00000000   Number         0  cpu.o ABSOLUTE
    cpu.c                                    0x00000000   Number         0  cpu.o ABSOLUTE
    dc.s                                     0x00000000   Number         0  dc.o ABSOLUTE
    epi.c                                    0x00000000   Number         0  epi.o ABSOLUTE
    fonts\fontcmss12.c                       0x00000000   Number         0  fontcmss12.o ABSOLUTE
    fonts\fontcmss12b.c                      0x00000000   Number         0  fontcmss12b.o ABSOLUTE
    fonts\fontcmss14.c                       0x00000000   Number         0  fontcmss14.o ABSOLUTE
    fonts\fontcmss16b.c                      0x00000000   Number         0  fontcmss16b.o ABSOLUTE
    fonts\fontcmss18b.c                      0x00000000   Number         0  fontcmss18b.o ABSOLUTE
    fonts\fontcmss20b.c                      0x00000000   Number         0  fontcmss20b.o ABSOLUTE
    fonts\fontcmss22b.c                      0x00000000   Number         0  fontcmss22b.o ABSOLUTE
    gpio.c                                   0x00000000   Number         0  gpio.o ABSOLUTE
    handlers.s                               0x00000000   Number         0  handlers.o ABSOLUTE
    i2c.c                                    0x00000000   Number         0  i2c.o ABSOLUTE
    i2s.c                                    0x00000000   Number         0  i2s.o ABSOLUTE
    image.c                                  0x00000000   Number         0  image.o ABSOLUTE
    init.s                                   0x00000000   Number         0  init.o ABSOLUTE
    interrupt.c                              0x00000000   Number         0  interrupt.o ABSOLUTE
    line.c                                   0x00000000   Number         0  line.o ABSOLUTE
    main.c                                   0x00000000   Number         0  main.o ABSOLUTE
    pushbutton.c                             0x00000000   Number         0  pushbutton.o ABSOLUTE
    radiobutton.c                            0x00000000   Number         0  radiobutton.o ABSOLUTE
    rectangle.c                              0x00000000   Number         0  rectangle.o ABSOLUTE
    ssi.c                                    0x00000000   Number         0  ssi.o ABSOLUTE
    string.c                                 0x00000000   Number         0  string.o ABSOLUTE
    sysctl.c                                 0x00000000   Number         0  sysctl.o ABSOLUTE
    sysctl.c                                 0x00000000   Number         0  sysctl.o ABSOLUTE
    systick.c                                0x00000000   Number         0  systick.o ABSOLUTE
    uart.c                                   0x00000000   Number         0  uart.o ABSOLUTE
    udma.c                                   0x00000000   Number         0  udma.o ABSOLUTE
    widget.c                                 0x00000000   Number         0  widget.o ABSOLUTE
    widget.c                                 0x00000000   Number         0  widget.o ABSOLUTE
    NmiSR                                    0x00000121   Thumb Code     0  startup.o(RESET)
    FaultISR                                 0x00000123   Thumb Code     0  startup.o(RESET)
    IntDefaultHandler                        0x00000125   Thumb Code     0  startup.o(RESET)
    .ARM.Collect$$$$00000000                 0x00000128   Section        0  entry.o(.ARM.Collect$$$$00000000)
    .ARM.Collect$$$$00000001                 0x00000128   Section        4  entry2.o(.ARM.Collect$$$$00000001)
    .ARM.Collect$$$$00000004                 0x0000012c   Section        4  entry5.o(.ARM.Collect$$$$00000004)
    .ARM.Collect$$$$00000007                 0x00000130   Section        8  entry7.o(.ARM.Collect$$$$00000007)
    .ARM.Collect$$$$00002712                 0x00000138   Section        4  entry2.o(.ARM.Collect$$$$00002712)
    __lit__00000000                          0x00000138   Data           4  entry2.o(.ARM.Collect$$$$00002712)
    .emb_text                                0x0000013c   Section       20  widget.o(.emb_text)
    .emb_text                                0x00000150   Section        6  sysctl.o(.emb_text)
    .text                                    0x00000158   Section        0  main.o(.text)
    PopulateFileListBox                      0x00000ea5   Thumb Code    96  main.o(.text)
    .text                                    0x00000fa4   Section        0  kitronix320x240x16_ssd2119_8bit.o(.text)
    WriteDataGPIO                            0x00000fa5   Thumb Code    34  kitronix320x240x16_ssd2119_8bit.o(.text)
    WriteDataEPI                             0x00000fc7   Thumb Code    12  kitronix320x240x16_ssd2119_8bit.o(.text)
    WriteCommandEPI                          0x00000fd3   Thumb Code    12  kitronix320x240x16_ssd2119_8bit.o(.text)
    WriteDataFPGA                            0x00000fdf   Thumb Code    12  kitronix320x240x16_ssd2119_8bit.o(.text)
    WriteCommandFPGA                         0x00000feb   Thumb Code    12  kitronix320x240x16_ssd2119_8bit.o(.text)
    WriteCommandGPIO                         0x00000ff7   Thumb Code    42  kitronix320x240x16_ssd2119_8bit.o(.text)
    InitGPIOLCDInterface                     0x00001021   Thumb Code   282  kitronix320x240x16_ssd2119_8bit.o(.text)
    Kitronix320x240x16_SSD2119PixelDraw      0x0000136d   Thumb Code   104  kitronix320x240x16_ssd2119_8bit.o(.text)
    Kitronix320x240x16_SSD2119PixelDrawMultiple 0x000013d5   Thumb Code   326  kitronix320x240x16_ssd2119_8bit.o(.text)
    Kitronix320x240x16_SSD2119LineDrawH      0x0000151b   Thumb Code    82  kitronix320x240x16_ssd2119_8bit.o(.text)
    Kitronix320x240x16_SSD2119LineDrawV      0x0000156d   Thumb Code    82  kitronix320x240x16_ssd2119_8bit.o(.text)
    Kitronix320x240x16_SSD2119RectFill       0x000015bf   Thumb Code   184  kitronix320x240x16_ssd2119_8bit.o(.text)
    Kitronix320x240x16_SSD2119ColorTranslate 0x00001677   Thumb Code    22  kitronix320x240x16_ssd2119_8bit.o(.text)
    Kitronix320x240x16_SSD2119Flush          0x0000168d   Thumb Code     2  kitronix320x240x16_ssd2119_8bit.o(.text)
    .text                                    0x00001694   Section        0  set_pinout.o(.text)
    EEPROMReadPolled                         0x00001695   Thumb Code   262  set_pinout.o(.text)
    EPIDividerFromRate                       0x0000179b   Thumb Code    40  set_pinout.o(.text)
    EPIPinConfigSet                          0x000017c3   Thumb Code   336  set_pinout.o(.text)
    DaughterBoardTypeGet                     0x000019df   Thumb Code   158  set_pinout.o(.text)
    HB8ConfigGet                             0x00001a7d   Thumb Code   166  set_pinout.o(.text)
    PortControlSet                           0x00001b23   Thumb Code   180  set_pinout.o(.text)
    .text                                    0x00001c10   Section        0  touch.o(.text)
    TouchScreenDebouncer                     0x00001c11   Thumb Code   260  touch.o(.text)
    .text                                    0x00001fe8   Section        0  systickconfigure.o(.text)
    .text                                    0x00002000   Section        0  uartconfigure.o(.text)
    .text                                    0x0000206c   Section        0  gpiodriverconfigure.o(.text)
    .text                                    0x000021b8   Section        0  i2cconfigure.o(.text)
    .text                                    0x00002380   Section        0  nixietubeconfigure.o(.text)
    .text                                    0x000024bc   Section        0  sound.o(.text)
    SoundNextTone                            0x000024bd   Thumb Code   118  sound.o(.text)
    BufferCallback                           0x000025c5   Thumb Code    40  sound.o(.text)
    PatternNext                              0x00002a69   Thumb Code    80  sound.o(.text)
    .text                                    0x00002acc   Section        0  ff.o(.text)
    move_window                              0x00002acd   Thumb Code   120  ff.o(.text)
    sync                                     0x00002b45   Thumb Code    40  ff.o(.text)
    get_cluster                              0x00002b6d   Thumb Code   170  ff.o(.text)
    put_cluster                              0x00002c17   Thumb Code   210  ff.o(.text)
    remove_chain                             0x00002ce9   Thumb Code    66  ff.o(.text)
    create_chain                             0x00002d2b   Thumb Code   132  ff.o(.text)
    next_dir_entry                           0x00002daf   Thumb Code    86  ff.o(.text)
    get_fileinfo                             0x00002e05   Thumb Code   120  ff.o(.text)
    trace_path                               0x00002e7d   Thumb Code   194  ff.o(.text)
    reserve_direntry                         0x00002f3f   Thumb Code   188  ff.o(.text)
    check_fs                                 0x00002ffb   Thumb Code    84  ff.o(.text)
    auto_mount                               0x0000304f   Thumb Code   324  ff.o(.text)
    clust2sect                               0x00003bb3   Thumb Code    26  ff.o(.text)
    make_dirfile                             0x00003bcd   Thumb Code   210  ff.o(.text)
    validate                                 0x00003c9f   Thumb Code    30  ff.o(.text)
    .text                                    0x00003cbc   Section        0  tlv320aic23b.o(.text)
    TLV320AIC23BWriteRegister                0x00003cbd   Thumb Code   148  tlv320aic23b.o(.text)
    .text                                    0x00003e68   Section        0  mmc-dk-lm3s9b96.o(.text)
    send_initial_clock_train                 0x00003e69   Thumb Code    64  mmc-dk-lm3s9b96.o(.text)
    power_on                                 0x00003ea9   Thumb Code   160  mmc-dk-lm3s9b96.o(.text)
    rcvr_datablock                           0x00003f49   Thumb Code    76  mmc-dk-lm3s9b96.o(.text)
    xmit_datablock                           0x00003f95   Thumb Code    80  mmc-dk-lm3s9b96.o(.text)
    send_cmd                                 0x00003fe5   Thumb Code   102  mmc-dk-lm3s9b96.o(.text)
    SELECT                                   0x00004473   Thumb Code    28  mmc-dk-lm3s9b96.o(.text)
    DESELECT                                 0x0000448f   Thumb Code    12  mmc-dk-lm3s9b96.o(.text)
    xmit_spi                                 0x0000449b   Thumb Code    22  mmc-dk-lm3s9b96.o(.text)
    rcvr_spi                                 0x000044b1   Thumb Code    26  mmc-dk-lm3s9b96.o(.text)
    wait_ready                               0x000044cb   Thumb Code    28  mmc-dk-lm3s9b96.o(.text)
    .text                                    0x000044f8   Section        0  memcpya.o(.text)
    .text                                    0x0000451c   Section        0  memseta.o(.text)
    .text                                    0x00004542   Section        0  strncpy.o(.text)
    .text                                    0x0000455a   Section        0  memcmp.o(.text)
    .text                                    0x00004574   Section       36  init.o(.text)
    .text                                    0x00004598   Section        0  __dczerorl2.o(.text)
    i.CanvasMsgProc                          0x000045f4   Section        0  canvas.o(i.CanvasMsgProc)
    i.ContainerMsgProc                       0x000047aa   Section        0  container.o(i.ContainerMsgProc)
    i.EPIAddressMapSet                       0x00004916   Section        0  epi.o(i.EPIAddressMapSet)
    i.EPIConfigGPModeSet                     0x0000491a   Section        0  epi.o(i.EPIConfigGPModeSet)
    i.EPIConfigHB8Set                        0x0000493c   Section        0  epi.o(i.EPIConfigHB8Set)
    i.EPIConfigSDRAMSet                      0x0000496a   Section        0  epi.o(i.EPIConfigSDRAMSet)
    i.EPIDividerSet                          0x00004976   Section        0  epi.o(i.EPIDividerSet)
    i.EPIModeSet                             0x0000497a   Section        0  epi.o(i.EPIModeSet)
    i.GPIODirModeSet                         0x0000497e   Section        0  gpio.o(i.GPIODirModeSet)
    i.GPIOPadConfigSet                       0x000049a6   Section        0  gpio.o(i.GPIOPadConfigSet)
    i.GPIOPinConfigure                       0x00004a58   Section        0  gpio.o(i.GPIOPinConfigure)
    i.GPIOPinRead                            0x00004aa0   Section        0  gpio.o(i.GPIOPinRead)
    i.GPIOPinTypeGPIOInput                   0x00004aa6   Section        0  gpio.o(i.GPIOPinTypeGPIOInput)
    i.GPIOPinTypeGPIOOutput                  0x00004ac2   Section        0  gpio.o(i.GPIOPinTypeGPIOOutput)
    i.GPIOPinTypeI2C                         0x00004ade   Section        0  gpio.o(i.GPIOPinTypeI2C)
    i.GPIOPinTypeI2S                         0x00004afa   Section        0  gpio.o(i.GPIOPinTypeI2S)
    i.GPIOPinTypeSSI                         0x00004b16   Section        0  gpio.o(i.GPIOPinTypeSSI)
    i.GPIOPinTypeUART                        0x00004b32   Section        0  gpio.o(i.GPIOPinTypeUART)
    i.GPIOPinWrite                           0x00004b4e   Section        0  gpio.o(i.GPIOPinWrite)
    i.GrCircleDraw                           0x00004b54   Section        0  circle.o(i.GrCircleDraw)
    i.GrCircleFill                           0x00004d52   Section        0  circle.o(i.GrCircleFill)
    i.GrContextClipRegionSet                 0x00004e78   Section        0  context.o(i.GrContextClipRegionSet)
    i.GrContextFontSet                       0x00004ee8   Section        0  string.o(i.GrContextFontSet)
    i.GrContextInit                          0x00004ef0   Section        0  context.o(i.GrContextInit)
    i.GrDefaultStringRenderer                0x00004f54   Section        0  string.o(i.GrDefaultStringRenderer)
    i.GrFontBaselineGet                      0x0000506c   Section        0  string.o(i.GrFontBaselineGet)
    i.GrFontGlyphDataGet                     0x00005098   Section        0  string.o(i.GrFontGlyphDataGet)
    i.GrFontGlyphRender                      0x0000513e   Section        0  string.o(i.GrFontGlyphRender)
    i.GrFontHeightGet                        0x000053c4   Section        0  string.o(i.GrFontHeightGet)
    i.GrImageDraw                            0x000053f0   Section        0  image.o(i.GrImageDraw)
    i.GrLineDraw                             0x00005408   Section        0  line.o(i.GrLineDraw)
    i.GrLineDrawH                            0x00005684   Section        0  line.o(i.GrLineDrawH)
    i.GrLineDrawV                            0x000056d0   Section        0  line.o(i.GrLineDrawV)
    i.GrMapISO8859_1_Unicode                 0x0000571c   Section        0  charmap.o(i.GrMapISO8859_1_Unicode)
    i.GrRectDraw                             0x00005724   Section        0  rectangle.o(i.GrRectDraw)
    i.GrRectFill                             0x00005790   Section        0  rectangle.o(i.GrRectFill)
    i.GrStringDraw                           0x00005844   Section        0  string.o(i.GrStringDraw)
    i.GrStringWidthGet                       0x0000585a   Section        0  string.o(i.GrStringWidthGet)
    i.I2CMasterBusy                          0x0000591a   Section        0  i2c.o(i.I2CMasterBusy)
    i.I2CMasterControl                       0x00005926   Section        0  i2c.o(i.I2CMasterControl)
    i.I2CMasterDataPut                       0x0000592a   Section        0  i2c.o(i.I2CMasterDataPut)
    i.I2CMasterEnable                        0x0000592e   Section        0  i2c.o(i.I2CMasterEnable)
    i.I2CMasterErr                           0x00005938   Section        0  i2c.o(i.I2CMasterErr)
    i.I2CMasterInitExpClk                    0x00005950   Section        0  i2c.o(i.I2CMasterInitExpClk)
    i.I2CMasterIntClear                      0x000059a4   Section        0  i2c.o(i.I2CMasterIntClear)
    i.I2CMasterIntStatus                     0x000059ac   Section        0  i2c.o(i.I2CMasterIntStatus)
    i.I2CMasterSlaveAddrSet                  0x000059c4   Section        0  i2c.o(i.I2CMasterSlaveAddrSet)
    i.I2SIntClear                            0x000059cc   Section        0  i2s.o(i.I2SIntClear)
    i.I2SIntStatus                           0x000059d2   Section        0  i2s.o(i.I2SIntStatus)
    i.I2SMasterClockSelect                   0x000059e0   Section        0  i2s.o(i.I2SMasterClockSelect)
    i.I2SRxConfigSet                         0x000059f2   Section        0  i2s.o(i.I2SRxConfigSet)
    i.I2SRxEnable                            0x00005a2e   Section        0  i2s.o(i.I2SRxEnable)
    i.I2SRxFIFOLimitSet                      0x00005a44   Section        0  i2s.o(i.I2SRxFIFOLimitSet)
    i.I2STxConfigSet                         0x00005a4a   Section        0  i2s.o(i.I2STxConfigSet)
    i.I2STxDisable                           0x00005a60   Section        0  i2s.o(i.I2STxDisable)
    i.I2STxEnable                            0x00005a70   Section        0  i2s.o(i.I2STxEnable)
    i.I2STxFIFOLimitSet                      0x00005a84   Section        0  i2s.o(i.I2STxFIFOLimitSet)
    i.I2STxRxEnable                          0x00005a88   Section        0  i2s.o(i.I2STxRxEnable)
    i.IntDisable                             0x00005aa0   Section        0  interrupt.o(i.IntDisable)
    i.IntEnable                              0x00005b04   Section        0  interrupt.o(i.IntEnable)
    i.InternalImageDraw                      0x00005b68   Section        0  image.o(i.InternalImageDraw)
    InternalImageDraw                        0x00005b69   Thumb Code   848  image.o(i.InternalImageDraw)
    i.PixelTransparentDraw                   0x00005ebc   Section        0  image.o(i.PixelTransparentDraw)
    PixelTransparentDraw                     0x00005ebd   Thumb Code   676  image.o(i.PixelTransparentDraw)
    i.RadioButtonClick                       0x00006160   Section        0  radiobutton.o(i.RadioButtonClick)
    RadioButtonClick                         0x00006161   Thumb Code   146  radiobutton.o(i.RadioButtonClick)
    i.RadioButtonMsgProc                     0x000061f8   Section        0  radiobutton.o(i.RadioButtonMsgProc)
    i.RadioButtonPaint                       0x00006222   Section        0  radiobutton.o(i.RadioButtonPaint)
    RadioButtonPaint                         0x00006223   Thumb Code   490  radiobutton.o(i.RadioButtonPaint)
    i.RectangularButtonMsgProc               0x0000640c   Section        0  pushbutton.o(i.RectangularButtonMsgProc)
    i.RectangularButtonPaint                 0x0000652c   Section        0  pushbutton.o(i.RectangularButtonPaint)
    RectangularButtonPaint                   0x0000652d   Thumb Code   404  pushbutton.o(i.RectangularButtonPaint)
    i.SSIConfigSetExpClk                     0x000066c0   Section        0  ssi.o(i.SSIConfigSetExpClk)
    i.SSIDataGet                             0x0000670a   Section        0  ssi.o(i.SSIDataGet)
    i.SSIDataPut                             0x00006718   Section        0  ssi.o(i.SSIDataPut)
    i.SSIDisable                             0x00006724   Section        0  ssi.o(i.SSIDisable)
    i.SSIEnable                              0x0000672e   Section        0  ssi.o(i.SSIEnable)
    i.SysCtlClockGet                         0x00006738   Section        0  sysctl.o(i.SysCtlClockGet)
    i.SysCtlI2SMClkSet                       0x00006968   Section        0  sysctl.o(i.SysCtlI2SMClkSet)
    i.SysCtlPeripheralEnable                 0x00006a40   Section        0  sysctl.o(i.SysCtlPeripheralEnable)
    i.SysCtlPeripheralReset                  0x00006a90   Section        0  sysctl.o(i.SysCtlPeripheralReset)
    i.SysTickIntEnable                       0x00006b08   Section        0  systick.o(i.SysTickIntEnable)
    i.SysTickPeriodSet                       0x00006b16   Section        0  systick.o(i.SysTickPeriodSet)
    i.UARTCharGet                            0x00006b20   Section        0  uart.o(i.UARTCharGet)
    i.UARTCharPut                            0x00006b2c   Section        0  uart.o(i.UARTCharPut)
    i.UARTConfigSetExpClk                    0x00006b38   Section        0  uart.o(i.UARTConfigSetExpClk)
    i.UARTDisable                            0x00006ba6   Section        0  uart.o(i.UARTDisable)
    i.UARTEnable                             0x00006bc4   Section        0  uart.o(i.UARTEnable)
    i.UpdateContextCharMapping               0x00006bd8   Section        0  string.o(i.UpdateContextCharMapping)
    UpdateContextCharMapping                 0x00006bd9   Thumb Code   108  string.o(i.UpdateContextCharMapping)
    i.WidgetAdd                              0x00006c44   Section        0  widget.o(i.WidgetAdd)
    i.WidgetDefaultMsgProc                   0x00006c6a   Section        0  widget.o(i.WidgetDefaultMsgProc)
    i.WidgetMessageQueueAdd                  0x00006c70   Section        0  widget.o(i.WidgetMessageQueueAdd)
    i.WidgetMessageQueueProcess              0x00006d54   Section        0  widget.o(i.WidgetMessageQueueProcess)
    i.WidgetMessageSendPostOrder             0x00006e00   Section        0  widget.o(i.WidgetMessageSendPostOrder)
    i.WidgetPointerMessage                   0x00006ed8   Section        0  widget.o(i.WidgetPointerMessage)
    i.WidgetRemove                           0x00006ef8   Section        0  widget.o(i.WidgetRemove)
    i.__0sprintf$0                           0x00006f94   Section        0  printf0.o(i.__0sprintf$0)
    i.__scatterload_copy                     0x00006fb8   Section       14  handlers.o(i.__scatterload_copy)
    i.__scatterload_null                     0x00006fc6   Section        2  handlers.o(i.__scatterload_null)
    i.__scatterload_zeroinit                 0x00006fc8   Section       14  handlers.o(i.__scatterload_zeroinit)
    i._printf_core                           0x00006fd6   Section        0  printf0.o(i._printf_core)
    _printf_core                             0x00006fd7   Thumb Code    34  printf0.o(i._printf_core)
    i._sputc                                 0x00006ff8   Section        0  printf0.o(i._sputc)
    _sputc                                   0x00006ff9   Thumb Code    10  printf0.o(i._sputc)
    i.uDMAChannelAttributeDisable            0x00007004   Section        0  udma.o(i.uDMAChannelAttributeDisable)
    i.uDMAChannelAttributeEnable             0x0000704c   Section        0  udma.o(i.uDMAChannelAttributeEnable)
    i.uDMAChannelControlSet                  0x00007094   Section        0  udma.o(i.uDMAChannelControlSet)
    i.uDMAChannelEnable                      0x000070b4   Section        0  udma.o(i.uDMAChannelEnable)
    i.uDMAChannelModeGet                     0x000070c8   Section        0  udma.o(i.uDMAChannelModeGet)
    i.uDMAChannelTransferSet                 0x000070f0   Section        0  udma.o(i.uDMAChannelTransferSet)
    .constdata                               0x00007170   Section       40  kitronix320x240x16_ssd2119_8bit.o(.constdata)
    .constdata                               0x00007198   Section      292  set_pinout.o(.constdata)
    g_psEPIPinInfo                           0x000071bc   Data         256  set_pinout.o(.constdata)
    .constdata                               0x000072bc   Section       84  touch.o(.constdata)
    .constdata                               0x00007310   Section    51974  bus.o(.constdata)
    .constdata                               0x00013e16   Section      430  nixietubeconfigure.o(.constdata)
    NixieTubeCodeTable                       0x00013e16   Data          86  nixietubeconfigure.o(.constdata)
    NixieTubeSpecialCodeTable                0x00013e6c   Data         344  nixietubeconfigure.o(.constdata)
    .constdata                               0x00013fc4   Section       13  tlv320aic23b.o(.constdata)
    pucVolumeTable                           0x00013fc4   Data          13  tlv320aic23b.o(.constdata)
    .constdata                               0x00013fd4   Section       16  context.o(.constdata)
    .constdata                               0x00013fe4   Section     1300  fontcmss12.o(.constdata)
    g_pucCmss12Data                          0x00013fe4   Data        1300  fontcmss12.o(.constdata)
    .constdata                               0x000144f8   Section      200  fontcmss12.o(.constdata)
    .constdata                               0x000145c0   Section     1479  fontcmss12b.o(.constdata)
    g_pucCmss12bData                         0x000145c0   Data        1479  fontcmss12b.o(.constdata)
    .constdata                               0x00014b88   Section      200  fontcmss12b.o(.constdata)
    .constdata                               0x00014c50   Section     1545  fontcmss14.o(.constdata)
    g_pucCmss14Data                          0x00014c50   Data        1545  fontcmss14.o(.constdata)
    .constdata                               0x0001525c   Section      200  fontcmss14.o(.constdata)
    .constdata                               0x00015324   Section     1738  fontcmss16b.o(.constdata)
    g_pucCmss16bData                         0x00015324   Data        1738  fontcmss16b.o(.constdata)
    .constdata                               0x000159f0   Section      200  fontcmss16b.o(.constdata)
    .constdata                               0x00015ab8   Section     1922  fontcmss18b.o(.constdata)
    g_pucCmss18bData                         0x00015ab8   Data        1922  fontcmss18b.o(.constdata)
    .constdata                               0x0001623c   Section      200  fontcmss18b.o(.constdata)
    .constdata                               0x00016304   Section     2192  fontcmss20b.o(.constdata)
    g_pucCmss20bData                         0x00016304   Data        2192  fontcmss20b.o(.constdata)
    .constdata                               0x00016b94   Section      200  fontcmss20b.o(.constdata)
    .constdata                               0x00016c5c   Section     2334  fontcmss22b.o(.constdata)
    g_pucCmss22bData                         0x00016c5c   Data        2334  fontcmss22b.o(.constdata)
    .constdata                               0x0001757c   Section      200  fontcmss22b.o(.constdata)
    .constdata                               0x00017644   Section      120  gpio.o(.constdata)
    g_pulGPIOBaseAddrs                       0x00017644   Data         120  gpio.o(.constdata)
    .constdata                               0x000176bc   Section      268  interrupt.o(.constdata)
    g_pulPriority                            0x000176bc   Data          32  interrupt.o(.constdata)
    g_pulRegs                                0x000176dc   Data         156  interrupt.o(.constdata)
    g_pulEnRegs                              0x00017778   Data          20  interrupt.o(.constdata)
    g_pulDisRegs                             0x0001778c   Data          20  interrupt.o(.constdata)
    g_pulPendRegs                            0x000177a0   Data          20  interrupt.o(.constdata)
    g_pulUnpendRegs                          0x000177b4   Data          20  interrupt.o(.constdata)
    .constdata                               0x000177c8   Section      460  sysctl.o(.constdata)
    g_pulDCRegs                              0x000177c8   Data          16  sysctl.o(.constdata)
    g_pulSRCRRegs                            0x000177d8   Data          12  sysctl.o(.constdata)
    g_pulRCGCRegs                            0x000177e4   Data          12  sysctl.o(.constdata)
    g_pulSCGCRegs                            0x000177f0   Data          12  sysctl.o(.constdata)
    g_pulDCGCRegs                            0x000177fc   Data          12  sysctl.o(.constdata)
    g_pulXtals                               0x00017808   Data         108  sysctl.o(.constdata)
    g_ppulPeripheralMap                      0x00017874   Data         288  sysctl.o(.constdata)
    .conststring                             0x00017994   Section      273  main.o(.conststring)
    .data                                    0x20000000   Section     1700  main.o(.data)
    usCount                                  0x20000000   Data           2  main.o(.data)
    g_usMinutes                              0x20000002   Data           2  main.o(.data)
    g_usSeconds                              0x20000004   Data           2  main.o(.data)
    g_ulBytesPlayed                          0x20000018   Data           4  main.o(.data)
    g_ulNextUpdate                           0x2000001c   Data           4  main.o(.data)
    g_ulFlags                                0x20000024   Data           4  main.o(.data)
    g_ulBytesRemaining                       0x20000028   Data           4  main.o(.data)
    .data                                    0x200006a4   Section        8  kitronix320x240x16_ssd2119_8bit.o(.data)
    .data                                    0x200006ac   Section        2  set_pinout.o(.data)
    .data                                    0x200006b0   Section       20  touch.o(.data)
    g_cState                                 0x200006b0   Data           1  touch.o(.data)
    g_cIndex                                 0x200006b1   Data           1  touch.o(.data)
    g_ulTSState                              0x200006bc   Data           4  touch.o(.data)
    g_pfnTSHandler                           0x200006c0   Data           4  touch.o(.data)
    .data                                    0x200006c4   Section        4  sysctlconfigure.o(.data)
    .data                                    0x200006c8   Section       12  nixietubeconfigure.o(.data)
    .data                                    0x200006d4   Section        1  nixietubeconfigure.o(.data)
    .data                                    0x200006d8   Section       60  sound.o(.data)
    g_ucVolume                               0x200006d8   Data           1  sound.o(.data)
    g_ulMusicCount                           0x200006da   Data           2  sound.o(.data)
    g_ulMusicSize                            0x200006dc   Data           2  sound.o(.data)
    g_usChannels                             0x200006de   Data           2  sound.o(.data)
    g_usBitsPerSample                        0x200006e0   Data           2  sound.o(.data)
    g_pusMusic                               0x200006e4   Data           4  sound.o(.data)
    g_ulFrequency                            0x200006e8   Data           4  sound.o(.data)
    g_ulDACStep                              0x200006ec   Data           4  sound.o(.data)
    g_ulSize                                 0x200006f0   Data           4  sound.o(.data)
    g_ulTicks                                0x200006f4   Data           4  sound.o(.data)
    g_pvFIFORecord                           0x200006f8   Data           4  sound.o(.data)
    g_ulDMAFlags                             0x200006fc   Data           4  sound.o(.data)
    g_ulPlaying                              0x20000700   Data           4  sound.o(.data)
    g_ulRecording                            0x20000704   Data           4  sound.o(.data)
    g_ulSampleRate                           0x20000708   Data           4  sound.o(.data)
    .data                                    0x20000714   Section       12  ff.o(.data)
    fsid                                     0x20000714   Data           2  ff.o(.data)
    FatFs                                    0x20000718   Data           8  ff.o(.data)
    .data                                    0x20000720   Section        2  tlv320aic23b.o(.data)
    g_ucHPVolume                             0x20000720   Data           1  tlv320aic23b.o(.data)
    g_ucEnabled                              0x20000721   Data           1  tlv320aic23b.o(.data)
    .data                                    0x20000722   Section        5  mmc-dk-lm3s9b96.o(.data)
    Stat                                     0x20000722   Data           1  mmc-dk-lm3s9b96.o(.data)
    PowerFlag                                0x20000723   Data           1  mmc-dk-lm3s9b96.o(.data)
    Timer1                                   0x20000724   Data           1  mmc-dk-lm3s9b96.o(.data)
    Timer2                                   0x20000725   Data           1  mmc-dk-lm3s9b96.o(.data)
    CardType                                 0x20000726   Data           1  mmc-dk-lm3s9b96.o(.data)
    .data                                    0x20000728   Section        4  context.o(.data)
    g_psGrLibDefaults                        0x20000728   Data           4  context.o(.data)
    .data                                    0x2000072c   Section       48  widget.o(.data)
    g_ucMQMutex                              0x2000072c   Data           1  widget.o(.data)
    g_pPointerWidget                         0x20000730   Data           4  widget.o(.data)
    g_ulMQRead                               0x20000734   Data           4  widget.o(.data)
    g_ulMQWrite                              0x20000738   Data           4  widget.o(.data)
    .bss                                     0x20000800   Section     7936  main.o(.bss)
    g_sFatFs                                 0x20001000   Data         556  main.o(.bss)
    g_sDirObject                             0x2000122c   Data          20  main.o(.bss)
    g_sFileInfo                              0x20001240   Data          24  main.o(.bss)
    g_sFileObject                            0x20001258   Data         548  main.o(.bss)
    g_pucBuffer                              0x200016ec   Data        4096  main.o(.bss)
    g_sWaveHeader                            0x200026ec   Data          20  main.o(.bss)
    .bss                                     0x20002700   Section       16  touch.o(.bss)
    g_psSamples                              0x20002700   Data          16  touch.o(.bss)
    .bss                                     0x20002710   Section     2096  sound.o(.bss)
    g_pulTxBuf                               0x20002710   Data        2048  sound.o(.bss)
    g_sOutBuffers                            0x20002f10   Data          24  sound.o(.bss)
    g_sInBuffers                             0x20002f28   Data          24  sound.o(.bss)
    .bss                                     0x20002f40   Section       32  image.o(.bss)
    g_pucDictionary                          0x20002f40   Data          32  image.o(.bss)
    .bss                                     0x20002f60   Section      320  widget.o(.bss)
    g_pMQ                                    0x20002f60   Data         320  widget.o(.bss)
    STACK                                    0x200030a0   Section     1024  startup.o(STACK)
    StackMem                                 0x200030a0   Data           0  startup.o(STACK)

    Global Symbols

    Symbol Name                              Value     Ov Type        Size  Object(Section)

    BuildAttributes$$THM_ISAv4$P$D$K$B$S$PE$A:L22UL41UL21$X:L11$S22US41US21$IEEE1$IW$USESV6$~STKCKD$USESV7$~SHL$OTIME$ROPI$EBA8$MICROLIB$REQ8$PRES8$EABIv2 0x00000000   Number         0  anon$$obj.o ABSOLUTE
    __ARM_use_no_argv                        0x00000000   Number         0  main.o ABSOLUTE
    __Vectors                                0x00000000   Data           0  startup.o(RESET)
    _printf_a                                0x00000000   Number         0  stubs.o ABSOLUTE
    _printf_c                                0x00000000   Number         0  stubs.o ABSOLUTE
    _printf_charcount                        0x00000000   Number         0  stubs.o ABSOLUTE
    _printf_d                                0x00000000   Number         0  stubs.o ABSOLUTE
    _printf_e                                0x00000000   Number         0  stubs.o ABSOLUTE
    _printf_f                                0x00000000   Number         0  stubs.o ABSOLUTE
    _printf_flags                            0x00000000   Number         0  stubs.o ABSOLUTE
    _printf_fp_dec                           0x00000000   Number         0  stubs.o ABSOLUTE
    _printf_fp_hex                           0x00000000   Number         0  stubs.o ABSOLUTE
    _printf_g                                0x00000000   Number         0  stubs.o ABSOLUTE
    _printf_i                                0x00000000   Number         0  stubs.o ABSOLUTE
    _printf_int_dec                          0x00000000   Number         0  stubs.o ABSOLUTE
    _printf_l                                0x00000000   Number         0  stubs.o ABSOLUTE
    _printf_lc                               0x00000000   Number         0  stubs.o ABSOLUTE
    _printf_ll                               0x00000000   Number         0  stubs.o ABSOLUTE
    _printf_lld                              0x00000000   Number         0  stubs.o ABSOLUTE
    _printf_lli                              0x00000000   Number         0  stubs.o ABSOLUTE
    _printf_llo                              0x00000000   Number         0  stubs.o ABSOLUTE
    _printf_llu                              0x00000000   Number         0  stubs.o ABSOLUTE
    _printf_llx                              0x00000000   Number         0  stubs.o ABSOLUTE
    _printf_longlong_dec                     0x00000000   Number         0  stubs.o ABSOLUTE
    _printf_longlong_hex                     0x00000000   Number         0  stubs.o ABSOLUTE
    _printf_longlong_oct                     0x00000000   Number         0  stubs.o ABSOLUTE
    _printf_ls                               0x00000000   Number         0  stubs.o ABSOLUTE
    _printf_mbtowc                           0x00000000   Number         0  stubs.o ABSOLUTE
    _printf_n                                0x00000000   Number         0  stubs.o ABSOLUTE
    _printf_o                                0x00000000   Number         0  stubs.o ABSOLUTE
    _printf_p                                0x00000000   Number         0  stubs.o ABSOLUTE
    _printf_percent                          0x00000000   Number         0  stubs.o ABSOLUTE
    _printf_pre_padding                      0x00000000   Number         0  stubs.o ABSOLUTE
    _printf_return_value                     0x00000000   Number         0  stubs.o ABSOLUTE
    _printf_s                                0x00000000   Number         0  stubs.o ABSOLUTE
    _printf_sizespec                         0x00000000   Number         0  stubs.o ABSOLUTE
    _printf_str                              0x00000000   Number         0  stubs.o ABSOLUTE
    _printf_truncate_signed                  0x00000000   Number         0  stubs.o ABSOLUTE
    _printf_truncate_unsigned                0x00000000   Number         0  stubs.o ABSOLUTE
    _printf_u                                0x00000000   Number         0  stubs.o ABSOLUTE
    _printf_wc                               0x00000000   Number         0  stubs.o ABSOLUTE
    _printf_wctomb                           0x00000000   Number         0  stubs.o ABSOLUTE
    _printf_widthprec                        0x00000000   Number         0  stubs.o ABSOLUTE
    _printf_x                                0x00000000   Number         0  stubs.o ABSOLUTE
    Reset_Handler                            0x0000011d   Thumb Code     0  startup.o(RESET)
    __main                                   0x00000129   Thumb Code     0  entry.o(.ARM.Collect$$$$00000000)
    _main_stk                                0x00000129   Thumb Code     0  entry2.o(.ARM.Collect$$$$00000001)
    _main_scatterload                        0x0000012d   Thumb Code     0  entry5.o(.ARM.Collect$$$$00000004)
    __main_after_scatterload                 0x00000131   Thumb Code     0  entry5.o(.ARM.Collect$$$$00000004)
    _main_init                               0x00000131   Thumb Code     0  entry7.o(.ARM.Collect$$$$00000007)
    WidgetMutexGet                           0x0000013d   Thumb Code    20  widget.o(.emb_text)
    SysCtlDelay                              0x00000151   Thumb Code     6  sysctl.o(.emb_text)
    BufferCallback                           0x00000159   Thumb Code    36  main.o(.text)
    WaveOpen                                 0x0000017d   Thumb Code   264  main.o(.text)
    WaveClose                                0x00000285   Thumb Code     4  main.o(.text)
    Convert8Bit                              0x00000289   Thumb Code    20  main.o(.text)
    WaveStop                                 0x0000029d   Thumb Code    12  main.o(.text)
    WaveRead                                 0x000002a9   Thumb Code    64  main.o(.text)
    WavePlay                                 0x000002e9   Thumb Code   166  main.o(.text)
    SysTickHandler                           0x0000038f   Thumb Code     4  main.o(.text)
    gpaSound                                 0x00000393   Thumb Code   158  main.o(.text)
    scoreQueryButtonClick                    0x00000431   Thumb Code   190  main.o(.text)
    semesterChoose                           0x000004ef   Thumb Code   570  main.o(.text)
    booksQueryButtonClick                    0x00000729   Thumb Code   106  main.o(.text)
    showBooksData                            0x00000793   Thumb Code    60  main.o(.text)
    showNextBook                             0x000007cf   Thumb Code    60  main.o(.text)
    busQueryButtonClick                      0x0000080b   Thumb Code    98  main.o(.text)
    showMinhang2xuhui                        0x0000086d   Thumb Code  1010  main.o(.text)
    schoolBusPicture                         0x00000c5f   Thumb Code    36  main.o(.text)
    ecardSound                               0x00000c83   Thumb Code   160  main.o(.text)
    ecardQueryButtonClick                    0x00000d23   Thumb Code   130  main.o(.text)
    main                                     0x00000da5   Thumb Code   256  main.o(.text)
    Kitronix320x240x16_SSD2119Init           0x0000113b   Thumb Code   562  kitronix320x240x16_ssd2119_8bit.o(.text)
    PinoutSet                                0x00001913   Thumb Code   204  set_pinout.o(.text)
    TouchScreenIntHandler                    0x00001d15   Thumb Code   358  touch.o(.text)
    TouchScreenInit                          0x00001e7b   Thumb Code   314  touch.o(.text)
    TouchScreenCallbackSet                   0x00001fb5   Thumb Code     6  touch.o(.text)
    SysTickInitial                           0x00001fe9   Thumb Code    18  systickconfigure.o(.text)
    UART0Initial                             0x00002001   Thumb Code    44  uartconfigure.o(.text)
    UARTStringPut                            0x0000202d   Thumb Code    24  uartconfigure.o(.text)
    UARTStringGet                            0x00002045   Thumb Code    32  uartconfigure.o(.text)
    LEDOff                                   0x0000206d   Thumb Code    26  gpiodriverconfigure.o(.text)
    GPIOInitial                              0x00002087   Thumb Code   158  gpiodriverconfigure.o(.text)
    LEDOn                                    0x00002125   Thumb Code    28  gpiodriverconfigure.o(.text)
    LEDOverturn                              0x00002141   Thumb Code    34  gpiodriverconfigure.o(.text)
    KeyPress                                 0x00002163   Thumb Code    52  gpiodriverconfigure.o(.text)
    I2CMasterTransmit_Burst_2Bytes           0x000021b9   Thumb Code   100  i2cconfigure.o(.text)
    I2C0MasterInitial                        0x0000221d   Thumb Code   176  i2cconfigure.o(.text)
    I2CMasterSpeedSet                        0x000022cd   Thumb Code    44  i2cconfigure.o(.text)
    I2C0DeviceRefresh                        0x000022f9   Thumb Code    78  i2cconfigure.o(.text)
    NixieTubeCoding                          0x00002381   Thumb Code   306  nixietubeconfigure.o(.text)
    SoundBufferPlay                          0x00002533   Thumb Code   146  sound.o(.text)
    SoundInit                                0x000025ed   Thumb Code   180  sound.o(.text)
    SoundIntHandler                          0x000026a1   Thumb Code   180  sound.o(.text)
    SoundSetFormat                           0x00002755   Thumb Code   472  sound.o(.text)
    SoundPlay                                0x0000292d   Thumb Code    70  sound.o(.text)
    SoundSampleRateGet                       0x00002973   Thumb Code     6  sound.o(.text)
    SoundBufferRead                          0x00002979   Thumb Code   184  sound.o(.text)
    SoundVolumeSet                           0x00002a31   Thumb Code     8  sound.o(.text)
    SoundVolumeDown                          0x00002a39   Thumb Code    20  sound.o(.text)
    SoundVolumeGet                           0x00002a4d   Thumb Code     6  sound.o(.text)
    SoundVolumeUp                            0x00002a53   Thumb Code    22  sound.o(.text)
    f_mount                                  0x00003193   Thumb Code    50  ff.o(.text)
    f_open                                   0x000031c5   Thumb Code   306  ff.o(.text)
    f_read                                   0x000032f7   Thumb Code   336  ff.o(.text)
    f_write                                  0x00003447   Thumb Code   370  ff.o(.text)
    f_sync                                   0x000035b9   Thumb Code   118  ff.o(.text)
    f_close                                  0x0000362f   Thumb Code    18  ff.o(.text)
    f_lseek                                  0x00003641   Thumb Code   258  ff.o(.text)
    f_opendir                                0x00003743   Thumb Code    88  ff.o(.text)
    f_readdir                                0x0000379b   Thumb Code    98  ff.o(.text)
    f_stat                                   0x000037fd   Thumb Code    60  ff.o(.text)
    f_getfree                                0x00003839   Thumb Code   164  ff.o(.text)
    f_unlink                                 0x000038dd   Thumb Code   186  ff.o(.text)
    f_mkdir                                  0x00003997   Thumb Code   292  ff.o(.text)
    f_chmod                                  0x00003abb   Thumb Code    72  ff.o(.text)
    f_rename                                 0x00003b03   Thumb Code   176  ff.o(.text)
    TLV320AIC23BLineInVolumeSet              0x00003d51   Thumb Code    22  tlv320aic23b.o(.text)
    TLV320AIC23BHeadPhoneVolumeSet           0x00003d67   Thumb Code    56  tlv320aic23b.o(.text)
    TLV320AIC23BInit                         0x00003d9f   Thumb Code   174  tlv320aic23b.o(.text)
    TLV320AIC23BHeadPhoneVolumeGet           0x00003e4d   Thumb Code     6  tlv320aic23b.o(.text)
    disk_initialize                          0x0000404b   Thumb Code   338  mmc-dk-lm3s9b96.o(.text)
    disk_status                              0x0000419d   Thumb Code    12  mmc-dk-lm3s9b96.o(.text)
    disk_read                                0x000041a9   Thumb Code   176  mmc-dk-lm3s9b96.o(.text)
    disk_write                               0x00004259   Thumb Code   196  mmc-dk-lm3s9b96.o(.text)
    disk_ioctl                               0x0000431d   Thumb Code   316  mmc-dk-lm3s9b96.o(.text)
    disk_timerproc                           0x00004459   Thumb Code    22  mmc-dk-lm3s9b96.o(.text)
    get_fattime                              0x0000446f   Thumb Code     4  mmc-dk-lm3s9b96.o(.text)
    __aeabi_memcpy                           0x000044f9   Thumb Code    36  memcpya.o(.text)
    __aeabi_memcpy4                          0x000044f9   Thumb Code     0  memcpya.o(.text)
    __aeabi_memcpy8                          0x000044f9   Thumb Code     0  memcpya.o(.text)
    __aeabi_memset                           0x0000451d   Thumb Code    14  memseta.o(.text)
    __aeabi_memset4                          0x0000451d   Thumb Code     0  memseta.o(.text)
    __aeabi_memset8                          0x0000451d   Thumb Code     0  memseta.o(.text)
    __aeabi_memclr                           0x0000452b   Thumb Code     4  memseta.o(.text)
    __aeabi_memclr4                          0x0000452b   Thumb Code     0  memseta.o(.text)
    __aeabi_memclr8                          0x0000452b   Thumb Code     0  memseta.o(.text)
    _memset$wrapper                          0x0000452f   Thumb Code    20  memseta.o(.text)
    strncpy                                  0x00004543   Thumb Code    24  strncpy.o(.text)
    memcmp                                   0x0000455b   Thumb Code    26  memcmp.o(.text)
    __scatterload                            0x00004575   Thumb Code    28  init.o(.text)
    __scatterload_rt2                        0x00004575   Thumb Code     0  init.o(.text)
    __decompress                             0x00004599   Thumb Code     0  __dczerorl2.o(.text)
    __decompress1                            0x00004599   Thumb Code    92  __dczerorl2.o(.text)
    CanvasMsgProc                            0x000045f5   Thumb Code   438  canvas.o(i.CanvasMsgProc)
    ContainerMsgProc                         0x000047ab   Thumb Code   364  container.o(i.ContainerMsgProc)
    EPIAddressMapSet                         0x00004917   Thumb Code     4  epi.o(i.EPIAddressMapSet)
    EPIConfigGPModeSet                       0x0000491b   Thumb Code    34  epi.o(i.EPIConfigGPModeSet)
    EPIConfigHB8Set                          0x0000493d   Thumb Code    46  epi.o(i.EPIConfigHB8Set)
    EPIConfigSDRAMSet                        0x0000496b   Thumb Code    12  epi.o(i.EPIConfigSDRAMSet)
    EPIDividerSet                            0x00004977   Thumb Code     4  epi.o(i.EPIDividerSet)
    EPIModeSet                               0x0000497b   Thumb Code     4  epi.o(i.EPIModeSet)
    GPIODirModeSet                           0x0000497f   Thumb Code    40  gpio.o(i.GPIODirModeSet)
    GPIOPadConfigSet                         0x000049a7   Thumb Code   176  gpio.o(i.GPIOPadConfigSet)
    GPIOPinConfigure                         0x00004a59   Thumb Code    64  gpio.o(i.GPIOPinConfigure)
    GPIOPinRead                              0x00004aa1   Thumb Code     6  gpio.o(i.GPIOPinRead)
    GPIOPinTypeGPIOInput                     0x00004aa7   Thumb Code    28  gpio.o(i.GPIOPinTypeGPIOInput)
    GPIOPinTypeGPIOOutput                    0x00004ac3   Thumb Code    28  gpio.o(i.GPIOPinTypeGPIOOutput)
    GPIOPinTypeI2C                           0x00004adf   Thumb Code    28  gpio.o(i.GPIOPinTypeI2C)
    GPIOPinTypeI2S                           0x00004afb   Thumb Code    28  gpio.o(i.GPIOPinTypeI2S)
    GPIOPinTypeSSI                           0x00004b17   Thumb Code    28  gpio.o(i.GPIOPinTypeSSI)
    GPIOPinTypeUART                          0x00004b33   Thumb Code    28  gpio.o(i.GPIOPinTypeUART)
    GPIOPinWrite                             0x00004b4f   Thumb Code     6  gpio.o(i.GPIOPinWrite)
    GrCircleDraw                             0x00004b55   Thumb Code   510  circle.o(i.GrCircleDraw)
    GrCircleFill                             0x00004d53   Thumb Code   294  circle.o(i.GrCircleFill)
    GrContextClipRegionSet                   0x00004e79   Thumb Code   112  context.o(i.GrContextClipRegionSet)
    GrContextFontSet                         0x00004ee9   Thumb Code     6  string.o(i.GrContextFontSet)
    GrContextInit                            0x00004ef1   Thumb Code    88  context.o(i.GrContextInit)
    GrDefaultStringRenderer                  0x00004f55   Thumb Code   280  string.o(i.GrDefaultStringRenderer)
    GrFontBaselineGet                        0x0000506d   Thumb Code    44  string.o(i.GrFontBaselineGet)
    GrFontGlyphDataGet                       0x00005099   Thumb Code   166  string.o(i.GrFontGlyphDataGet)
    GrFontGlyphRender                        0x0000513f   Thumb Code   646  string.o(i.GrFontGlyphRender)
    GrFontHeightGet                          0x000053c5   Thumb Code    44  string.o(i.GrFontHeightGet)
    GrImageDraw                              0x000053f1   Thumb Code    24  image.o(i.GrImageDraw)
    GrLineDraw                               0x00005409   Thumb Code   636  line.o(i.GrLineDraw)
    GrLineDrawH                              0x00005685   Thumb Code    76  line.o(i.GrLineDrawH)
    GrLineDrawV                              0x000056d1   Thumb Code    76  line.o(i.GrLineDrawV)
    GrMapISO8859_1_Unicode                   0x0000571d   Thumb Code     8  charmap.o(i.GrMapISO8859_1_Unicode)
    GrRectDraw                               0x00005725   Thumb Code   108  rectangle.o(i.GrRectDraw)
    GrRectFill                               0x00005791   Thumb Code   180  rectangle.o(i.GrRectFill)
    GrStringDraw                             0x00005845   Thumb Code    22  string.o(i.GrStringDraw)
    GrStringWidthGet                         0x0000585b   Thumb Code   192  string.o(i.GrStringWidthGet)
    I2CMasterBusy                            0x0000591b   Thumb Code    12  i2c.o(i.I2CMasterBusy)
    I2CMasterControl                         0x00005927   Thumb Code     4  i2c.o(i.I2CMasterControl)
    I2CMasterDataPut                         0x0000592b   Thumb Code     4  i2c.o(i.I2CMasterDataPut)
    I2CMasterEnable                          0x0000592f   Thumb Code    10  i2c.o(i.I2CMasterEnable)
    I2CMasterErr                             0x00005939   Thumb Code    24  i2c.o(i.I2CMasterErr)
    I2CMasterInitExpClk                      0x00005951   Thumb Code    72  i2c.o(i.I2CMasterInitExpClk)
    I2CMasterIntClear                        0x000059a5   Thumb Code     8  i2c.o(i.I2CMasterIntClear)
    I2CMasterIntStatus                       0x000059ad   Thumb Code    24  i2c.o(i.I2CMasterIntStatus)
    I2CMasterSlaveAddrSet                    0x000059c5   Thumb Code     8  i2c.o(i.I2CMasterSlaveAddrSet)
    I2SIntClear                              0x000059cd   Thumb Code     6  i2s.o(i.I2SIntClear)
    I2SIntStatus                             0x000059d3   Thumb Code    14  i2s.o(i.I2SIntStatus)
    I2SMasterClockSelect                     0x000059e1   Thumb Code    18  i2s.o(i.I2SMasterClockSelect)
    I2SRxConfigSet                           0x000059f3   Thumb Code    60  i2s.o(i.I2SRxConfigSet)
    I2SRxEnable                              0x00005a2f   Thumb Code    22  i2s.o(i.I2SRxEnable)
    I2SRxFIFOLimitSet                        0x00005a45   Thumb Code     6  i2s.o(i.I2SRxFIFOLimitSet)
    I2STxConfigSet                           0x00005a4b   Thumb Code    22  i2s.o(i.I2STxConfigSet)
    I2STxDisable                             0x00005a61   Thumb Code    16  i2s.o(i.I2STxDisable)
    I2STxEnable                              0x00005a71   Thumb Code    20  i2s.o(i.I2STxEnable)
    I2STxFIFOLimitSet                        0x00005a85   Thumb Code     4  i2s.o(i.I2STxFIFOLimitSet)
    I2STxRxEnable                            0x00005a89   Thumb Code    24  i2s.o(i.I2STxRxEnable)
    IntDisable                               0x00005aa1   Thumb Code    92  interrupt.o(i.IntDisable)
    IntEnable                                0x00005b05   Thumb Code    92  interrupt.o(i.IntEnable)
    RadioButtonMsgProc                       0x000061f9   Thumb Code    42  radiobutton.o(i.RadioButtonMsgProc)
    RectangularButtonMsgProc                 0x0000640d   Thumb Code   288  pushbutton.o(i.RectangularButtonMsgProc)
    SSIConfigSetExpClk                       0x000066c1   Thumb Code    74  ssi.o(i.SSIConfigSetExpClk)
    SSIDataGet                               0x0000670b   Thumb Code    14  ssi.o(i.SSIDataGet)
    SSIDataPut                               0x00006719   Thumb Code    12  ssi.o(i.SSIDataPut)
    SSIDisable                               0x00006725   Thumb Code    10  ssi.o(i.SSIDisable)
    SSIEnable                                0x0000672f   Thumb Code    10  ssi.o(i.SSIEnable)
    SysCtlClockGet                           0x00006739   Thumb Code   514  sysctl.o(i.SysCtlClockGet)
    SysCtlI2SMClkSet                         0x00006969   Thumb Code   204  sysctl.o(i.SysCtlI2SMClkSet)
    SysCtlPeripheralEnable                   0x00006a41   Thumb Code    70  sysctl.o(i.SysCtlPeripheralEnable)
    SysCtlPeripheralReset                    0x00006a91   Thumb Code   110  sysctl.o(i.SysCtlPeripheralReset)
    SysTickIntEnable                         0x00006b09   Thumb Code    14  systick.o(i.SysTickIntEnable)
    SysTickPeriodSet                         0x00006b17   Thumb Code    10  systick.o(i.SysTickPeriodSet)
    UARTCharGet                              0x00006b21   Thumb Code    12  uart.o(i.UARTCharGet)
    UARTCharPut                              0x00006b2d   Thumb Code    12  uart.o(i.UARTCharPut)
    UARTConfigSetExpClk                      0x00006b39   Thumb Code   110  uart.o(i.UARTConfigSetExpClk)
    UARTDisable                              0x00006ba7   Thumb Code    30  uart.o(i.UARTDisable)
    UARTEnable                               0x00006bc5   Thumb Code    20  uart.o(i.UARTEnable)
    WidgetAdd                                0x00006c45   Thumb Code    38  widget.o(i.WidgetAdd)
    WidgetDefaultMsgProc                     0x00006c6b   Thumb Code     4  widget.o(i.WidgetDefaultMsgProc)
    WidgetMessageQueueAdd                    0x00006c71   Thumb Code   218  widget.o(i.WidgetMessageQueueAdd)
    WidgetMessageQueueProcess                0x00006d55   Thumb Code   164  widget.o(i.WidgetMessageQueueProcess)
    WidgetMessageSendPostOrder               0x00006e01   Thumb Code   208  widget.o(i.WidgetMessageSendPostOrder)
    WidgetPointerMessage                     0x00006ed9   Thumb Code    28  widget.o(i.WidgetPointerMessage)
    WidgetRemove                             0x00006ef9   Thumb Code   150  widget.o(i.WidgetRemove)
    __0sprintf$0                             0x00006f95   Thumb Code    32  printf0.o(i.__0sprintf$0)
    __1sprintf$0                             0x00006f95   Thumb Code     0  printf0.o(i.__0sprintf$0)
    __2sprintf                               0x00006f95   Thumb Code     0  printf0.o(i.__0sprintf$0)
    __scatterload_copy                       0x00006fb9   Thumb Code    14  handlers.o(i.__scatterload_copy)
    __scatterload_null                       0x00006fc7   Thumb Code     2  handlers.o(i.__scatterload_null)
    __scatterload_zeroinit                   0x00006fc9   Thumb Code    14  handlers.o(i.__scatterload_zeroinit)
    uDMAChannelAttributeDisable              0x00007005   Thumb Code    66  udma.o(i.uDMAChannelAttributeDisable)
    uDMAChannelAttributeEnable               0x0000704d   Thumb Code    66  udma.o(i.uDMAChannelAttributeEnable)
    uDMAChannelControlSet                    0x00007095   Thumb Code    24  udma.o(i.uDMAChannelControlSet)
    uDMAChannelEnable                        0x000070b5   Thumb Code    16  udma.o(i.uDMAChannelEnable)
    uDMAChannelModeGet                       0x000070c9   Thumb Code    34  udma.o(i.uDMAChannelModeGet)
    uDMAChannelTransferSet                   0x000070f1   Thumb Code   124  udma.o(i.uDMAChannelTransferSet)
    g_sKitronix320x240x16_SSD2119            0x00007170   Data          40  kitronix320x240x16_ssd2119_8bit.o(.constdata)
    g_pulGPIOBase                            0x00007198   Data          36  set_pinout.o(.constdata)
    g_lTouchParameters                       0x000072bc   Data          84  touch.o(.constdata)
    g_pucImage                               0x00007310   Data       51974  bus.o(.constdata)
    g_psDefaultCodePointMapTable             0x00013fd4   Data          16  context.o(.constdata)
    g_sFontCmss12                            0x000144f8   Data         200  fontcmss12.o(.constdata)
    g_sFontCmss12b                           0x00014b88   Data         200  fontcmss12b.o(.constdata)
    g_sFontCmss14                            0x0001525c   Data         200  fontcmss14.o(.constdata)
    g_sFontCmss16b                           0x000159f0   Data         200  fontcmss16b.o(.constdata)
    g_sFontCmss18b                           0x0001623c   Data         200  fontcmss18b.o(.constdata)
    g_sFontCmss20b                           0x00016b94   Data         200  fontcmss20b.o(.constdata)
    g_sFontCmss22b                           0x0001757c   Data         200  fontcmss22b.o(.constdata)
    Region$$Table$$Base                      0x00017aa8   Number         0  anon$$obj.o(Region$$Table)
    Region$$Table$$Limit                     0x00017ac8   Number         0  anon$$obj.o(Region$$Table)
    c1                                       0x20000008   Data           4  main.o(.data)
    c2                                       0x2000000c   Data           4  main.o(.data)
    c3                                       0x20000010   Data           4  main.o(.data)
    c4                                       0x20000014   Data           4  main.o(.data)
    g_ulMaxBufferSize                        0x20000020   Data           4  main.o(.data)
    g_smHeading                              0x2000002c   Data          64  main.o(.data)
    g_sScoreQuery                            0x2000006c   Data          80  main.o(.data)
    g_sBooksQuery                            0x200000bc   Data          80  main.o(.data)
    g_sBusQuery                              0x2000010c   Data          80  main.o(.data)
    g_sEcardQuery                            0x2000015c   Data          80  main.o(.data)
    g_sQueryBackground                       0x200001ac   Data          64  main.o(.data)
    g_sScore                                 0x200001ec   Data          64  main.o(.data)
    g_gpa                                    0x2000022c   Data          64  main.o(.data)
    g_two1                                   0x2000026c   Data          64  main.o(.data)
    g_two2                                   0x200002ac   Data          64  main.o(.data)
    g_one1                                   0x200002ec   Data          64  main.o(.data)
    g_one2                                   0x2000032c   Data          64  main.o(.data)
    g_semester                               0x2000036c   Data          56  main.o(.data)
    g_sScoreBackground                       0x200003a4   Data          64  main.o(.data)
    g_sBooks                                 0x200003e4   Data          80  main.o(.data)
    g_sNext                                  0x20000434   Data          80  main.o(.data)
    g_details                                0x20000484   Data          64  main.o(.data)
    g_sBooksBackground                       0x200004c4   Data          64  main.o(.data)
    g_sBus                                   0x20000504   Data          80  main.o(.data)
    g_schoolBus                              0x20000554   Data          80  main.o(.data)
    g_sBusBackground                         0x200005a4   Data          64  main.o(.data)
    g_sEcard                                 0x200005e4   Data          64  main.o(.data)
    g_remaining                              0x20000624   Data          64  main.o(.data)
    g_sEcardBackground                       0x20000664   Data          64  main.o(.data)
    WriteData                                0x200006a4   Data           4  kitronix320x240x16_ssd2119_8bit.o(.data)
    WriteCommand                             0x200006a8   Data           4  kitronix320x240x16_ssd2119_8bit.o(.data)
    g_eDaughterType                          0x200006ac   Data           2  set_pinout.o(.data)
    g_sTouchMin                              0x200006b2   Data           2  touch.o(.data)
    g_sTouchX                                0x200006b4   Data           2  touch.o(.data)
    g_sTouchY                                0x200006b6   Data           2  touch.o(.data)
    g_plParmSet                              0x200006b8   Data           4  touch.o(.data)
    TheSysClock                              0x200006c4   Data           4  sysctlconfigure.o(.data)
    NixieTubeSlice                           0x200006c8   Data           1  nixietubeconfigure.o(.data)
    NixieTubeSegment                         0x200006c9   Data           1  nixietubeconfigure.o(.data)
    NixieTubeSelected1                       0x200006ca   Data           1  nixietubeconfigure.o(.data)
    NixieTubeSelected2                       0x200006cb   Data           1  nixietubeconfigure.o(.data)
    NixieTubeSpecialSignal1                  0x200006cc   Data           1  nixietubeconfigure.o(.data)
    NixieTubeSpecialSignal2                  0x200006cd   Data           1  nixietubeconfigure.o(.data)
    NixieTube                                0x200006ce   Data           6  nixietubeconfigure.o(.data)
    LEDSerial                                0x200006d4   Data           1  nixietubeconfigure.o(.data)
    g_sSample                                0x2000070c   Data           8  sound.o(.data)
    g_sRoot                                  0x2000073c   Data          32  widget.o(.data)
    sContext                                 0x20000800   Data          44  main.o(.bss)
    sDMAControlTable                         0x20000c00   Data        1024  main.o(.bss)
    g_pcFilenames                            0x2000147c   Data         624  main.o(.bss)
    __initial_sp                             0x200034a0   Data           0  startup.o(STACK)



==============================================================================

Memory Map of the image

  Image Entry point : 0x0000011d

  Load Region LR_IROM1 (Base: 0x00000000, Size: 0x00018224, Max: 0x00040000, ABSOLUTE, COMPRESSED[0x00017cb8])

    Execution Region ER_IROM1 (Base: 0x00000000, Size: 0x00017ac8, Max: 0x00040000, ABSOLUTE)

    Base Addr    Size         Type   Attr      Idx    E Section Name        Object

    0x00000000   0x00000128   Code   RO            3  * RESET               startup.o
    0x00000128   0x00000000   Code   RO         3138  * .ARM.Collect$$$$00000000  mc_w.l(entry.o)
    0x00000128   0x00000004   Code   RO         3412    .ARM.Collect$$$$00000001  mc_w.l(entry2.o)
    0x0000012c   0x00000004   Code   RO         3415    .ARM.Collect$$$$00000004  mc_w.l(entry5.o)
    0x00000130   0x00000008   Code   RO         3416    .ARM.Collect$$$$00000007  mc_w.l(entry7.o)
    0x00000138   0x00000004   Code   RO         3413    .ARM.Collect$$$$00002712  mc_w.l(entry2.o)
    0x0000013c   0x00000014   Code   RO          897    .emb_text           grlib-cm3.lib(widget.o)
    0x00000150   0x00000006   Code   RO         2074    .emb_text           driverlib-cm3.lib(sysctl.o)
    0x00000156   0x00000002   PAD
    0x00000158   0x00000e4c   Code   RO           11    .text               main.o
    0x00000fa4   0x000006f0   Code   RO          161    .text               kitronix320x240x16_ssd2119_8bit.o
    0x00001694   0x0000057c   Code   RO          189    .text               set_pinout.o
    0x00001c10   0x000003d8   Code   RO          214    .text               touch.o
    0x00001fe8   0x00000018   Code   RO          291    .text               systickconfigure.o
    0x00002000   0x0000006c   Code   RO          303    .text               uartconfigure.o
    0x0000206c   0x0000014c   Code   RO          318    .text               gpiodriverconfigure.o
    0x000021b8   0x000001c8   Code   RO          343    .text               i2cconfigure.o
    0x00002380   0x0000013c   Code   RO          355    .text               nixietubeconfigure.o
    0x000024bc   0x00000610   Code   RO          375    .text               sound.o
    0x00002acc   0x000011f0   Code   RO          401    .text               ff.o
    0x00003cbc   0x000001ac   Code   RO          444    .text               tlv320aic23b.o
    0x00003e68   0x00000690   Code   RO          463    .text               mmc-dk-lm3s9b96.o
    0x000044f8   0x00000024   Code   RO         3141    .text               mc_w.l(memcpya.o)
    0x0000451c   0x00000026   Code   RO         3143    .text               mc_w.l(memseta.o)
    0x00004542   0x00000018   Code   RO         3145    .text               mc_w.l(strncpy.o)
    0x0000455a   0x0000001a   Code   RO         3147    .text               mc_w.l(memcmp.o)
    0x00004574   0x00000024   Code   RO         3435    .text               mc_w.l(init.o)
    0x00004598   0x0000005c   Code   RO         3454    .text               mc_w.l(__dczerorl2.o)
    0x000045f4   0x000001b6   Code   RO          487    i.CanvasMsgProc     grlib-cm3.lib(canvas.o)
    0x000047aa   0x0000016c   Code   RO          519    i.ContainerMsgProc  grlib-cm3.lib(container.o)
    0x00004916   0x00000004   Code   RO          973    i.EPIAddressMapSet  driverlib-cm3.lib(epi.o)
    0x0000491a   0x00000022   Code   RO          974    i.EPIConfigGPModeSet  driverlib-cm3.lib(epi.o)
    0x0000493c   0x0000002e   Code   RO          976    i.EPIConfigHB8Set   driverlib-cm3.lib(epi.o)
    0x0000496a   0x0000000c   Code   RO          977    i.EPIConfigSDRAMSet  driverlib-cm3.lib(epi.o)
    0x00004976   0x00000004   Code   RO          978    i.EPIDividerSet     driverlib-cm3.lib(epi.o)
    0x0000497a   0x00000004   Code   RO          987    i.EPIModeSet        driverlib-cm3.lib(epi.o)
    0x0000497e   0x00000028   Code   RO         1149    i.GPIODirModeSet    driverlib-cm3.lib(gpio.o)
    0x000049a6   0x000000b0   Code   RO         1154    i.GPIOPadConfigSet  driverlib-cm3.lib(gpio.o)
    0x00004a56   0x00000002   PAD
    0x00004a58   0x00000048   Code   RO         1155    i.GPIOPinConfigure  driverlib-cm3.lib(gpio.o)
    0x00004aa0   0x00000006   Code   RO         1160    i.GPIOPinRead       driverlib-cm3.lib(gpio.o)
    0x00004aa6   0x0000001c   Code   RO         1168    i.GPIOPinTypeGPIOInput  driverlib-cm3.lib(gpio.o)
    0x00004ac2   0x0000001c   Code   RO         1169    i.GPIOPinTypeGPIOOutput  driverlib-cm3.lib(gpio.o)
    0x00004ade   0x0000001c   Code   RO         1171    i.GPIOPinTypeI2C    driverlib-cm3.lib(gpio.o)
    0x00004afa   0x0000001c   Code   RO         1173    i.GPIOPinTypeI2S    driverlib-cm3.lib(gpio.o)
    0x00004b16   0x0000001c   Code   RO         1179    i.GPIOPinTypeSSI    driverlib-cm3.lib(gpio.o)
    0x00004b32   0x0000001c   Code   RO         1181    i.GPIOPinTypeUART   driverlib-cm3.lib(gpio.o)
    0x00004b4e   0x00000006   Code   RO         1184    i.GPIOPinWrite      driverlib-cm3.lib(gpio.o)
    0x00004b54   0x000001fe   Code   RO         3057    i.GrCircleDraw      grlib-cm3.lib(circle.o)
    0x00004d52   0x00000126   Code   RO         3058    i.GrCircleFill      grlib-cm3.lib(circle.o)
    0x00004e78   0x00000070   Code   RO          539    i.GrContextClipRegionSet  grlib-cm3.lib(context.o)
    0x00004ee8   0x00000006   Code   RO          773    i.GrContextFontSet  grlib-cm3.lib(string.o)
    0x00004eee   0x00000002   PAD
    0x00004ef0   0x00000064   Code   RO          540    i.GrContextInit     grlib-cm3.lib(context.o)
    0x00004f54   0x00000118   Code   RO          774    i.GrDefaultStringRenderer  grlib-cm3.lib(string.o)
    0x0000506c   0x0000002c   Code   RO          775    i.GrFontBaselineGet  grlib-cm3.lib(string.o)
    0x00005098   0x000000a6   Code   RO          778    i.GrFontGlyphDataGet  grlib-cm3.lib(string.o)
    0x0000513e   0x00000286   Code   RO          779    i.GrFontGlyphRender  grlib-cm3.lib(string.o)
    0x000053c4   0x0000002c   Code   RO          780    i.GrFontHeightGet   grlib-cm3.lib(string.o)
    0x000053f0   0x00000018   Code   RO          665    i.GrImageDraw       grlib-cm3.lib(image.o)
    0x00005408   0x0000027c   Code   RO         3075    i.GrLineDraw        grlib-cm3.lib(line.o)
    0x00005684   0x0000004c   Code   RO         3076    i.GrLineDrawH       grlib-cm3.lib(line.o)
    0x000056d0   0x0000004c   Code   RO         3077    i.GrLineDrawV       grlib-cm3.lib(line.o)
    0x0000571c   0x00000008   Code   RO         2905    i.GrMapISO8859_1_Unicode  grlib-cm3.lib(charmap.o)
    0x00005724   0x0000006c   Code   RO         3098    i.GrRectDraw        grlib-cm3.lib(rectangle.o)
    0x00005790   0x000000b4   Code   RO         3099    i.GrRectFill        grlib-cm3.lib(rectangle.o)
    0x00005844   0x00000016   Code   RO          785    i.GrStringDraw      grlib-cm3.lib(string.o)
    0x0000585a   0x000000c0   Code   RO          790    i.GrStringWidthGet  grlib-cm3.lib(string.o)
    0x0000591a   0x0000000c   Code   RO         1427    i.I2CMasterBusy     driverlib-cm3.lib(i2c.o)
    0x00005926   0x00000004   Code   RO         1428    i.I2CMasterControl  driverlib-cm3.lib(i2c.o)
    0x0000592a   0x00000004   Code   RO         1430    i.I2CMasterDataPut  driverlib-cm3.lib(i2c.o)
    0x0000592e   0x0000000a   Code   RO         1432    i.I2CMasterEnable   driverlib-cm3.lib(i2c.o)
    0x00005938   0x00000018   Code   RO         1433    i.I2CMasterErr      driverlib-cm3.lib(i2c.o)
    0x00005950   0x00000054   Code   RO         1434    i.I2CMasterInitExpClk  driverlib-cm3.lib(i2c.o)
    0x000059a4   0x00000008   Code   RO         1435    i.I2CMasterIntClear  driverlib-cm3.lib(i2c.o)
    0x000059ac   0x00000018   Code   RO         1441    i.I2CMasterIntStatus  driverlib-cm3.lib(i2c.o)
    0x000059c4   0x00000008   Code   RO         1444    i.I2CMasterSlaveAddrSet  driverlib-cm3.lib(i2c.o)
    0x000059cc   0x00000006   Code   RO         1674    i.I2SIntClear       driverlib-cm3.lib(i2s.o)
    0x000059d2   0x0000000e   Code   RO         1678    i.I2SIntStatus      driverlib-cm3.lib(i2s.o)
    0x000059e0   0x00000012   Code   RO         1680    i.I2SMasterClockSelect  driverlib-cm3.lib(i2s.o)
    0x000059f2   0x0000003c   Code   RO         1681    i.I2SRxConfigSet    driverlib-cm3.lib(i2s.o)
    0x00005a2e   0x00000016   Code   RO         1685    i.I2SRxEnable       driverlib-cm3.lib(i2s.o)
    0x00005a44   0x00000006   Code   RO         1688    i.I2SRxFIFOLimitSet  driverlib-cm3.lib(i2s.o)
    0x00005a4a   0x00000016   Code   RO         1689    i.I2STxConfigSet    driverlib-cm3.lib(i2s.o)
    0x00005a60   0x00000010   Code   RO         1692    i.I2STxDisable      driverlib-cm3.lib(i2s.o)
    0x00005a70   0x00000014   Code   RO         1693    i.I2STxEnable       driverlib-cm3.lib(i2s.o)
    0x00005a84   0x00000004   Code   RO         1696    i.I2STxFIFOLimitSet  driverlib-cm3.lib(i2s.o)
    0x00005a88   0x00000018   Code   RO         1699    i.I2STxRxEnable     driverlib-cm3.lib(i2s.o)
    0x00005aa0   0x00000064   Code   RO         1843    i.IntDisable        driverlib-cm3.lib(interrupt.o)
    0x00005b04   0x00000064   Code   RO         1844    i.IntEnable         driverlib-cm3.lib(interrupt.o)
    0x00005b68   0x00000354   Code   RO          667    i.InternalImageDraw  grlib-cm3.lib(image.o)
    0x00005ebc   0x000002a4   Code   RO          668    i.PixelTransparentDraw  grlib-cm3.lib(image.o)
    0x00006160   0x00000098   Code   RO          741    i.RadioButtonClick  grlib-cm3.lib(radiobutton.o)
    0x000061f8   0x0000002a   Code   RO          743    i.RadioButtonMsgProc  grlib-cm3.lib(radiobutton.o)
    0x00006222   0x000001ea   Code   RO          744    i.RadioButtonPaint  grlib-cm3.lib(radiobutton.o)
    0x0000640c   0x00000120   Code   RO          702    i.RectangularButtonMsgProc  grlib-cm3.lib(pushbutton.o)
    0x0000652c   0x00000194   Code   RO          703    i.RectangularButtonPaint  grlib-cm3.lib(pushbutton.o)
    0x000066c0   0x0000004a   Code   RO         1955    i.SSIConfigSetExpClk  driverlib-cm3.lib(ssi.o)
    0x0000670a   0x0000000e   Code   RO         1958    i.SSIDataGet        driverlib-cm3.lib(ssi.o)
    0x00006718   0x0000000c   Code   RO         1960    i.SSIDataPut        driverlib-cm3.lib(ssi.o)
    0x00006724   0x0000000a   Code   RO         1962    i.SSIDisable        driverlib-cm3.lib(ssi.o)
    0x0000672e   0x0000000a   Code   RO         1963    i.SSIEnable         driverlib-cm3.lib(ssi.o)
    0x00006738   0x00000230   Code   RO         2079    i.SysCtlClockGet    driverlib-cm3.lib(sysctl.o)
    0x00006968   0x000000d8   Code   RO         2086    i.SysCtlI2SMClkSet  driverlib-cm3.lib(sysctl.o)
    0x00006a40   0x00000050   Code   RO         2107    i.SysCtlPeripheralEnable  driverlib-cm3.lib(sysctl.o)
    0x00006a90   0x00000078   Code   RO         2112    i.SysCtlPeripheralReset  driverlib-cm3.lib(sysctl.o)
    0x00006b08   0x0000000e   Code   RO         2382    i.SysTickIntEnable  driverlib-cm3.lib(systick.o)
    0x00006b16   0x0000000a   Code   RO         2386    i.SysTickPeriodSet  driverlib-cm3.lib(systick.o)
    0x00006b20   0x0000000c   Code   RO         2448    i.UARTCharGet       driverlib-cm3.lib(uart.o)
    0x00006b2c   0x0000000c   Code   RO         2450    i.UARTCharPut       driverlib-cm3.lib(uart.o)
    0x00006b38   0x0000006e   Code   RO         2456    i.UARTConfigSetExpClk  driverlib-cm3.lib(uart.o)
    0x00006ba6   0x0000001e   Code   RO         2459    i.UARTDisable       driverlib-cm3.lib(uart.o)
    0x00006bc4   0x00000014   Code   RO         2461    i.UARTEnable        driverlib-cm3.lib(uart.o)
    0x00006bd8   0x0000006c   Code   RO          791    i.UpdateContextCharMapping  grlib-cm3.lib(string.o)
    0x00006c44   0x00000026   Code   RO          898    i.WidgetAdd         grlib-cm3.lib(widget.o)
    0x00006c6a   0x00000004   Code   RO          899    i.WidgetDefaultMsgProc  grlib-cm3.lib(widget.o)
    0x00006c6e   0x00000002   PAD
    0x00006c70   0x000000e4   Code   RO          900    i.WidgetMessageQueueAdd  grlib-cm3.lib(widget.o)
    0x00006d54   0x000000ac   Code   RO          901    i.WidgetMessageQueueProcess  grlib-cm3.lib(widget.o)
    0x00006e00   0x000000d8   Code   RO          902    i.WidgetMessageSendPostOrder  grlib-cm3.lib(widget.o)
    0x00006ed8   0x00000020   Code   RO          906    i.WidgetPointerMessage  grlib-cm3.lib(widget.o)
    0x00006ef8   0x0000009c   Code   RO          907    i.WidgetRemove      grlib-cm3.lib(widget.o)
    0x00006f94   0x00000024   Code   RO         3176    i.__0sprintf$0      mc_w.l(printf0.o)
    0x00006fb8   0x0000000e   Code   RO         3448    i.__scatterload_copy  mc_w.l(handlers.o)
    0x00006fc6   0x00000002   Code   RO         3449    i.__scatterload_null  mc_w.l(handlers.o)
    0x00006fc8   0x0000000e   Code   RO         3450    i.__scatterload_zeroinit  mc_w.l(handlers.o)
    0x00006fd6   0x00000022   Code   RO         3181    i._printf_core      mc_w.l(printf0.o)
    0x00006ff8   0x0000000a   Code   RO         3183    i._sputc            mc_w.l(printf0.o)
    0x00007002   0x00000002   PAD
    0x00007004   0x00000048   Code   RO         2732    i.uDMAChannelAttributeDisable  driverlib-cm3.lib(udma.o)
    0x0000704c   0x00000048   Code   RO         2733    i.uDMAChannelAttributeEnable  driverlib-cm3.lib(udma.o)
    0x00007094   0x00000020   Code   RO         2735    i.uDMAChannelControlSet  driverlib-cm3.lib(udma.o)
    0x000070b4   0x00000014   Code   RO         2737    i.uDMAChannelEnable  driverlib-cm3.lib(udma.o)
    0x000070c8   0x00000028   Code   RO         2739    i.uDMAChannelModeGet  driverlib-cm3.lib(udma.o)
    0x000070f0   0x00000080   Code   RO         2745    i.uDMAChannelTransferSet  driverlib-cm3.lib(udma.o)
    0x00007170   0x00000028   Data   RO          162    .constdata          kitronix320x240x16_ssd2119_8bit.o
    0x00007198   0x00000124   Data   RO          190    .constdata          set_pinout.o
    0x000072bc   0x00000054   Data   RO          216    .constdata          touch.o
    0x00007310   0x0000cb06   Data   RO          331    .constdata          bus.o
    0x00013e16   0x000001ae   Data   RO          356    .constdata          nixietubeconfigure.o
    0x00013fc4   0x0000000d   Data   RO          445    .constdata          tlv320aic23b.o
    0x00013fd1   0x00000003   PAD
    0x00013fd4   0x00000010   Data   RO          542    .constdata          grlib-cm3.lib(context.o)
    0x00013fe4   0x00000514   Data   RO          567    .constdata          grlib-cm3.lib(fontcmss12.o)
    0x000144f8   0x000000c8   Data   RO          568    .constdata          grlib-cm3.lib(fontcmss12.o)
    0x000145c0   0x000005c7   Data   RO          581    .constdata          grlib-cm3.lib(fontcmss12b.o)
    0x00014b87   0x00000001   PAD
    0x00014b88   0x000000c8   Data   RO          582    .constdata          grlib-cm3.lib(fontcmss12b.o)
    0x00014c50   0x00000609   Data   RO          595    .constdata          grlib-cm3.lib(fontcmss14.o)
    0x00015259   0x00000003   PAD
    0x0001525c   0x000000c8   Data   RO          596    .constdata          grlib-cm3.lib(fontcmss14.o)
    0x00015324   0x000006ca   Data   RO          609    .constdata          grlib-cm3.lib(fontcmss16b.o)
    0x000159ee   0x00000002   PAD
    0x000159f0   0x000000c8   Data   RO          610    .constdata          grlib-cm3.lib(fontcmss16b.o)
    0x00015ab8   0x00000782   Data   RO          623    .constdata          grlib-cm3.lib(fontcmss18b.o)
    0x0001623a   0x00000002   PAD
    0x0001623c   0x000000c8   Data   RO          624    .constdata          grlib-cm3.lib(fontcmss18b.o)
    0x00016304   0x00000890   Data   RO          637    .constdata          grlib-cm3.lib(fontcmss20b.o)
    0x00016b94   0x000000c8   Data   RO          638    .constdata          grlib-cm3.lib(fontcmss20b.o)
    0x00016c5c   0x0000091e   Data   RO          651    .constdata          grlib-cm3.lib(fontcmss22b.o)
    0x0001757a   0x00000002   PAD
    0x0001757c   0x000000c8   Data   RO          652    .constdata          grlib-cm3.lib(fontcmss22b.o)
    0x00017644   0x00000078   Data   RO         1187    .constdata          driverlib-cm3.lib(gpio.o)
    0x000176bc   0x0000010c   Data   RO         1858    .constdata          driverlib-cm3.lib(interrupt.o)
    0x000177c8   0x000001cc   Data   RO         2123    .constdata          driverlib-cm3.lib(sysctl.o)
    0x00017994   0x00000111   Data   RO           14    .conststring        main.o
    0x00017aa5   0x00000003   PAD
    0x00017aa8   0x00000020   Data   RO         3446    Region$$Table       anon$$obj.o


    Execution Region RW_IRAM1 (Base: 0x20000000, Size: 0x000034a0, Max: 0x00018000, ABSOLUTE, COMPRESSED[0x000001f0])

    Base Addr    Size         Type   Attr      Idx    E Section Name        Object

    0x20000000   0x000006a4   Data   RW           15    .data               main.o
    0x200006a4   0x00000008   Data   RW          163    .data               kitronix320x240x16_ssd2119_8bit.o
    0x200006ac   0x00000002   Data   RW          191    .data               set_pinout.o
    0x200006ae   0x00000002   PAD
    0x200006b0   0x00000014   Data   RW          217    .data               touch.o
    0x200006c4   0x00000004   Data   RW          247    .data               sysctlconfigure.o
    0x200006c8   0x0000000c   Data   RW          357    .data               nixietubeconfigure.o
    0x200006d4   0x00000001   Data   RW          358    .data               nixietubeconfigure.o
    0x200006d5   0x00000003   PAD
    0x200006d8   0x0000003c   Data   RW          377    .data               sound.o
    0x20000714   0x0000000c   Data   RW          402    .data               ff.o
    0x20000720   0x00000002   Data   RW          446    .data               tlv320aic23b.o
    0x20000722   0x00000005   Data   RW          464    .data               mmc-dk-lm3s9b96.o
    0x20000727   0x00000001   PAD
    0x20000728   0x00000004   Data   RW          543    .data               grlib-cm3.lib(context.o)
    0x2000072c   0x00000030   Data   RW          909    .data               grlib-cm3.lib(widget.o)
    0x2000075c   0x000000a4   PAD
    0x20000800   0x00001f00   Zero   RW           12    .bss                main.o
    0x20002700   0x00000010   Zero   RW          215    .bss                touch.o
    0x20002710   0x00000830   Zero   RW          376    .bss                sound.o
    0x20002f40   0x00000020   Zero   RW          669    .bss                grlib-cm3.lib(image.o)
    0x20002f60   0x00000140   Zero   RW          908    .bss                grlib-cm3.lib(widget.o)
    0x200030a0   0x00000400   Zero   RW            1    STACK               startup.o


==============================================================================

Image component sizes


      Code (inc. data)   RO Data    RW Data    ZI Data      Debug   Object Name

         0          0      51974          0          0        389   bus.o
      4592         16          0         12          0      20918   ff.o
       332         40          0          0          0       2154   gpiodriverconfigure.o
       456         58          0          0          0       1431   i2cconfigure.o
      1776         58         40          8          0       8184   kitronix320x240x16_ssd2119_8bit.o
      3660        924        273       1700       7936      71818   main.o
      1680         48          0          5          0       7741   mmc-dk-lm3s9b96.o
       316         16        430         13          0       1698   nixietubeconfigure.o
      1404        106        292          2          0       6008   set_pinout.o
      1552        156          0         60       2096       6762   sound.o
       296        286          0          0       1024        212   startup.o
         0          0          0          4          0        186   sysctlconfigure.o
        24          6          0          0          0        405   systickconfigure.o
       428         22         13          2          0       4519   tlv320aic23b.o
       984         52         84         20         16       3656   touch.o
       108          8          0          0          0        963   uartconfigure.o

    ----------------------------------------------------------------------
     17608       1796      53144       1832      11072     137044   Object Totals
         0          0         32          0          0          0   (incl. Generated)
         0          0          6          6          0          1   (incl. Padding)

    ----------------------------------------------------------------------

      Code (inc. data)   RO Data    RW Data    ZI Data      Debug   Library Member Name

       104          0          0          0          0       5855   epi.o
       468          8        120          0          0       6376   gpio.o
       178         12          0          0          0       4721   i2c.o
       212          0          0          0          0       4653   i2s.o
       200         16        268          0          0       1773   interrupt.o
       120          0          0          0          0       2416   ssi.o
       982         78        460          0          0       4718   sysctl.o
        24          0          0          0          0        762   systick.o
       184          0          0          0          0       2907   uart.o
       364         34          0          0          0      13545   udma.o
       438          0          0          0          0      31294   canvas.o
         8          0          0          0          0        525   charmap.o
       804          0          0          0          0       3086   circle.o
       364          0          0          0          0       4531   container.o
       212         12         16          4          0       1716   context.o
         0          0       1500          0          0      24766   fontcmss12.o
         0          0       1679          0          0      24770   fontcmss12b.o
         0          0       1745          0          0      24766   fontcmss14.o
         0          0       1938          0          0      24770   fontcmss16b.o
         0          0       2122          0          0      24770   fontcmss18b.o
         0          0       2392          0          0      24770   fontcmss20b.o
         0          0       2534          0          0      24770   fontcmss22b.o
      1552          4          0          0         32       9386   image.o
       788          0          0          0          0       4447   line.o
       692          0          0          0          0       8555   pushbutton.o
       684          6          0          0          0       6721   radiobutton.o
       288          0          0          0          0       1795   rectangle.o
      1508          0          0          0          0      10464   string.o
       866         36          0         48        320       8107   widget.o
        92          0          0          0          0          0   __dczerorl2.o
         0          0          0          0          0          0   entry.o
         8          4          0          0          0          0   entry2.o
         4          0          0          0          0          0   entry5.o
         8          4          0          0          0          0   entry7.o
        30          0          0          0          0          0   handlers.o
        36          8          0          0          0         68   init.o
        26          0          0          0          0         80   memcmp.o
        36          0          0          0          0         68   memcpya.o
        38          0          0          0          0        108   memseta.o
        80          4          0          0          0        236   printf0.o
        24          0          0          0          0         76   strncpy.o

    ----------------------------------------------------------------------
     11432        226      14784         52        516     312371   Library Totals
        10          0         10          0        164          0   (incl. Padding)

    ----------------------------------------------------------------------

      Code (inc. data)   RO Data    RW Data    ZI Data      Debug   Library Name

      2836        148        848          0          0      47726   driverlib-cm3.lib
      8204         58      13926         52        352     264009   grlib-cm3.lib
       382         20          0          0          0        636   mc_w.l

    ----------------------------------------------------------------------
     11432        226      14784         52        516     312371   Library Totals

    ----------------------------------------------------------------------

==============================================================================


      Code (inc. data)   RO Data    RW Data    ZI Data      Debug   

     29040       2022      67928       1884      11588     442916   Grand Totals
     29040       2022      67928        496      11588     442916   ELF Image Totals (compressed)
     29040       2022      67928        496          0          0   ROM Totals

==============================================================================

    Total RO  Size (Code + RO Data)                96968 (  94.70kB)
    Total RW  Size (RW Data + ZI Data)             13472 (  13.16kB)
    Total ROM Size (Code + RO Data + RW Data)      97464 (  95.18kB)

==============================================================================

